	.text
	.syntax unified
	.eabi_attribute	67, "2.09"	@ Tag_conformance
	.cpu	cortex-m4
	.eabi_attribute	6, 13	@ Tag_CPU_arch
	.eabi_attribute	7, 77	@ Tag_CPU_arch_profile
	.eabi_attribute	8, 0	@ Tag_ARM_ISA_use
	.eabi_attribute	9, 2	@ Tag_THUMB_ISA_use
	.fpu	fpv4-sp-d16
	.eabi_attribute	27, 1	@ Tag_ABI_HardFP_use
	.eabi_attribute	36, 1	@ Tag_FP_HP_extension
	.eabi_attribute	34, 1	@ Tag_CPU_unaligned_access
	.eabi_attribute	17, 1	@ Tag_ABI_PCS_GOT_use
	.eabi_attribute	20, 2	@ Tag_ABI_FP_denormal
	.eabi_attribute	21, 0	@ Tag_ABI_FP_exceptions
	.eabi_attribute	23, 1	@ Tag_ABI_FP_number_model
	.eabi_attribute	24, 1	@ Tag_ABI_align_needed
	.eabi_attribute	25, 1	@ Tag_ABI_align_preserved
	.eabi_attribute	28, 1	@ Tag_ABI_VFP_args
	.eabi_attribute	38, 1	@ Tag_ABI_FP_16bit_format
	.eabi_attribute	18, 2	@ Tag_ABI_PCS_wchar_t
	.eabi_attribute	26, 1	@ Tag_ABI_enum_size
	.eabi_attribute	14, 0	@ Tag_ABI_PCS_R9_use
	.file	"main.c"
	.file	1 "C:\\Users\\Admin" "AppData\\Local\\Keil_v5\\ARM\\ARMCLANG\\bin\\..\\include\\stdint.h"
	.file	2 "C:\\Users\\Admin\\Downloads\\Embedded System Design and Implementation\\EEET2481_Tutorial_1_LED_Sweep\\Tutorial-1-EEET2481-Embedded-System-Design-and-Implementation" "./Library/Device/Nuvoton/M480/Include\\gpio_reg.h"
	.file	3 "C:\\Users\\Admin\\Downloads\\Embedded System Design and Implementation\\EEET2481_Tutorial_1_LED_Sweep\\Tutorial-1-EEET2481-Embedded-System-Design-and-Implementation" "./Library/Device/Nuvoton/M480/Include\\clk_reg.h"
	.file	4 "C:\\Users\\Admin\\Downloads\\Embedded System Design and Implementation\\EEET2481_Tutorial_1_LED_Sweep\\Tutorial-1-EEET2481-Embedded-System-Design-and-Implementation" "./Library/Device/Nuvoton/M480/Include\\sys_reg.h"
	.hidden	SYS_Init                        @ -- Begin function SYS_Init
	.globl	SYS_Init
	.p2align	2
	.type	SYS_Init,%function
	.code	16                              @ @SYS_Init
	.thumb_func
SYS_Init:
.Lfunc_begin0:
	.file	5 "C:\\Users\\Admin\\Downloads\\Embedded System Design and Implementation\\EEET2481_Tutorial_1_LED_Sweep\\Tutorial-1-EEET2481-Embedded-System-Design-and-Implementation" "main.c"
	.loc	5 19 0                          @ main.c:19:0
	.fnstart
	.cfi_sections .debug_frame
	.cfi_startproc
@ %bb.0:
	movw	r0, #256
	movt	r0, #16384
	mov.w	r12, #89
	movs	r2, #22
	movs	r3, #136
	.p2align	2
.LBB0_1:                                @ =>This Inner Loop Header: Depth=1
.Ltmp0:
	.file	6 "C:\\Users\\Admin\\Downloads\\Embedded System Design and Implementation\\EEET2481_Tutorial_1_LED_Sweep\\Tutorial-1-EEET2481-Embedded-System-Design-and-Implementation" "./Library/StdDriver/inc\\sys.h"
	.loc	6 1590 22 prologue_end          @ ./Library/StdDriver/inc\sys.h:1590:22
	str.w	r12, [r0]
	.loc	6 1591 22                       @ ./Library/StdDriver/inc\sys.h:1591:22
	str	r2, [r0]
	.loc	6 1592 22                       @ ./Library/StdDriver/inc\sys.h:1592:22
	str	r3, [r0]
.Ltmp1:
	.loc	6 1594 16                       @ ./Library/StdDriver/inc\sys.h:1594:16
	ldr	r1, [r0]
.Ltmp2:
	.loc	6 1593 5                        @ ./Library/StdDriver/inc\sys.h:1593:5
	cbnz	r1, .LBB0_5
@ %bb.2:                                @   in Loop: Header=BB0_1 Depth=1
	.loc	6 1590 22                       @ ./Library/StdDriver/inc\sys.h:1590:22
	str.w	r12, [r0]
	.loc	6 1591 22                       @ ./Library/StdDriver/inc\sys.h:1591:22
	str	r2, [r0]
	.loc	6 1592 22                       @ ./Library/StdDriver/inc\sys.h:1592:22
	str	r3, [r0]
.Ltmp3:
	.loc	6 1594 16                       @ ./Library/StdDriver/inc\sys.h:1594:16
	ldr	r1, [r0]
.Ltmp4:
	.loc	6 1593 5                        @ ./Library/StdDriver/inc\sys.h:1593:5
	cbnz	r1, .LBB0_5
@ %bb.3:                                @   in Loop: Header=BB0_1 Depth=1
	.loc	6 1590 22                       @ ./Library/StdDriver/inc\sys.h:1590:22
	str.w	r12, [r0]
	.loc	6 1591 22                       @ ./Library/StdDriver/inc\sys.h:1591:22
	str	r2, [r0]
	.loc	6 1592 22                       @ ./Library/StdDriver/inc\sys.h:1592:22
	str	r3, [r0]
.Ltmp5:
	.loc	6 1594 16                       @ ./Library/StdDriver/inc\sys.h:1594:16
	ldr	r1, [r0]
.Ltmp6:
	.loc	6 1593 5                        @ ./Library/StdDriver/inc\sys.h:1593:5
	cbnz	r1, .LBB0_5
@ %bb.4:                                @   in Loop: Header=BB0_1 Depth=1
	.loc	6 1590 22                       @ ./Library/StdDriver/inc\sys.h:1590:22
	str.w	r12, [r0]
	.loc	6 1591 22                       @ ./Library/StdDriver/inc\sys.h:1591:22
	str	r2, [r0]
	.loc	6 1592 22                       @ ./Library/StdDriver/inc\sys.h:1592:22
	str	r3, [r0]
.Ltmp7:
	.loc	6 1594 16                       @ ./Library/StdDriver/inc\sys.h:1594:16
	ldr	r1, [r0]
.Ltmp8:
	.loc	6 1593 5                        @ ./Library/StdDriver/inc\sys.h:1593:5
	cmp	r1, #0
	beq	.LBB0_1
.Ltmp9:
.LBB0_5:
	.loc	6 0 5 is_stmt 0                 @ ./Library/StdDriver/inc\sys.h:0:5
	movw	r1, #16704
	movt	r1, #16384
	.loc	5 23 14 is_stmt 1               @ main.c:23:14
	ldr	r2, [r1]
	bic	r2, r2, #240
	str	r2, [r1]
	.loc	5 26 17                         @ main.c:26:17
	ldr.w	r1, [r0, #256]
	orr	r1, r1, #1
	str.w	r1, [r0, #256]
.LBB0_6:                                @ =>This Inner Loop Header: Depth=1
	.loc	5 27 19                         @ main.c:27:19
	ldr.w	r1, [r0, #336]
	.loc	5 27 5 is_stmt 0                @ main.c:27:5
	lsls	r1, r1, #31
	bne	.LBB0_9
@ %bb.7:                                @   in Loop: Header=BB0_6 Depth=1
	.loc	5 27 19                         @ main.c:27:19
	ldr.w	r1, [r0, #336]
	.loc	5 27 5                          @ main.c:27:5
	lsls	r1, r1, #31
	.loc	5 27 19                         @ main.c:27:19
	itt	eq
	ldreq.w	r1, [r0, #336]
	.loc	5 27 5                          @ main.c:27:5
	lslseq.w	r1, r1, #31
	bne	.LBB0_9
@ %bb.8:                                @   in Loop: Header=BB0_6 Depth=1
	.loc	5 27 19                         @ main.c:27:19
	ldr.w	r1, [r0, #336]
	.loc	5 27 5                          @ main.c:27:5
	lsls	r1, r1, #31
	beq	.LBB0_6
.LBB0_9:
	.loc	5 0 5                           @ main.c:0:5
	movw	r1, #33024
	movt	r1, #1
	.loc	5 30 17 is_stmt 1               @ main.c:30:17
	str.w	r1, [r0, #320]
.LBB0_10:                               @ =>This Inner Loop Header: Depth=1
	.loc	5 31 19                         @ main.c:31:19
	ldr.w	r1, [r0, #336]
	.loc	5 31 5 is_stmt 0                @ main.c:31:5
	lsls	r1, r1, #29
	bmi	.LBB0_13
@ %bb.11:                               @   in Loop: Header=BB0_10 Depth=1
	.loc	5 31 19                         @ main.c:31:19
	ldr.w	r1, [r0, #336]
	.loc	5 31 5                          @ main.c:31:5
	lsls	r1, r1, #29
	.loc	5 31 19                         @ main.c:31:19
	itt	pl
	ldrpl.w	r1, [r0, #336]
	.loc	5 31 5                          @ main.c:31:5
	lslspl.w	r1, r1, #29
	bmi	.LBB0_13
@ %bb.12:                               @   in Loop: Header=BB0_10 Depth=1
	.loc	5 31 19                         @ main.c:31:19
	ldr.w	r1, [r0, #336]
	.loc	5 31 5                          @ main.c:31:5
	lsls	r1, r1, #29
	bpl	.LBB0_10
.LBB0_13:
	.loc	5 34 18 is_stmt 1               @ main.c:34:18
	ldr.w	r1, [r0, #272]
	movw	r2, #4095
	bic	r1, r1, #7
	str.w	r1, [r0, #272]
	.loc	5 35 18                         @ main.c:35:18
	ldr.w	r1, [r0, #272]
	orr	r1, r1, #2
	str.w	r1, [r0, #272]
	.loc	5 38 18                         @ main.c:38:18
	ldr.w	r1, [r0, #288]
	bic	r1, r1, #15
	str.w	r1, [r0, #288]
	.loc	5 39 18                         @ main.c:39:18
	ldr.w	r1, [r0, #288]
	str.w	r1, [r0, #288]
	.loc	5 42 19                         @ main.c:42:19
	ldr	r1, [r0, #-152]
	bics	r1, r2
	str	r1, [r0, #-152]
	.loc	5 43 19                         @ main.c:43:19
	ldr	r1, [r0, #-152]
	str	r1, [r0, #-152]
	movs	r1, #0
.Ltmp10:
	.loc	6 1606 18                       @ ./Library/StdDriver/inc\sys.h:1606:18
	str	r1, [r0]
.Ltmp11:
	.loc	5 46 1                          @ main.c:46:1
	bx	lr
.Ltmp12:
.Lfunc_end0:
	.size	SYS_Init, .Lfunc_end0-SYS_Init
	.cfi_endproc
	.cantunwind
	.fnend
                                        @ -- End function
	.hidden	main                            @ -- Begin function main
	.globl	main
	.p2align	2
	.type	main,%function
	.code	16                              @ @main
	.thumb_func
main:
.Lfunc_begin1:
	.loc	5 48 0                          @ main.c:48:0
	.fnstart
	.cfi_startproc
@ %bb.0:
	movw	r0, #256
	movt	r0, #16384
	mov.w	r12, #89
	movs	r2, #22
	movs	r3, #136
	.p2align	2
.LBB1_1:                                @ =>This Inner Loop Header: Depth=1
.Ltmp13:
	.loc	6 1590 22 prologue_end          @ ./Library/StdDriver/inc\sys.h:1590:22
	str.w	r12, [r0]
	.loc	6 1591 22                       @ ./Library/StdDriver/inc\sys.h:1591:22
	str	r2, [r0]
	.loc	6 1592 22                       @ ./Library/StdDriver/inc\sys.h:1592:22
	str	r3, [r0]
.Ltmp14:
	.loc	6 1594 16                       @ ./Library/StdDriver/inc\sys.h:1594:16
	ldr	r1, [r0]
.Ltmp15:
	.loc	6 1593 5                        @ ./Library/StdDriver/inc\sys.h:1593:5
	cbnz	r1, .LBB1_5
@ %bb.2:                                @   in Loop: Header=BB1_1 Depth=1
	.loc	6 1590 22                       @ ./Library/StdDriver/inc\sys.h:1590:22
	str.w	r12, [r0]
	.loc	6 1591 22                       @ ./Library/StdDriver/inc\sys.h:1591:22
	str	r2, [r0]
	.loc	6 1592 22                       @ ./Library/StdDriver/inc\sys.h:1592:22
	str	r3, [r0]
.Ltmp16:
	.loc	6 1594 16                       @ ./Library/StdDriver/inc\sys.h:1594:16
	ldr	r1, [r0]
.Ltmp17:
	.loc	6 1593 5                        @ ./Library/StdDriver/inc\sys.h:1593:5
	cbnz	r1, .LBB1_5
@ %bb.3:                                @   in Loop: Header=BB1_1 Depth=1
	.loc	6 1590 22                       @ ./Library/StdDriver/inc\sys.h:1590:22
	str.w	r12, [r0]
	.loc	6 1591 22                       @ ./Library/StdDriver/inc\sys.h:1591:22
	str	r2, [r0]
	.loc	6 1592 22                       @ ./Library/StdDriver/inc\sys.h:1592:22
	str	r3, [r0]
.Ltmp18:
	.loc	6 1594 16                       @ ./Library/StdDriver/inc\sys.h:1594:16
	ldr	r1, [r0]
.Ltmp19:
	.loc	6 1593 5                        @ ./Library/StdDriver/inc\sys.h:1593:5
	cbnz	r1, .LBB1_5
@ %bb.4:                                @   in Loop: Header=BB1_1 Depth=1
	.loc	6 1590 22                       @ ./Library/StdDriver/inc\sys.h:1590:22
	str.w	r12, [r0]
	.loc	6 1591 22                       @ ./Library/StdDriver/inc\sys.h:1591:22
	str	r2, [r0]
	.loc	6 1592 22                       @ ./Library/StdDriver/inc\sys.h:1592:22
	str	r3, [r0]
.Ltmp20:
	.loc	6 1594 16                       @ ./Library/StdDriver/inc\sys.h:1594:16
	ldr	r1, [r0]
.Ltmp21:
	.loc	6 1593 5                        @ ./Library/StdDriver/inc\sys.h:1593:5
	cmp	r1, #0
	beq	.LBB1_1
.Ltmp22:
.LBB1_5:
	.loc	6 0 5 is_stmt 0                 @ ./Library/StdDriver/inc\sys.h:0:5
	movw	r1, #16832
	movt	r1, #16384
	.loc	5 23 14 is_stmt 1               @ main.c:23:14
	ldr	r2, [r1, #-128]
	bic	r2, r2, #240
	str	r2, [r1, #-128]
	.loc	5 26 17                         @ main.c:26:17
	ldr.w	r2, [r0, #256]
	orr	r2, r2, #1
	str.w	r2, [r0, #256]
.LBB1_6:                                @ =>This Inner Loop Header: Depth=1
	.loc	5 27 19                         @ main.c:27:19
	ldr.w	r2, [r0, #336]
	.loc	5 27 5 is_stmt 0                @ main.c:27:5
	lsls	r2, r2, #31
	bne	.LBB1_9
@ %bb.7:                                @   in Loop: Header=BB1_6 Depth=1
	.loc	5 27 19                         @ main.c:27:19
	ldr.w	r2, [r0, #336]
	.loc	5 27 5                          @ main.c:27:5
	lsls	r2, r2, #31
	.loc	5 27 19                         @ main.c:27:19
	itt	eq
	ldreq.w	r2, [r0, #336]
	.loc	5 27 5                          @ main.c:27:5
	lslseq.w	r2, r2, #31
	bne	.LBB1_9
@ %bb.8:                                @   in Loop: Header=BB1_6 Depth=1
	.loc	5 27 19                         @ main.c:27:19
	ldr.w	r2, [r0, #336]
	.loc	5 27 5                          @ main.c:27:5
	lsls	r2, r2, #31
	beq	.LBB1_6
.LBB1_9:
	.loc	5 0 5                           @ main.c:0:5
	movw	r2, #33024
	movt	r2, #1
	.loc	5 30 17 is_stmt 1               @ main.c:30:17
	str.w	r2, [r0, #320]
.LBB1_10:                               @ =>This Inner Loop Header: Depth=1
	.loc	5 31 19                         @ main.c:31:19
	ldr.w	r2, [r0, #336]
	.loc	5 31 5 is_stmt 0                @ main.c:31:5
	lsls	r2, r2, #29
	bmi	.LBB1_13
@ %bb.11:                               @   in Loop: Header=BB1_10 Depth=1
	.loc	5 31 19                         @ main.c:31:19
	ldr.w	r2, [r0, #336]
	.loc	5 31 5                          @ main.c:31:5
	lsls	r2, r2, #29
	.loc	5 31 19                         @ main.c:31:19
	itt	pl
	ldrpl.w	r2, [r0, #336]
	.loc	5 31 5                          @ main.c:31:5
	lslspl.w	r2, r2, #29
	bmi	.LBB1_13
@ %bb.12:                               @   in Loop: Header=BB1_10 Depth=1
	.loc	5 31 19                         @ main.c:31:19
	ldr.w	r2, [r0, #336]
	.loc	5 31 5                          @ main.c:31:5
	lsls	r2, r2, #29
	bpl	.LBB1_10
.LBB1_13:
	.loc	5 34 18 is_stmt 1               @ main.c:34:18
	ldr.w	r2, [r0, #272]
	movw	r3, #4095
	bic	r2, r2, #7
	str.w	r2, [r0, #272]
	.loc	5 35 18                         @ main.c:35:18
	ldr.w	r2, [r0, #272]
	orr	r2, r2, #2
	str.w	r2, [r0, #272]
	.loc	5 38 18                         @ main.c:38:18
	ldr.w	r2, [r0, #288]
	bic	r2, r2, #15
	str.w	r2, [r0, #288]
	.loc	5 39 18                         @ main.c:39:18
	ldr.w	r2, [r0, #288]
	str.w	r2, [r0, #288]
	.loc	5 42 19                         @ main.c:42:19
	ldr	r2, [r0, #-152]
	bics	r2, r3
	str	r2, [r0, #-152]
	.loc	5 43 19                         @ main.c:43:19
	ldr	r2, [r0, #-152]
	str	r2, [r0, #-152]
	movs	r2, #0
.Ltmp23:
	.loc	6 1606 18                       @ ./Library/StdDriver/inc\sys.h:1606:18
	str	r2, [r0]
.Ltmp24:
	.loc	5 52 14                         @ main.c:52:14
	ldr	r0, [r1]
	bic	r0, r0, #63
	str	r0, [r1]
	.loc	5 53 14                         @ main.c:53:14
	ldr	r0, [r1]
	orr	r0, r0, #21
	str	r0, [r1]
	.loc	5 67 14                         @ main.c:67:14
	ldr	r0, [r1, #8]
	bic	r0, r0, #7
	str	r0, [r1, #8]
	.p2align	2
.LBB1_14:                               @ =>This Inner Loop Header: Depth=1
	.loc	5 69 5                          @ main.c:69:5
	b	.LBB1_14
.Ltmp25:
.Lfunc_end1:
	.size	main, .Lfunc_end1-main
	.cfi_endproc
	.cantunwind
	.fnend
                                        @ -- End function
	.type	__ARM_use_no_argv,%object       @ @__ARM_use_no_argv
	.section	.ARM.use_no_argv,"awR",%progbits,unique,1
	.globl	__ARM_use_no_argv
	.p2align	2, 0x0
__ARM_use_no_argv:
	.long	1                               @ 0x1
	.size	__ARM_use_no_argv, 4

	.section	.debug_abbrev,"",%progbits
	.byte	1                               @ Abbreviation Code
	.byte	17                              @ DW_TAG_compile_unit
	.byte	1                               @ DW_CHILDREN_yes
	.byte	37                              @ DW_AT_producer
	.byte	14                              @ DW_FORM_strp
	.byte	19                              @ DW_AT_language
	.byte	5                               @ DW_FORM_data2
	.byte	3                               @ DW_AT_name
	.byte	14                              @ DW_FORM_strp
	.byte	16                              @ DW_AT_stmt_list
	.byte	23                              @ DW_FORM_sec_offset
	.byte	27                              @ DW_AT_comp_dir
	.byte	14                              @ DW_FORM_strp
	.byte	17                              @ DW_AT_low_pc
	.byte	1                               @ DW_FORM_addr
	.byte	18                              @ DW_AT_high_pc
	.byte	6                               @ DW_FORM_data4
	.byte	0                               @ EOM(1)
	.byte	0                               @ EOM(2)
	.byte	2                               @ Abbreviation Code
	.byte	15                              @ DW_TAG_pointer_type
	.byte	0                               @ DW_CHILDREN_no
	.byte	73                              @ DW_AT_type
	.byte	19                              @ DW_FORM_ref4
	.byte	0                               @ EOM(1)
	.byte	0                               @ EOM(2)
	.byte	3                               @ Abbreviation Code
	.byte	22                              @ DW_TAG_typedef
	.byte	0                               @ DW_CHILDREN_no
	.byte	73                              @ DW_AT_type
	.byte	19                              @ DW_FORM_ref4
	.byte	3                               @ DW_AT_name
	.byte	14                              @ DW_FORM_strp
	.byte	58                              @ DW_AT_decl_file
	.byte	11                              @ DW_FORM_data1
	.byte	59                              @ DW_AT_decl_line
	.byte	11                              @ DW_FORM_data1
	.byte	0                               @ EOM(1)
	.byte	0                               @ EOM(2)
	.byte	4                               @ Abbreviation Code
	.byte	19                              @ DW_TAG_structure_type
	.byte	1                               @ DW_CHILDREN_yes
	.byte	11                              @ DW_AT_byte_size
	.byte	11                              @ DW_FORM_data1
	.byte	58                              @ DW_AT_decl_file
	.byte	11                              @ DW_FORM_data1
	.byte	59                              @ DW_AT_decl_line
	.byte	11                              @ DW_FORM_data1
	.byte	0                               @ EOM(1)
	.byte	0                               @ EOM(2)
	.byte	5                               @ Abbreviation Code
	.byte	13                              @ DW_TAG_member
	.byte	0                               @ DW_CHILDREN_no
	.byte	3                               @ DW_AT_name
	.byte	14                              @ DW_FORM_strp
	.byte	73                              @ DW_AT_type
	.byte	19                              @ DW_FORM_ref4
	.byte	58                              @ DW_AT_decl_file
	.byte	11                              @ DW_FORM_data1
	.byte	59                              @ DW_AT_decl_line
	.byte	11                              @ DW_FORM_data1
	.byte	56                              @ DW_AT_data_member_location
	.byte	11                              @ DW_FORM_data1
	.byte	0                               @ EOM(1)
	.byte	0                               @ EOM(2)
	.byte	6                               @ Abbreviation Code
	.byte	53                              @ DW_TAG_volatile_type
	.byte	0                               @ DW_CHILDREN_no
	.byte	73                              @ DW_AT_type
	.byte	19                              @ DW_FORM_ref4
	.byte	0                               @ EOM(1)
	.byte	0                               @ EOM(2)
	.byte	7                               @ Abbreviation Code
	.byte	36                              @ DW_TAG_base_type
	.byte	0                               @ DW_CHILDREN_no
	.byte	3                               @ DW_AT_name
	.byte	14                              @ DW_FORM_strp
	.byte	62                              @ DW_AT_encoding
	.byte	11                              @ DW_FORM_data1
	.byte	11                              @ DW_AT_byte_size
	.byte	11                              @ DW_FORM_data1
	.byte	0                               @ EOM(1)
	.byte	0                               @ EOM(2)
	.byte	8                               @ Abbreviation Code
	.byte	38                              @ DW_TAG_const_type
	.byte	0                               @ DW_CHILDREN_no
	.byte	73                              @ DW_AT_type
	.byte	19                              @ DW_FORM_ref4
	.byte	0                               @ EOM(1)
	.byte	0                               @ EOM(2)
	.byte	9                               @ Abbreviation Code
	.byte	1                               @ DW_TAG_array_type
	.byte	1                               @ DW_CHILDREN_yes
	.byte	73                              @ DW_AT_type
	.byte	19                              @ DW_FORM_ref4
	.byte	0                               @ EOM(1)
	.byte	0                               @ EOM(2)
	.byte	10                              @ Abbreviation Code
	.byte	33                              @ DW_TAG_subrange_type
	.byte	0                               @ DW_CHILDREN_no
	.byte	73                              @ DW_AT_type
	.byte	19                              @ DW_FORM_ref4
	.byte	55                              @ DW_AT_count
	.byte	11                              @ DW_FORM_data1
	.byte	0                               @ EOM(1)
	.byte	0                               @ EOM(2)
	.byte	11                              @ Abbreviation Code
	.byte	36                              @ DW_TAG_base_type
	.byte	0                               @ DW_CHILDREN_no
	.byte	3                               @ DW_AT_name
	.byte	14                              @ DW_FORM_strp
	.byte	11                              @ DW_AT_byte_size
	.byte	11                              @ DW_FORM_data1
	.byte	62                              @ DW_AT_encoding
	.byte	11                              @ DW_FORM_data1
	.byte	0                               @ EOM(1)
	.byte	0                               @ EOM(2)
	.byte	12                              @ Abbreviation Code
	.byte	22                              @ DW_TAG_typedef
	.byte	0                               @ DW_CHILDREN_no
	.byte	73                              @ DW_AT_type
	.byte	19                              @ DW_FORM_ref4
	.byte	3                               @ DW_AT_name
	.byte	14                              @ DW_FORM_strp
	.byte	58                              @ DW_AT_decl_file
	.byte	11                              @ DW_FORM_data1
	.byte	59                              @ DW_AT_decl_line
	.byte	5                               @ DW_FORM_data2
	.byte	0                               @ EOM(1)
	.byte	0                               @ EOM(2)
	.byte	13                              @ Abbreviation Code
	.byte	13                              @ DW_TAG_member
	.byte	0                               @ DW_CHILDREN_no
	.byte	3                               @ DW_AT_name
	.byte	14                              @ DW_FORM_strp
	.byte	73                              @ DW_AT_type
	.byte	19                              @ DW_FORM_ref4
	.byte	58                              @ DW_AT_decl_file
	.byte	11                              @ DW_FORM_data1
	.byte	59                              @ DW_AT_decl_line
	.byte	5                               @ DW_FORM_data2
	.byte	56                              @ DW_AT_data_member_location
	.byte	11                              @ DW_FORM_data1
	.byte	0                               @ EOM(1)
	.byte	0                               @ EOM(2)
	.byte	14                              @ Abbreviation Code
	.byte	19                              @ DW_TAG_structure_type
	.byte	1                               @ DW_CHILDREN_yes
	.byte	11                              @ DW_AT_byte_size
	.byte	5                               @ DW_FORM_data2
	.byte	58                              @ DW_AT_decl_file
	.byte	11                              @ DW_FORM_data1
	.byte	59                              @ DW_AT_decl_line
	.byte	11                              @ DW_FORM_data1
	.byte	0                               @ EOM(1)
	.byte	0                               @ EOM(2)
	.byte	15                              @ Abbreviation Code
	.byte	13                              @ DW_TAG_member
	.byte	0                               @ DW_CHILDREN_no
	.byte	3                               @ DW_AT_name
	.byte	14                              @ DW_FORM_strp
	.byte	73                              @ DW_AT_type
	.byte	19                              @ DW_FORM_ref4
	.byte	58                              @ DW_AT_decl_file
	.byte	11                              @ DW_FORM_data1
	.byte	59                              @ DW_AT_decl_line
	.byte	5                               @ DW_FORM_data2
	.byte	56                              @ DW_AT_data_member_location
	.byte	5                               @ DW_FORM_data2
	.byte	0                               @ EOM(1)
	.byte	0                               @ EOM(2)
	.byte	16                              @ Abbreviation Code
	.byte	46                              @ DW_TAG_subprogram
	.byte	0                               @ DW_CHILDREN_no
	.byte	3                               @ DW_AT_name
	.byte	14                              @ DW_FORM_strp
	.byte	58                              @ DW_AT_decl_file
	.byte	11                              @ DW_FORM_data1
	.byte	59                              @ DW_AT_decl_line
	.byte	5                               @ DW_FORM_data2
	.byte	39                              @ DW_AT_prototyped
	.byte	25                              @ DW_FORM_flag_present
	.byte	32                              @ DW_AT_inline
	.byte	11                              @ DW_FORM_data1
	.byte	0                               @ EOM(1)
	.byte	0                               @ EOM(2)
	.byte	17                              @ Abbreviation Code
	.byte	46                              @ DW_TAG_subprogram
	.byte	1                               @ DW_CHILDREN_yes
	.byte	17                              @ DW_AT_low_pc
	.byte	1                               @ DW_FORM_addr
	.byte	18                              @ DW_AT_high_pc
	.byte	6                               @ DW_FORM_data4
	.byte	64                              @ DW_AT_frame_base
	.byte	24                              @ DW_FORM_exprloc
	.ascii	"\227B"                         @ DW_AT_GNU_all_call_sites
	.byte	25                              @ DW_FORM_flag_present
	.byte	49                              @ DW_AT_abstract_origin
	.byte	19                              @ DW_FORM_ref4
	.byte	0                               @ EOM(1)
	.byte	0                               @ EOM(2)
	.byte	18                              @ Abbreviation Code
	.byte	29                              @ DW_TAG_inlined_subroutine
	.byte	0                               @ DW_CHILDREN_no
	.byte	49                              @ DW_AT_abstract_origin
	.byte	19                              @ DW_FORM_ref4
	.byte	17                              @ DW_AT_low_pc
	.byte	1                               @ DW_FORM_addr
	.byte	18                              @ DW_AT_high_pc
	.byte	6                               @ DW_FORM_data4
	.byte	88                              @ DW_AT_call_file
	.byte	11                              @ DW_FORM_data1
	.byte	89                              @ DW_AT_call_line
	.byte	11                              @ DW_FORM_data1
	.byte	87                              @ DW_AT_call_column
	.byte	11                              @ DW_FORM_data1
	.byte	0                               @ EOM(1)
	.byte	0                               @ EOM(2)
	.byte	19                              @ Abbreviation Code
	.byte	46                              @ DW_TAG_subprogram
	.byte	0                               @ DW_CHILDREN_no
	.byte	3                               @ DW_AT_name
	.byte	14                              @ DW_FORM_strp
	.byte	58                              @ DW_AT_decl_file
	.byte	11                              @ DW_FORM_data1
	.byte	59                              @ DW_AT_decl_line
	.byte	11                              @ DW_FORM_data1
	.byte	39                              @ DW_AT_prototyped
	.byte	25                              @ DW_FORM_flag_present
	.byte	63                              @ DW_AT_external
	.byte	25                              @ DW_FORM_flag_present
	.byte	32                              @ DW_AT_inline
	.byte	11                              @ DW_FORM_data1
	.byte	0                               @ EOM(1)
	.byte	0                               @ EOM(2)
	.byte	20                              @ Abbreviation Code
	.byte	46                              @ DW_TAG_subprogram
	.byte	1                               @ DW_CHILDREN_yes
	.byte	17                              @ DW_AT_low_pc
	.byte	1                               @ DW_FORM_addr
	.byte	18                              @ DW_AT_high_pc
	.byte	6                               @ DW_FORM_data4
	.byte	64                              @ DW_AT_frame_base
	.byte	24                              @ DW_FORM_exprloc
	.ascii	"\227B"                         @ DW_AT_GNU_all_call_sites
	.byte	25                              @ DW_FORM_flag_present
	.byte	3                               @ DW_AT_name
	.byte	14                              @ DW_FORM_strp
	.byte	58                              @ DW_AT_decl_file
	.byte	11                              @ DW_FORM_data1
	.byte	59                              @ DW_AT_decl_line
	.byte	11                              @ DW_FORM_data1
	.byte	73                              @ DW_AT_type
	.byte	19                              @ DW_FORM_ref4
	.byte	63                              @ DW_AT_external
	.byte	25                              @ DW_FORM_flag_present
	.byte	0                               @ EOM(1)
	.byte	0                               @ EOM(2)
	.byte	21                              @ Abbreviation Code
	.byte	29                              @ DW_TAG_inlined_subroutine
	.byte	1                               @ DW_CHILDREN_yes
	.byte	49                              @ DW_AT_abstract_origin
	.byte	19                              @ DW_FORM_ref4
	.byte	17                              @ DW_AT_low_pc
	.byte	1                               @ DW_FORM_addr
	.byte	18                              @ DW_AT_high_pc
	.byte	6                               @ DW_FORM_data4
	.byte	88                              @ DW_AT_call_file
	.byte	11                              @ DW_FORM_data1
	.byte	89                              @ DW_AT_call_line
	.byte	11                              @ DW_FORM_data1
	.byte	87                              @ DW_AT_call_column
	.byte	11                              @ DW_FORM_data1
	.byte	0                               @ EOM(1)
	.byte	0                               @ EOM(2)
	.byte	0                               @ EOM(3)
	.section	.debug_info,"",%progbits
.Lcu_begin0:
	.long	.Ldebug_info_end0-.Ldebug_info_start0 @ Length of Unit
.Ldebug_info_start0:
	.short	4                               @ DWARF version number
	.long	.debug_abbrev                   @ Offset Into Abbrev. Section
	.byte	4                               @ Address Size (in bytes)
	.byte	1                               @ Abbrev [1] 0xb:0x6f2 DW_TAG_compile_unit
	.long	.Linfo_string0                  @ DW_AT_producer
	.short	1                               @ DW_AT_language
	.long	.Linfo_string1                  @ DW_AT_name
	.long	.Lline_table_start0             @ DW_AT_stmt_list
	.long	.Linfo_string2                  @ DW_AT_comp_dir
	.long	.Lfunc_begin0                   @ DW_AT_low_pc
	.long	.Lfunc_end1-.Lfunc_begin0       @ DW_AT_high_pc
	.byte	2                               @ Abbrev [2] 0x26:0x5 DW_TAG_pointer_type
	.long	43                              @ DW_AT_type
	.byte	3                               @ Abbrev [3] 0x2b:0xb DW_TAG_typedef
	.long	54                              @ DW_AT_type
	.long	.Linfo_string19                 @ DW_AT_name
	.byte	2                               @ DW_AT_decl_file
	.byte	249                             @ DW_AT_decl_line
	.byte	4                               @ Abbrev [4] 0x36:0xa1 DW_TAG_structure_type
	.byte	52                              @ DW_AT_byte_size
	.byte	2                               @ DW_AT_decl_file
	.byte	27                              @ DW_AT_decl_line
	.byte	5                               @ Abbrev [5] 0x3a:0xc DW_TAG_member
	.long	.Linfo_string3                  @ DW_AT_name
	.long	215                             @ DW_AT_type
	.byte	2                               @ DW_AT_decl_file
	.byte	233                             @ DW_AT_decl_line
	.byte	0                               @ DW_AT_data_member_location
	.byte	5                               @ Abbrev [5] 0x46:0xc DW_TAG_member
	.long	.Linfo_string6                  @ DW_AT_name
	.long	215                             @ DW_AT_type
	.byte	2                               @ DW_AT_decl_file
	.byte	234                             @ DW_AT_decl_line
	.byte	4                               @ DW_AT_data_member_location
	.byte	5                               @ Abbrev [5] 0x52:0xc DW_TAG_member
	.long	.Linfo_string7                  @ DW_AT_name
	.long	215                             @ DW_AT_type
	.byte	2                               @ DW_AT_decl_file
	.byte	235                             @ DW_AT_decl_line
	.byte	8                               @ DW_AT_data_member_location
	.byte	5                               @ Abbrev [5] 0x5e:0xc DW_TAG_member
	.long	.Linfo_string8                  @ DW_AT_name
	.long	215                             @ DW_AT_type
	.byte	2                               @ DW_AT_decl_file
	.byte	236                             @ DW_AT_decl_line
	.byte	12                              @ DW_AT_data_member_location
	.byte	5                               @ Abbrev [5] 0x6a:0xc DW_TAG_member
	.long	.Linfo_string9                  @ DW_AT_name
	.long	238                             @ DW_AT_type
	.byte	2                               @ DW_AT_decl_file
	.byte	237                             @ DW_AT_decl_line
	.byte	16                              @ DW_AT_data_member_location
	.byte	5                               @ Abbrev [5] 0x76:0xc DW_TAG_member
	.long	.Linfo_string10                 @ DW_AT_name
	.long	215                             @ DW_AT_type
	.byte	2                               @ DW_AT_decl_file
	.byte	238                             @ DW_AT_decl_line
	.byte	20                              @ DW_AT_data_member_location
	.byte	5                               @ Abbrev [5] 0x82:0xc DW_TAG_member
	.long	.Linfo_string11                 @ DW_AT_name
	.long	215                             @ DW_AT_type
	.byte	2                               @ DW_AT_decl_file
	.byte	239                             @ DW_AT_decl_line
	.byte	24                              @ DW_AT_data_member_location
	.byte	5                               @ Abbrev [5] 0x8e:0xc DW_TAG_member
	.long	.Linfo_string12                 @ DW_AT_name
	.long	215                             @ DW_AT_type
	.byte	2                               @ DW_AT_decl_file
	.byte	240                             @ DW_AT_decl_line
	.byte	28                              @ DW_AT_data_member_location
	.byte	5                               @ Abbrev [5] 0x9a:0xc DW_TAG_member
	.long	.Linfo_string13                 @ DW_AT_name
	.long	215                             @ DW_AT_type
	.byte	2                               @ DW_AT_decl_file
	.byte	241                             @ DW_AT_decl_line
	.byte	32                              @ DW_AT_data_member_location
	.byte	5                               @ Abbrev [5] 0xa6:0xc DW_TAG_member
	.long	.Linfo_string14                 @ DW_AT_name
	.long	215                             @ DW_AT_type
	.byte	2                               @ DW_AT_decl_file
	.byte	242                             @ DW_AT_decl_line
	.byte	36                              @ DW_AT_data_member_location
	.byte	5                               @ Abbrev [5] 0xb2:0xc DW_TAG_member
	.long	.Linfo_string15                 @ DW_AT_name
	.long	215                             @ DW_AT_type
	.byte	2                               @ DW_AT_decl_file
	.byte	243                             @ DW_AT_decl_line
	.byte	40                              @ DW_AT_data_member_location
	.byte	5                               @ Abbrev [5] 0xbe:0xc DW_TAG_member
	.long	.Linfo_string16                 @ DW_AT_name
	.long	243                             @ DW_AT_type
	.byte	2                               @ DW_AT_decl_file
	.byte	245                             @ DW_AT_decl_line
	.byte	44                              @ DW_AT_data_member_location
	.byte	5                               @ Abbrev [5] 0xca:0xc DW_TAG_member
	.long	.Linfo_string18                 @ DW_AT_name
	.long	215                             @ DW_AT_type
	.byte	2                               @ DW_AT_decl_file
	.byte	247                             @ DW_AT_decl_line
	.byte	48                              @ DW_AT_data_member_location
	.byte	0                               @ End Of Children Mark
	.byte	6                               @ Abbrev [6] 0xd7:0x5 DW_TAG_volatile_type
	.long	220                             @ DW_AT_type
	.byte	3                               @ Abbrev [3] 0xdc:0xb DW_TAG_typedef
	.long	231                             @ DW_AT_type
	.long	.Linfo_string5                  @ DW_AT_name
	.byte	1                               @ DW_AT_decl_file
	.byte	64                              @ DW_AT_decl_line
	.byte	7                               @ Abbrev [7] 0xe7:0x7 DW_TAG_base_type
	.long	.Linfo_string4                  @ DW_AT_name
	.byte	7                               @ DW_AT_encoding
	.byte	4                               @ DW_AT_byte_size
	.byte	8                               @ Abbrev [8] 0xee:0x5 DW_TAG_const_type
	.long	215                             @ DW_AT_type
	.byte	9                               @ Abbrev [9] 0xf3:0xc DW_TAG_array_type
	.long	238                             @ DW_AT_type
	.byte	10                              @ Abbrev [10] 0xf8:0x6 DW_TAG_subrange_type
	.long	255                             @ DW_AT_type
	.byte	1                               @ DW_AT_count
	.byte	0                               @ End Of Children Mark
	.byte	11                              @ Abbrev [11] 0xff:0x7 DW_TAG_base_type
	.long	.Linfo_string17                 @ DW_AT_name
	.byte	8                               @ DW_AT_byte_size
	.byte	7                               @ DW_AT_encoding
	.byte	2                               @ Abbrev [2] 0x106:0x5 DW_TAG_pointer_type
	.long	267                             @ DW_AT_type
	.byte	12                              @ Abbrev [12] 0x10b:0xc DW_TAG_typedef
	.long	279                             @ DW_AT_type
	.long	.Linfo_string55                 @ DW_AT_name
	.byte	3                               @ DW_AT_decl_file
	.short	1035                            @ DW_AT_decl_line
	.byte	4                               @ Abbrev [4] 0x117:0x1cc DW_TAG_structure_type
	.byte	180                             @ DW_AT_byte_size
	.byte	3                               @ DW_AT_decl_file
	.byte	26                              @ DW_AT_decl_line
	.byte	13                              @ Abbrev [13] 0x11b:0xd DW_TAG_member
	.long	.Linfo_string20                 @ DW_AT_name
	.long	215                             @ DW_AT_type
	.byte	3                               @ DW_AT_decl_file
	.short	989                             @ DW_AT_decl_line
	.byte	0                               @ DW_AT_data_member_location
	.byte	13                              @ Abbrev [13] 0x128:0xd DW_TAG_member
	.long	.Linfo_string21                 @ DW_AT_name
	.long	215                             @ DW_AT_type
	.byte	3                               @ DW_AT_decl_file
	.short	990                             @ DW_AT_decl_line
	.byte	4                               @ DW_AT_data_member_location
	.byte	13                              @ Abbrev [13] 0x135:0xd DW_TAG_member
	.long	.Linfo_string22                 @ DW_AT_name
	.long	215                             @ DW_AT_type
	.byte	3                               @ DW_AT_decl_file
	.short	991                             @ DW_AT_decl_line
	.byte	8                               @ DW_AT_data_member_location
	.byte	13                              @ Abbrev [13] 0x142:0xd DW_TAG_member
	.long	.Linfo_string23                 @ DW_AT_name
	.long	215                             @ DW_AT_type
	.byte	3                               @ DW_AT_decl_file
	.short	992                             @ DW_AT_decl_line
	.byte	12                              @ DW_AT_data_member_location
	.byte	13                              @ Abbrev [13] 0x14f:0xd DW_TAG_member
	.long	.Linfo_string24                 @ DW_AT_name
	.long	215                             @ DW_AT_type
	.byte	3                               @ DW_AT_decl_file
	.short	993                             @ DW_AT_decl_line
	.byte	16                              @ DW_AT_data_member_location
	.byte	13                              @ Abbrev [13] 0x15c:0xd DW_TAG_member
	.long	.Linfo_string25                 @ DW_AT_name
	.long	215                             @ DW_AT_type
	.byte	3                               @ DW_AT_decl_file
	.short	994                             @ DW_AT_decl_line
	.byte	20                              @ DW_AT_data_member_location
	.byte	13                              @ Abbrev [13] 0x169:0xd DW_TAG_member
	.long	.Linfo_string26                 @ DW_AT_name
	.long	215                             @ DW_AT_type
	.byte	3                               @ DW_AT_decl_file
	.short	995                             @ DW_AT_decl_line
	.byte	24                              @ DW_AT_data_member_location
	.byte	13                              @ Abbrev [13] 0x176:0xd DW_TAG_member
	.long	.Linfo_string27                 @ DW_AT_name
	.long	215                             @ DW_AT_type
	.byte	3                               @ DW_AT_decl_file
	.short	996                             @ DW_AT_decl_line
	.byte	28                              @ DW_AT_data_member_location
	.byte	13                              @ Abbrev [13] 0x183:0xd DW_TAG_member
	.long	.Linfo_string28                 @ DW_AT_name
	.long	215                             @ DW_AT_type
	.byte	3                               @ DW_AT_decl_file
	.short	997                             @ DW_AT_decl_line
	.byte	32                              @ DW_AT_data_member_location
	.byte	13                              @ Abbrev [13] 0x190:0xd DW_TAG_member
	.long	.Linfo_string29                 @ DW_AT_name
	.long	215                             @ DW_AT_type
	.byte	3                               @ DW_AT_decl_file
	.short	998                             @ DW_AT_decl_line
	.byte	36                              @ DW_AT_data_member_location
	.byte	13                              @ Abbrev [13] 0x19d:0xd DW_TAG_member
	.long	.Linfo_string30                 @ DW_AT_name
	.long	215                             @ DW_AT_type
	.byte	3                               @ DW_AT_decl_file
	.short	999                             @ DW_AT_decl_line
	.byte	40                              @ DW_AT_data_member_location
	.byte	13                              @ Abbrev [13] 0x1aa:0xd DW_TAG_member
	.long	.Linfo_string31                 @ DW_AT_name
	.long	215                             @ DW_AT_type
	.byte	3                               @ DW_AT_decl_file
	.short	1000                            @ DW_AT_decl_line
	.byte	44                              @ DW_AT_data_member_location
	.byte	13                              @ Abbrev [13] 0x1b7:0xd DW_TAG_member
	.long	.Linfo_string32                 @ DW_AT_name
	.long	215                             @ DW_AT_type
	.byte	3                               @ DW_AT_decl_file
	.short	1001                            @ DW_AT_decl_line
	.byte	48                              @ DW_AT_data_member_location
	.byte	13                              @ Abbrev [13] 0x1c4:0xd DW_TAG_member
	.long	.Linfo_string33                 @ DW_AT_name
	.long	215                             @ DW_AT_type
	.byte	3                               @ DW_AT_decl_file
	.short	1002                            @ DW_AT_decl_line
	.byte	52                              @ DW_AT_data_member_location
	.byte	13                              @ Abbrev [13] 0x1d1:0xd DW_TAG_member
	.long	.Linfo_string34                 @ DW_AT_name
	.long	739                             @ DW_AT_type
	.byte	3                               @ DW_AT_decl_file
	.short	1004                            @ DW_AT_decl_line
	.byte	56                              @ DW_AT_data_member_location
	.byte	13                              @ Abbrev [13] 0x1de:0xd DW_TAG_member
	.long	.Linfo_string35                 @ DW_AT_name
	.long	215                             @ DW_AT_type
	.byte	3                               @ DW_AT_decl_file
	.short	1006                            @ DW_AT_decl_line
	.byte	64                              @ DW_AT_data_member_location
	.byte	13                              @ Abbrev [13] 0x1eb:0xd DW_TAG_member
	.long	.Linfo_string36                 @ DW_AT_name
	.long	751                             @ DW_AT_type
	.byte	3                               @ DW_AT_decl_file
	.short	1008                            @ DW_AT_decl_line
	.byte	68                              @ DW_AT_data_member_location
	.byte	13                              @ Abbrev [13] 0x1f8:0xd DW_TAG_member
	.long	.Linfo_string37                 @ DW_AT_name
	.long	238                             @ DW_AT_type
	.byte	3                               @ DW_AT_decl_file
	.short	1010                            @ DW_AT_decl_line
	.byte	80                              @ DW_AT_data_member_location
	.byte	13                              @ Abbrev [13] 0x205:0xd DW_TAG_member
	.long	.Linfo_string38                 @ DW_AT_name
	.long	751                             @ DW_AT_type
	.byte	3                               @ DW_AT_decl_file
	.short	1012                            @ DW_AT_decl_line
	.byte	84                              @ DW_AT_data_member_location
	.byte	13                              @ Abbrev [13] 0x212:0xd DW_TAG_member
	.long	.Linfo_string39                 @ DW_AT_name
	.long	215                             @ DW_AT_type
	.byte	3                               @ DW_AT_decl_file
	.short	1014                            @ DW_AT_decl_line
	.byte	96                              @ DW_AT_data_member_location
	.byte	13                              @ Abbrev [13] 0x21f:0xd DW_TAG_member
	.long	.Linfo_string40                 @ DW_AT_name
	.long	751                             @ DW_AT_type
	.byte	3                               @ DW_AT_decl_file
	.short	1016                            @ DW_AT_decl_line
	.byte	100                             @ DW_AT_data_member_location
	.byte	13                              @ Abbrev [13] 0x22c:0xd DW_TAG_member
	.long	.Linfo_string41                 @ DW_AT_name
	.long	215                             @ DW_AT_type
	.byte	3                               @ DW_AT_decl_file
	.short	1018                            @ DW_AT_decl_line
	.byte	112                             @ DW_AT_data_member_location
	.byte	13                              @ Abbrev [13] 0x239:0xd DW_TAG_member
	.long	.Linfo_string42                 @ DW_AT_name
	.long	215                             @ DW_AT_type
	.byte	3                               @ DW_AT_decl_file
	.short	1019                            @ DW_AT_decl_line
	.byte	116                             @ DW_AT_data_member_location
	.byte	13                              @ Abbrev [13] 0x246:0xd DW_TAG_member
	.long	.Linfo_string43                 @ DW_AT_name
	.long	215                             @ DW_AT_type
	.byte	3                               @ DW_AT_decl_file
	.short	1020                            @ DW_AT_decl_line
	.byte	120                             @ DW_AT_data_member_location
	.byte	13                              @ Abbrev [13] 0x253:0xd DW_TAG_member
	.long	.Linfo_string44                 @ DW_AT_name
	.long	215                             @ DW_AT_type
	.byte	3                               @ DW_AT_decl_file
	.short	1021                            @ DW_AT_decl_line
	.byte	124                             @ DW_AT_data_member_location
	.byte	13                              @ Abbrev [13] 0x260:0xd DW_TAG_member
	.long	.Linfo_string45                 @ DW_AT_name
	.long	763                             @ DW_AT_type
	.byte	3                               @ DW_AT_decl_file
	.short	1023                            @ DW_AT_decl_line
	.byte	128                             @ DW_AT_data_member_location
	.byte	13                              @ Abbrev [13] 0x26d:0xd DW_TAG_member
	.long	.Linfo_string46                 @ DW_AT_name
	.long	215                             @ DW_AT_type
	.byte	3                               @ DW_AT_decl_file
	.short	1025                            @ DW_AT_decl_line
	.byte	144                             @ DW_AT_data_member_location
	.byte	13                              @ Abbrev [13] 0x27a:0xd DW_TAG_member
	.long	.Linfo_string47                 @ DW_AT_name
	.long	215                             @ DW_AT_type
	.byte	3                               @ DW_AT_decl_file
	.short	1026                            @ DW_AT_decl_line
	.byte	148                             @ DW_AT_data_member_location
	.byte	13                              @ Abbrev [13] 0x287:0xd DW_TAG_member
	.long	.Linfo_string48                 @ DW_AT_name
	.long	215                             @ DW_AT_type
	.byte	3                               @ DW_AT_decl_file
	.short	1027                            @ DW_AT_decl_line
	.byte	152                             @ DW_AT_data_member_location
	.byte	13                              @ Abbrev [13] 0x294:0xd DW_TAG_member
	.long	.Linfo_string49                 @ DW_AT_name
	.long	215                             @ DW_AT_type
	.byte	3                               @ DW_AT_decl_file
	.short	1028                            @ DW_AT_decl_line
	.byte	156                             @ DW_AT_data_member_location
	.byte	13                              @ Abbrev [13] 0x2a1:0xd DW_TAG_member
	.long	.Linfo_string50                 @ DW_AT_name
	.long	215                             @ DW_AT_type
	.byte	3                               @ DW_AT_decl_file
	.short	1029                            @ DW_AT_decl_line
	.byte	160                             @ DW_AT_data_member_location
	.byte	13                              @ Abbrev [13] 0x2ae:0xd DW_TAG_member
	.long	.Linfo_string51                 @ DW_AT_name
	.long	215                             @ DW_AT_type
	.byte	3                               @ DW_AT_decl_file
	.short	1030                            @ DW_AT_decl_line
	.byte	164                             @ DW_AT_data_member_location
	.byte	13                              @ Abbrev [13] 0x2bb:0xd DW_TAG_member
	.long	.Linfo_string52                 @ DW_AT_name
	.long	215                             @ DW_AT_type
	.byte	3                               @ DW_AT_decl_file
	.short	1031                            @ DW_AT_decl_line
	.byte	168                             @ DW_AT_data_member_location
	.byte	13                              @ Abbrev [13] 0x2c8:0xd DW_TAG_member
	.long	.Linfo_string53                 @ DW_AT_name
	.long	215                             @ DW_AT_type
	.byte	3                               @ DW_AT_decl_file
	.short	1032                            @ DW_AT_decl_line
	.byte	172                             @ DW_AT_data_member_location
	.byte	13                              @ Abbrev [13] 0x2d5:0xd DW_TAG_member
	.long	.Linfo_string54                 @ DW_AT_name
	.long	215                             @ DW_AT_type
	.byte	3                               @ DW_AT_decl_file
	.short	1033                            @ DW_AT_decl_line
	.byte	176                             @ DW_AT_data_member_location
	.byte	0                               @ End Of Children Mark
	.byte	9                               @ Abbrev [9] 0x2e3:0xc DW_TAG_array_type
	.long	238                             @ DW_AT_type
	.byte	10                              @ Abbrev [10] 0x2e8:0x6 DW_TAG_subrange_type
	.long	255                             @ DW_AT_type
	.byte	2                               @ DW_AT_count
	.byte	0                               @ End Of Children Mark
	.byte	9                               @ Abbrev [9] 0x2ef:0xc DW_TAG_array_type
	.long	238                             @ DW_AT_type
	.byte	10                              @ Abbrev [10] 0x2f4:0x6 DW_TAG_subrange_type
	.long	255                             @ DW_AT_type
	.byte	3                               @ DW_AT_count
	.byte	0                               @ End Of Children Mark
	.byte	9                               @ Abbrev [9] 0x2fb:0xc DW_TAG_array_type
	.long	238                             @ DW_AT_type
	.byte	10                              @ Abbrev [10] 0x300:0x6 DW_TAG_subrange_type
	.long	255                             @ DW_AT_type
	.byte	4                               @ DW_AT_count
	.byte	0                               @ End Of Children Mark
	.byte	2                               @ Abbrev [2] 0x307:0x5 DW_TAG_pointer_type
	.long	780                             @ DW_AT_type
	.byte	12                              @ Abbrev [12] 0x30c:0xc DW_TAG_typedef
	.long	792                             @ DW_AT_type
	.long	.Linfo_string111                @ DW_AT_name
	.byte	4                               @ DW_AT_decl_file
	.short	2191                            @ DW_AT_decl_line
	.byte	14                              @ Abbrev [14] 0x318:0x328 DW_TAG_structure_type
	.short	1028                            @ DW_AT_byte_size
	.byte	4                               @ DW_AT_decl_file
	.byte	26                              @ DW_AT_decl_line
	.byte	13                              @ Abbrev [13] 0x31d:0xd DW_TAG_member
	.long	.Linfo_string56                 @ DW_AT_name
	.long	238                             @ DW_AT_type
	.byte	4                               @ DW_AT_decl_file
	.short	2109                            @ DW_AT_decl_line
	.byte	0                               @ DW_AT_data_member_location
	.byte	13                              @ Abbrev [13] 0x32a:0xd DW_TAG_member
	.long	.Linfo_string57                 @ DW_AT_name
	.long	215                             @ DW_AT_type
	.byte	4                               @ DW_AT_decl_file
	.short	2110                            @ DW_AT_decl_line
	.byte	4                               @ DW_AT_data_member_location
	.byte	13                              @ Abbrev [13] 0x337:0xd DW_TAG_member
	.long	.Linfo_string58                 @ DW_AT_name
	.long	215                             @ DW_AT_type
	.byte	4                               @ DW_AT_decl_file
	.short	2111                            @ DW_AT_decl_line
	.byte	8                               @ DW_AT_data_member_location
	.byte	13                              @ Abbrev [13] 0x344:0xd DW_TAG_member
	.long	.Linfo_string59                 @ DW_AT_name
	.long	215                             @ DW_AT_type
	.byte	4                               @ DW_AT_decl_file
	.short	2112                            @ DW_AT_decl_line
	.byte	12                              @ DW_AT_data_member_location
	.byte	13                              @ Abbrev [13] 0x351:0xd DW_TAG_member
	.long	.Linfo_string60                 @ DW_AT_name
	.long	215                             @ DW_AT_type
	.byte	4                               @ DW_AT_decl_file
	.short	2113                            @ DW_AT_decl_line
	.byte	16                              @ DW_AT_data_member_location
	.byte	13                              @ Abbrev [13] 0x35e:0xd DW_TAG_member
	.long	.Linfo_string16                 @ DW_AT_name
	.long	243                             @ DW_AT_type
	.byte	4                               @ DW_AT_decl_file
	.short	2115                            @ DW_AT_decl_line
	.byte	20                              @ DW_AT_data_member_location
	.byte	13                              @ Abbrev [13] 0x36b:0xd DW_TAG_member
	.long	.Linfo_string61                 @ DW_AT_name
	.long	215                             @ DW_AT_type
	.byte	4                               @ DW_AT_decl_file
	.short	2117                            @ DW_AT_decl_line
	.byte	24                              @ DW_AT_data_member_location
	.byte	13                              @ Abbrev [13] 0x378:0xd DW_TAG_member
	.long	.Linfo_string62                 @ DW_AT_name
	.long	215                             @ DW_AT_type
	.byte	4                               @ DW_AT_decl_file
	.short	2118                            @ DW_AT_decl_line
	.byte	28                              @ DW_AT_data_member_location
	.byte	13                              @ Abbrev [13] 0x385:0xd DW_TAG_member
	.long	.Linfo_string34                 @ DW_AT_name
	.long	243                             @ DW_AT_type
	.byte	4                               @ DW_AT_decl_file
	.short	2120                            @ DW_AT_decl_line
	.byte	32                              @ DW_AT_data_member_location
	.byte	13                              @ Abbrev [13] 0x392:0xd DW_TAG_member
	.long	.Linfo_string63                 @ DW_AT_name
	.long	215                             @ DW_AT_type
	.byte	4                               @ DW_AT_decl_file
	.short	2122                            @ DW_AT_decl_line
	.byte	36                              @ DW_AT_data_member_location
	.byte	13                              @ Abbrev [13] 0x39f:0xd DW_TAG_member
	.long	.Linfo_string64                 @ DW_AT_name
	.long	215                             @ DW_AT_type
	.byte	4                               @ DW_AT_decl_file
	.short	2123                            @ DW_AT_decl_line
	.byte	40                              @ DW_AT_data_member_location
	.byte	13                              @ Abbrev [13] 0x3ac:0xd DW_TAG_member
	.long	.Linfo_string65                 @ DW_AT_name
	.long	215                             @ DW_AT_type
	.byte	4                               @ DW_AT_decl_file
	.short	2124                            @ DW_AT_decl_line
	.byte	44                              @ DW_AT_data_member_location
	.byte	13                              @ Abbrev [13] 0x3b9:0xd DW_TAG_member
	.long	.Linfo_string66                 @ DW_AT_name
	.long	215                             @ DW_AT_type
	.byte	4                               @ DW_AT_decl_file
	.short	2125                            @ DW_AT_decl_line
	.byte	48                              @ DW_AT_data_member_location
	.byte	13                              @ Abbrev [13] 0x3c6:0xd DW_TAG_member
	.long	.Linfo_string67                 @ DW_AT_name
	.long	215                             @ DW_AT_type
	.byte	4                               @ DW_AT_decl_file
	.short	2126                            @ DW_AT_decl_line
	.byte	52                              @ DW_AT_data_member_location
	.byte	13                              @ Abbrev [13] 0x3d3:0xd DW_TAG_member
	.long	.Linfo_string68                 @ DW_AT_name
	.long	215                             @ DW_AT_type
	.byte	4                               @ DW_AT_decl_file
	.short	2127                            @ DW_AT_decl_line
	.byte	56                              @ DW_AT_data_member_location
	.byte	13                              @ Abbrev [13] 0x3e0:0xd DW_TAG_member
	.long	.Linfo_string69                 @ DW_AT_name
	.long	215                             @ DW_AT_type
	.byte	4                               @ DW_AT_decl_file
	.short	2128                            @ DW_AT_decl_line
	.byte	60                              @ DW_AT_data_member_location
	.byte	13                              @ Abbrev [13] 0x3ed:0xd DW_TAG_member
	.long	.Linfo_string70                 @ DW_AT_name
	.long	215                             @ DW_AT_type
	.byte	4                               @ DW_AT_decl_file
	.short	2129                            @ DW_AT_decl_line
	.byte	64                              @ DW_AT_data_member_location
	.byte	13                              @ Abbrev [13] 0x3fa:0xd DW_TAG_member
	.long	.Linfo_string71                 @ DW_AT_name
	.long	215                             @ DW_AT_type
	.byte	4                               @ DW_AT_decl_file
	.short	2130                            @ DW_AT_decl_line
	.byte	68                              @ DW_AT_data_member_location
	.byte	13                              @ Abbrev [13] 0x407:0xd DW_TAG_member
	.long	.Linfo_string72                 @ DW_AT_name
	.long	215                             @ DW_AT_type
	.byte	4                               @ DW_AT_decl_file
	.short	2131                            @ DW_AT_decl_line
	.byte	72                              @ DW_AT_data_member_location
	.byte	13                              @ Abbrev [13] 0x414:0xd DW_TAG_member
	.long	.Linfo_string73                 @ DW_AT_name
	.long	215                             @ DW_AT_type
	.byte	4                               @ DW_AT_decl_file
	.short	2132                            @ DW_AT_decl_line
	.byte	76                              @ DW_AT_data_member_location
	.byte	13                              @ Abbrev [13] 0x421:0xd DW_TAG_member
	.long	.Linfo_string74                 @ DW_AT_name
	.long	215                             @ DW_AT_type
	.byte	4                               @ DW_AT_decl_file
	.short	2133                            @ DW_AT_decl_line
	.byte	80                              @ DW_AT_data_member_location
	.byte	13                              @ Abbrev [13] 0x42e:0xd DW_TAG_member
	.long	.Linfo_string75                 @ DW_AT_name
	.long	215                             @ DW_AT_type
	.byte	4                               @ DW_AT_decl_file
	.short	2134                            @ DW_AT_decl_line
	.byte	84                              @ DW_AT_data_member_location
	.byte	13                              @ Abbrev [13] 0x43b:0xd DW_TAG_member
	.long	.Linfo_string76                 @ DW_AT_name
	.long	215                             @ DW_AT_type
	.byte	4                               @ DW_AT_decl_file
	.short	2135                            @ DW_AT_decl_line
	.byte	88                              @ DW_AT_data_member_location
	.byte	13                              @ Abbrev [13] 0x448:0xd DW_TAG_member
	.long	.Linfo_string77                 @ DW_AT_name
	.long	215                             @ DW_AT_type
	.byte	4                               @ DW_AT_decl_file
	.short	2136                            @ DW_AT_decl_line
	.byte	92                              @ DW_AT_data_member_location
	.byte	13                              @ Abbrev [13] 0x455:0xd DW_TAG_member
	.long	.Linfo_string78                 @ DW_AT_name
	.long	215                             @ DW_AT_type
	.byte	4                               @ DW_AT_decl_file
	.short	2137                            @ DW_AT_decl_line
	.byte	96                              @ DW_AT_data_member_location
	.byte	13                              @ Abbrev [13] 0x462:0xd DW_TAG_member
	.long	.Linfo_string79                 @ DW_AT_name
	.long	215                             @ DW_AT_type
	.byte	4                               @ DW_AT_decl_file
	.short	2138                            @ DW_AT_decl_line
	.byte	100                             @ DW_AT_data_member_location
	.byte	13                              @ Abbrev [13] 0x46f:0xd DW_TAG_member
	.long	.Linfo_string80                 @ DW_AT_name
	.long	215                             @ DW_AT_type
	.byte	4                               @ DW_AT_decl_file
	.short	2139                            @ DW_AT_decl_line
	.byte	104                             @ DW_AT_data_member_location
	.byte	13                              @ Abbrev [13] 0x47c:0xd DW_TAG_member
	.long	.Linfo_string81                 @ DW_AT_name
	.long	215                             @ DW_AT_type
	.byte	4                               @ DW_AT_decl_file
	.short	2140                            @ DW_AT_decl_line
	.byte	108                             @ DW_AT_data_member_location
	.byte	13                              @ Abbrev [13] 0x489:0xd DW_TAG_member
	.long	.Linfo_string36                 @ DW_AT_name
	.long	763                             @ DW_AT_type
	.byte	4                               @ DW_AT_decl_file
	.short	2142                            @ DW_AT_decl_line
	.byte	112                             @ DW_AT_data_member_location
	.byte	13                              @ Abbrev [13] 0x496:0xd DW_TAG_member
	.long	.Linfo_string82                 @ DW_AT_name
	.long	215                             @ DW_AT_type
	.byte	4                               @ DW_AT_decl_file
	.short	2144                            @ DW_AT_decl_line
	.byte	128                             @ DW_AT_data_member_location
	.byte	13                              @ Abbrev [13] 0x4a3:0xd DW_TAG_member
	.long	.Linfo_string83                 @ DW_AT_name
	.long	215                             @ DW_AT_type
	.byte	4                               @ DW_AT_decl_file
	.short	2145                            @ DW_AT_decl_line
	.byte	132                             @ DW_AT_data_member_location
	.byte	13                              @ Abbrev [13] 0x4b0:0xd DW_TAG_member
	.long	.Linfo_string84                 @ DW_AT_name
	.long	215                             @ DW_AT_type
	.byte	4                               @ DW_AT_decl_file
	.short	2146                            @ DW_AT_decl_line
	.byte	136                             @ DW_AT_data_member_location
	.byte	13                              @ Abbrev [13] 0x4bd:0xd DW_TAG_member
	.long	.Linfo_string85                 @ DW_AT_name
	.long	215                             @ DW_AT_type
	.byte	4                               @ DW_AT_decl_file
	.short	2147                            @ DW_AT_decl_line
	.byte	140                             @ DW_AT_data_member_location
	.byte	13                              @ Abbrev [13] 0x4ca:0xd DW_TAG_member
	.long	.Linfo_string86                 @ DW_AT_name
	.long	215                             @ DW_AT_type
	.byte	4                               @ DW_AT_decl_file
	.short	2148                            @ DW_AT_decl_line
	.byte	144                             @ DW_AT_data_member_location
	.byte	13                              @ Abbrev [13] 0x4d7:0xd DW_TAG_member
	.long	.Linfo_string87                 @ DW_AT_name
	.long	215                             @ DW_AT_type
	.byte	4                               @ DW_AT_decl_file
	.short	2149                            @ DW_AT_decl_line
	.byte	148                             @ DW_AT_data_member_location
	.byte	13                              @ Abbrev [13] 0x4e4:0xd DW_TAG_member
	.long	.Linfo_string88                 @ DW_AT_name
	.long	215                             @ DW_AT_type
	.byte	4                               @ DW_AT_decl_file
	.short	2150                            @ DW_AT_decl_line
	.byte	152                             @ DW_AT_data_member_location
	.byte	13                              @ Abbrev [13] 0x4f1:0xd DW_TAG_member
	.long	.Linfo_string89                 @ DW_AT_name
	.long	215                             @ DW_AT_type
	.byte	4                               @ DW_AT_decl_file
	.short	2151                            @ DW_AT_decl_line
	.byte	156                             @ DW_AT_data_member_location
	.byte	13                              @ Abbrev [13] 0x4fe:0xd DW_TAG_member
	.long	.Linfo_string38                 @ DW_AT_name
	.long	1600                            @ DW_AT_type
	.byte	4                               @ DW_AT_decl_file
	.short	2153                            @ DW_AT_decl_line
	.byte	160                             @ DW_AT_data_member_location
	.byte	13                              @ Abbrev [13] 0x50b:0xd DW_TAG_member
	.long	.Linfo_string90                 @ DW_AT_name
	.long	215                             @ DW_AT_type
	.byte	4                               @ DW_AT_decl_file
	.short	2155                            @ DW_AT_decl_line
	.byte	192                             @ DW_AT_data_member_location
	.byte	13                              @ Abbrev [13] 0x518:0xd DW_TAG_member
	.long	.Linfo_string91                 @ DW_AT_name
	.long	215                             @ DW_AT_type
	.byte	4                               @ DW_AT_decl_file
	.short	2156                            @ DW_AT_decl_line
	.byte	196                             @ DW_AT_data_member_location
	.byte	13                              @ Abbrev [13] 0x525:0xd DW_TAG_member
	.long	.Linfo_string92                 @ DW_AT_name
	.long	238                             @ DW_AT_type
	.byte	4                               @ DW_AT_decl_file
	.short	2157                            @ DW_AT_decl_line
	.byte	200                             @ DW_AT_data_member_location
	.byte	13                              @ Abbrev [13] 0x532:0xd DW_TAG_member
	.long	.Linfo_string40                 @ DW_AT_name
	.long	243                             @ DW_AT_type
	.byte	4                               @ DW_AT_decl_file
	.short	2159                            @ DW_AT_decl_line
	.byte	204                             @ DW_AT_data_member_location
	.byte	13                              @ Abbrev [13] 0x53f:0xd DW_TAG_member
	.long	.Linfo_string93                 @ DW_AT_name
	.long	215                             @ DW_AT_type
	.byte	4                               @ DW_AT_decl_file
	.short	2161                            @ DW_AT_decl_line
	.byte	208                             @ DW_AT_data_member_location
	.byte	13                              @ Abbrev [13] 0x54c:0xd DW_TAG_member
	.long	.Linfo_string94                 @ DW_AT_name
	.long	238                             @ DW_AT_type
	.byte	4                               @ DW_AT_decl_file
	.short	2162                            @ DW_AT_decl_line
	.byte	212                             @ DW_AT_data_member_location
	.byte	13                              @ Abbrev [13] 0x559:0xd DW_TAG_member
	.long	.Linfo_string45                 @ DW_AT_name
	.long	751                             @ DW_AT_type
	.byte	4                               @ DW_AT_decl_file
	.short	2164                            @ DW_AT_decl_line
	.byte	216                             @ DW_AT_data_member_location
	.byte	13                              @ Abbrev [13] 0x566:0xd DW_TAG_member
	.long	.Linfo_string95                 @ DW_AT_name
	.long	215                             @ DW_AT_type
	.byte	4                               @ DW_AT_decl_file
	.short	2166                            @ DW_AT_decl_line
	.byte	228                             @ DW_AT_data_member_location
	.byte	13                              @ Abbrev [13] 0x573:0xd DW_TAG_member
	.long	.Linfo_string96                 @ DW_AT_name
	.long	215                             @ DW_AT_type
	.byte	4                               @ DW_AT_decl_file
	.short	2167                            @ DW_AT_decl_line
	.byte	232                             @ DW_AT_data_member_location
	.byte	13                              @ Abbrev [13] 0x580:0xd DW_TAG_member
	.long	.Linfo_string97                 @ DW_AT_name
	.long	215                             @ DW_AT_type
	.byte	4                               @ DW_AT_decl_file
	.short	2168                            @ DW_AT_decl_line
	.byte	236                             @ DW_AT_data_member_location
	.byte	13                              @ Abbrev [13] 0x58d:0xd DW_TAG_member
	.long	.Linfo_string98                 @ DW_AT_name
	.long	215                             @ DW_AT_type
	.byte	4                               @ DW_AT_decl_file
	.short	2169                            @ DW_AT_decl_line
	.byte	240                             @ DW_AT_data_member_location
	.byte	13                              @ Abbrev [13] 0x59a:0xd DW_TAG_member
	.long	.Linfo_string99                 @ DW_AT_name
	.long	215                             @ DW_AT_type
	.byte	4                               @ DW_AT_decl_file
	.short	2170                            @ DW_AT_decl_line
	.byte	244                             @ DW_AT_data_member_location
	.byte	13                              @ Abbrev [13] 0x5a7:0xd DW_TAG_member
	.long	.Linfo_string100                @ DW_AT_name
	.long	215                             @ DW_AT_type
	.byte	4                               @ DW_AT_decl_file
	.short	2171                            @ DW_AT_decl_line
	.byte	248                             @ DW_AT_data_member_location
	.byte	13                              @ Abbrev [13] 0x5b4:0xd DW_TAG_member
	.long	.Linfo_string101                @ DW_AT_name
	.long	243                             @ DW_AT_type
	.byte	4                               @ DW_AT_decl_file
	.short	2173                            @ DW_AT_decl_line
	.byte	252                             @ DW_AT_data_member_location
	.byte	15                              @ Abbrev [15] 0x5c1:0xe DW_TAG_member
	.long	.Linfo_string102                @ DW_AT_name
	.long	215                             @ DW_AT_type
	.byte	4                               @ DW_AT_decl_file
	.short	2175                            @ DW_AT_decl_line
	.short	256                             @ DW_AT_data_member_location
	.byte	15                              @ Abbrev [15] 0x5cf:0xe DW_TAG_member
	.long	.Linfo_string103                @ DW_AT_name
	.long	1612                            @ DW_AT_type
	.byte	4                               @ DW_AT_decl_file
	.short	2177                            @ DW_AT_decl_line
	.short	260                             @ DW_AT_data_member_location
	.byte	15                              @ Abbrev [15] 0x5dd:0xe DW_TAG_member
	.long	.Linfo_string104                @ DW_AT_name
	.long	215                             @ DW_AT_type
	.byte	4                               @ DW_AT_decl_file
	.short	2179                            @ DW_AT_decl_line
	.short	492                             @ DW_AT_data_member_location
	.byte	15                              @ Abbrev [15] 0x5eb:0xe DW_TAG_member
	.long	.Linfo_string105                @ DW_AT_name
	.long	238                             @ DW_AT_type
	.byte	4                               @ DW_AT_decl_file
	.short	2181                            @ DW_AT_decl_line
	.short	496                             @ DW_AT_data_member_location
	.byte	15                              @ Abbrev [15] 0x5f9:0xe DW_TAG_member
	.long	.Linfo_string106                @ DW_AT_name
	.long	238                             @ DW_AT_type
	.byte	4                               @ DW_AT_decl_file
	.short	2183                            @ DW_AT_decl_line
	.short	500                             @ DW_AT_data_member_location
	.byte	15                              @ Abbrev [15] 0x607:0xe DW_TAG_member
	.long	.Linfo_string107                @ DW_AT_name
	.long	215                             @ DW_AT_type
	.byte	4                               @ DW_AT_decl_file
	.short	2184                            @ DW_AT_decl_line
	.short	504                             @ DW_AT_data_member_location
	.byte	15                              @ Abbrev [15] 0x615:0xe DW_TAG_member
	.long	.Linfo_string108                @ DW_AT_name
	.long	238                             @ DW_AT_type
	.byte	4                               @ DW_AT_decl_file
	.short	2185                            @ DW_AT_decl_line
	.short	508                             @ DW_AT_data_member_location
	.byte	15                              @ Abbrev [15] 0x623:0xe DW_TAG_member
	.long	.Linfo_string109                @ DW_AT_name
	.long	1624                            @ DW_AT_type
	.byte	4                               @ DW_AT_decl_file
	.short	2187                            @ DW_AT_decl_line
	.short	512                             @ DW_AT_data_member_location
	.byte	15                              @ Abbrev [15] 0x631:0xe DW_TAG_member
	.long	.Linfo_string110                @ DW_AT_name
	.long	215                             @ DW_AT_type
	.byte	4                               @ DW_AT_decl_file
	.short	2189                            @ DW_AT_decl_line
	.short	1024                            @ DW_AT_data_member_location
	.byte	0                               @ End Of Children Mark
	.byte	9                               @ Abbrev [9] 0x640:0xc DW_TAG_array_type
	.long	238                             @ DW_AT_type
	.byte	10                              @ Abbrev [10] 0x645:0x6 DW_TAG_subrange_type
	.long	255                             @ DW_AT_type
	.byte	8                               @ DW_AT_count
	.byte	0                               @ End Of Children Mark
	.byte	9                               @ Abbrev [9] 0x64c:0xc DW_TAG_array_type
	.long	238                             @ DW_AT_type
	.byte	10                              @ Abbrev [10] 0x651:0x6 DW_TAG_subrange_type
	.long	255                             @ DW_AT_type
	.byte	58                              @ DW_AT_count
	.byte	0                               @ End Of Children Mark
	.byte	9                               @ Abbrev [9] 0x658:0xc DW_TAG_array_type
	.long	238                             @ DW_AT_type
	.byte	10                              @ Abbrev [10] 0x65d:0x6 DW_TAG_subrange_type
	.long	255                             @ DW_AT_type
	.byte	128                             @ DW_AT_count
	.byte	0                               @ End Of Children Mark
	.byte	16                              @ Abbrev [16] 0x664:0x9 DW_TAG_subprogram
	.long	.Linfo_string112                @ DW_AT_name
	.byte	6                               @ DW_AT_decl_file
	.short	1586                            @ DW_AT_decl_line
                                        @ DW_AT_prototyped
	.byte	1                               @ DW_AT_inline
	.byte	16                              @ Abbrev [16] 0x66d:0x9 DW_TAG_subprogram
	.long	.Linfo_string113                @ DW_AT_name
	.byte	6                               @ DW_AT_decl_file
	.short	1604                            @ DW_AT_decl_line
                                        @ DW_AT_prototyped
	.byte	1                               @ DW_AT_inline
	.byte	17                              @ Abbrev [17] 0x676:0x30 DW_TAG_subprogram
	.long	.Lfunc_begin0                   @ DW_AT_low_pc
	.long	.Lfunc_end0-.Lfunc_begin0       @ DW_AT_high_pc
	.byte	1                               @ DW_AT_frame_base
	.byte	93
                                        @ DW_AT_GNU_all_call_sites
	.long	1702                            @ DW_AT_abstract_origin
	.byte	18                              @ Abbrev [18] 0x685:0x10 DW_TAG_inlined_subroutine
	.long	1636                            @ DW_AT_abstract_origin
	.long	.Ltmp0                          @ DW_AT_low_pc
	.long	.Ltmp9-.Ltmp0                   @ DW_AT_high_pc
	.byte	5                               @ DW_AT_call_file
	.byte	20                              @ DW_AT_call_line
	.byte	5                               @ DW_AT_call_column
	.byte	18                              @ Abbrev [18] 0x695:0x10 DW_TAG_inlined_subroutine
	.long	1645                            @ DW_AT_abstract_origin
	.long	.Ltmp10                         @ DW_AT_low_pc
	.long	.Ltmp11-.Ltmp10                 @ DW_AT_high_pc
	.byte	5                               @ DW_AT_call_file
	.byte	45                              @ DW_AT_call_line
	.byte	5                               @ DW_AT_call_column
	.byte	0                               @ End Of Children Mark
	.byte	19                              @ Abbrev [19] 0x6a6:0x8 DW_TAG_subprogram
	.long	.Linfo_string114                @ DW_AT_name
	.byte	5                               @ DW_AT_decl_file
	.byte	19                              @ DW_AT_decl_line
                                        @ DW_AT_prototyped
                                        @ DW_AT_external
	.byte	1                               @ DW_AT_inline
	.byte	20                              @ Abbrev [20] 0x6ae:0x47 DW_TAG_subprogram
	.long	.Lfunc_begin1                   @ DW_AT_low_pc
	.long	.Lfunc_end1-.Lfunc_begin1       @ DW_AT_high_pc
	.byte	1                               @ DW_AT_frame_base
	.byte	93
                                        @ DW_AT_GNU_all_call_sites
	.long	.Linfo_string115                @ DW_AT_name
	.byte	5                               @ DW_AT_decl_file
	.byte	48                              @ DW_AT_decl_line
	.long	1781                            @ DW_AT_type
                                        @ DW_AT_external
	.byte	21                              @ Abbrev [21] 0x6c3:0x31 DW_TAG_inlined_subroutine
	.long	1702                            @ DW_AT_abstract_origin
	.long	.Ltmp13                         @ DW_AT_low_pc
	.long	.Ltmp24-.Ltmp13                 @ DW_AT_high_pc
	.byte	5                               @ DW_AT_call_file
	.byte	49                              @ DW_AT_call_line
	.byte	5                               @ DW_AT_call_column
	.byte	18                              @ Abbrev [18] 0x6d3:0x10 DW_TAG_inlined_subroutine
	.long	1636                            @ DW_AT_abstract_origin
	.long	.Ltmp13                         @ DW_AT_low_pc
	.long	.Ltmp22-.Ltmp13                 @ DW_AT_high_pc
	.byte	5                               @ DW_AT_call_file
	.byte	20                              @ DW_AT_call_line
	.byte	5                               @ DW_AT_call_column
	.byte	18                              @ Abbrev [18] 0x6e3:0x10 DW_TAG_inlined_subroutine
	.long	1645                            @ DW_AT_abstract_origin
	.long	.Ltmp23                         @ DW_AT_low_pc
	.long	.Ltmp24-.Ltmp23                 @ DW_AT_high_pc
	.byte	5                               @ DW_AT_call_file
	.byte	45                              @ DW_AT_call_line
	.byte	5                               @ DW_AT_call_column
	.byte	0                               @ End Of Children Mark
	.byte	0                               @ End Of Children Mark
	.byte	7                               @ Abbrev [7] 0x6f5:0x7 DW_TAG_base_type
	.long	.Linfo_string116                @ DW_AT_name
	.byte	5                               @ DW_AT_encoding
	.byte	4                               @ DW_AT_byte_size
	.byte	0                               @ End Of Children Mark
.Ldebug_info_end0:
	.section	.debug_str,"MS",%progbits,1
.Linfo_string0:
	.asciz	"Component: Arm Compiler for Embedded 6.22 Tool: armclang [5ee92100]" @ string offset=0
.Linfo_string1:
	.asciz	"main.c"                        @ string offset=68
.Linfo_string2:
	.asciz	"C:\\Users\\Admin\\Downloads\\Embedded System Design and Implementation\\EEET2481_Tutorial_1_LED_Sweep\\Tutorial-1-EEET2481-Embedded-System-Design-and-Implementation" @ string offset=75
.Linfo_string3:
	.asciz	"MODE"                          @ string offset=234
.Linfo_string4:
	.asciz	"unsigned int"                  @ string offset=239
.Linfo_string5:
	.asciz	"uint32_t"                      @ string offset=252
.Linfo_string6:
	.asciz	"DINOFF"                        @ string offset=261
.Linfo_string7:
	.asciz	"DOUT"                          @ string offset=268
.Linfo_string8:
	.asciz	"DATMSK"                        @ string offset=273
.Linfo_string9:
	.asciz	"PIN"                           @ string offset=280
.Linfo_string10:
	.asciz	"DBEN"                          @ string offset=284
.Linfo_string11:
	.asciz	"INTTYPE"                       @ string offset=289
.Linfo_string12:
	.asciz	"INTEN"                         @ string offset=297
.Linfo_string13:
	.asciz	"INTSRC"                        @ string offset=303
.Linfo_string14:
	.asciz	"SMTEN"                         @ string offset=310
.Linfo_string15:
	.asciz	"SLEWCTL"                       @ string offset=316
.Linfo_string16:
	.asciz	"RESERVE0"                      @ string offset=324
.Linfo_string17:
	.asciz	"__ARRAY_SIZE_TYPE__"           @ string offset=333
.Linfo_string18:
	.asciz	"PUSEL"                         @ string offset=353
.Linfo_string19:
	.asciz	"GPIO_T"                        @ string offset=359
.Linfo_string20:
	.asciz	"PWRCTL"                        @ string offset=366
.Linfo_string21:
	.asciz	"AHBCLK"                        @ string offset=373
.Linfo_string22:
	.asciz	"APBCLK0"                       @ string offset=380
.Linfo_string23:
	.asciz	"APBCLK1"                       @ string offset=388
.Linfo_string24:
	.asciz	"CLKSEL0"                       @ string offset=396
.Linfo_string25:
	.asciz	"CLKSEL1"                       @ string offset=404
.Linfo_string26:
	.asciz	"CLKSEL2"                       @ string offset=412
.Linfo_string27:
	.asciz	"CLKSEL3"                       @ string offset=420
.Linfo_string28:
	.asciz	"CLKDIV0"                       @ string offset=428
.Linfo_string29:
	.asciz	"CLKDIV1"                       @ string offset=436
.Linfo_string30:
	.asciz	"CLKDIV2"                       @ string offset=444
.Linfo_string31:
	.asciz	"CLKDIV3"                       @ string offset=452
.Linfo_string32:
	.asciz	"CLKDIV4"                       @ string offset=460
.Linfo_string33:
	.asciz	"PCLKDIV"                       @ string offset=468
.Linfo_string34:
	.asciz	"RESERVE1"                      @ string offset=476
.Linfo_string35:
	.asciz	"PLLCTL"                        @ string offset=485
.Linfo_string36:
	.asciz	"RESERVE2"                      @ string offset=492
.Linfo_string37:
	.asciz	"STATUS"                        @ string offset=501
.Linfo_string38:
	.asciz	"RESERVE3"                      @ string offset=508
.Linfo_string39:
	.asciz	"CLKOCTL"                       @ string offset=517
.Linfo_string40:
	.asciz	"RESERVE4"                      @ string offset=525
.Linfo_string41:
	.asciz	"CLKDCTL"                       @ string offset=534
.Linfo_string42:
	.asciz	"CLKDSTS"                       @ string offset=542
.Linfo_string43:
	.asciz	"CDUPB"                         @ string offset=550
.Linfo_string44:
	.asciz	"CDLOWB"                        @ string offset=556
.Linfo_string45:
	.asciz	"RESERVE5"                      @ string offset=563
.Linfo_string46:
	.asciz	"PMUCTL"                        @ string offset=572
.Linfo_string47:
	.asciz	"PMUSTS"                        @ string offset=579
.Linfo_string48:
	.asciz	"LDOCTL"                        @ string offset=586
.Linfo_string49:
	.asciz	"SWKDBCTL"                      @ string offset=593
.Linfo_string50:
	.asciz	"PASWKCTL"                      @ string offset=602
.Linfo_string51:
	.asciz	"PBSWKCTL"                      @ string offset=611
.Linfo_string52:
	.asciz	"PCSWKCTL"                      @ string offset=620
.Linfo_string53:
	.asciz	"PDSWKCTL"                      @ string offset=629
.Linfo_string54:
	.asciz	"IOPDCTL"                       @ string offset=638
.Linfo_string55:
	.asciz	"CLK_T"                         @ string offset=646
.Linfo_string56:
	.asciz	"PDID"                          @ string offset=652
.Linfo_string57:
	.asciz	"RSTSTS"                        @ string offset=657
.Linfo_string58:
	.asciz	"IPRST0"                        @ string offset=664
.Linfo_string59:
	.asciz	"IPRST1"                        @ string offset=671
.Linfo_string60:
	.asciz	"IPRST2"                        @ string offset=678
.Linfo_string61:
	.asciz	"BODCTL"                        @ string offset=685
.Linfo_string62:
	.asciz	"IVSCTL"                        @ string offset=692
.Linfo_string63:
	.asciz	"PORCTL"                        @ string offset=699
.Linfo_string64:
	.asciz	"VREFCTL"                       @ string offset=706
.Linfo_string65:
	.asciz	"USBPHY"                        @ string offset=714
.Linfo_string66:
	.asciz	"GPA_MFPL"                      @ string offset=721
.Linfo_string67:
	.asciz	"GPA_MFPH"                      @ string offset=730
.Linfo_string68:
	.asciz	"GPB_MFPL"                      @ string offset=739
.Linfo_string69:
	.asciz	"GPB_MFPH"                      @ string offset=748
.Linfo_string70:
	.asciz	"GPC_MFPL"                      @ string offset=757
.Linfo_string71:
	.asciz	"GPC_MFPH"                      @ string offset=766
.Linfo_string72:
	.asciz	"GPD_MFPL"                      @ string offset=775
.Linfo_string73:
	.asciz	"GPD_MFPH"                      @ string offset=784
.Linfo_string74:
	.asciz	"GPE_MFPL"                      @ string offset=793
.Linfo_string75:
	.asciz	"GPE_MFPH"                      @ string offset=802
.Linfo_string76:
	.asciz	"GPF_MFPL"                      @ string offset=811
.Linfo_string77:
	.asciz	"GPF_MFPH"                      @ string offset=820
.Linfo_string78:
	.asciz	"GPG_MFPL"                      @ string offset=829
.Linfo_string79:
	.asciz	"GPG_MFPH"                      @ string offset=838
.Linfo_string80:
	.asciz	"GPH_MFPL"                      @ string offset=847
.Linfo_string81:
	.asciz	"GPH_MFPH"                      @ string offset=856
.Linfo_string82:
	.asciz	"GPA_MFOS"                      @ string offset=865
.Linfo_string83:
	.asciz	"GPB_MFOS"                      @ string offset=874
.Linfo_string84:
	.asciz	"GPC_MFOS"                      @ string offset=883
.Linfo_string85:
	.asciz	"GPD_MFOS"                      @ string offset=892
.Linfo_string86:
	.asciz	"GPE_MFOS"                      @ string offset=901
.Linfo_string87:
	.asciz	"GPF_MFOS"                      @ string offset=910
.Linfo_string88:
	.asciz	"GPG_MFOS"                      @ string offset=919
.Linfo_string89:
	.asciz	"GPH_MFOS"                      @ string offset=928
.Linfo_string90:
	.asciz	"SRAM_INTCTL"                   @ string offset=937
.Linfo_string91:
	.asciz	"SRAM_STATUS"                   @ string offset=949
.Linfo_string92:
	.asciz	"SRAM_ERRADDR"                  @ string offset=961
.Linfo_string93:
	.asciz	"SRAM_BISTCTL"                  @ string offset=974
.Linfo_string94:
	.asciz	"SRAM_BISTSTS"                  @ string offset=987
.Linfo_string95:
	.asciz	"HIRCTCTL"                      @ string offset=1000
.Linfo_string96:
	.asciz	"HIRCTIEN"                      @ string offset=1009
.Linfo_string97:
	.asciz	"HIRCTISTS"                     @ string offset=1018
.Linfo_string98:
	.asciz	"IRCTCTL"                       @ string offset=1028
.Linfo_string99:
	.asciz	"IRCTIEN"                       @ string offset=1036
.Linfo_string100:
	.asciz	"IRCTISTS"                      @ string offset=1044
.Linfo_string101:
	.asciz	"RESERVE6"                      @ string offset=1053
.Linfo_string102:
	.asciz	"REGLCTL"                       @ string offset=1062
.Linfo_string103:
	.asciz	"RESERVE7"                      @ string offset=1070
.Linfo_string104:
	.asciz	"PORDISAN"                      @ string offset=1079
.Linfo_string105:
	.asciz	"RESERVE8"                      @ string offset=1088
.Linfo_string106:
	.asciz	"CSERVER"                       @ string offset=1097
.Linfo_string107:
	.asciz	"PLCTL"                         @ string offset=1105
.Linfo_string108:
	.asciz	"PLSTS"                         @ string offset=1111
.Linfo_string109:
	.asciz	"RESERVE9"                      @ string offset=1117
.Linfo_string110:
	.asciz	"AHBMCTL"                       @ string offset=1126
.Linfo_string111:
	.asciz	"SYS_T"                         @ string offset=1134
.Linfo_string112:
	.asciz	"SYS_UnlockReg"                 @ string offset=1140
.Linfo_string113:
	.asciz	"SYS_LockReg"                   @ string offset=1154
.Linfo_string114:
	.asciz	"SYS_Init"                      @ string offset=1166
.Linfo_string115:
	.asciz	"main"                          @ string offset=1175
.Linfo_string116:
	.asciz	"int"                           @ string offset=1180
	.ident	"Component: Arm Compiler for Embedded 6.22 Tool: armclang [5ee92100]"
	.section	".note.GNU-stack","",%progbits
	.eabi_attribute	30, 1	@ Tag_ABI_optimization_goals
	.ARM_attribute	16, 1	@ Tag_AV_eba
	.section	.debug_line,"",%progbits
.Lline_table_start0:
