	.text
	.syntax unified
	.eabi_attribute	67, "2.09"	@ Tag_conformance
	.cpu	cortex-m4
	.eabi_attribute	6, 13	@ Tag_CPU_arch
	.eabi_attribute	7, 77	@ Tag_CPU_arch_profile
	.eabi_attribute	8, 0	@ Tag_ARM_ISA_use
	.eabi_attribute	9, 2	@ Tag_THUMB_ISA_use
	.fpu	fpv4-sp-d16
	.eabi_attribute	27, 1	@ Tag_ABI_HardFP_use
	.eabi_attribute	36, 1	@ Tag_FP_HP_extension
	.eabi_attribute	34, 1	@ Tag_CPU_unaligned_access
	.eabi_attribute	17, 1	@ Tag_ABI_PCS_GOT_use
	.eabi_attribute	20, 2	@ Tag_ABI_FP_denormal
	.eabi_attribute	21, 0	@ Tag_ABI_FP_exceptions
	.eabi_attribute	23, 1	@ Tag_ABI_FP_number_model
	.eabi_attribute	24, 1	@ Tag_ABI_align_needed
	.eabi_attribute	25, 1	@ Tag_ABI_align_preserved
	.eabi_attribute	28, 1	@ Tag_ABI_VFP_args
	.eabi_attribute	38, 1	@ Tag_ABI_FP_16bit_format
	.eabi_attribute	18, 2	@ Tag_ABI_PCS_wchar_t
	.eabi_attribute	26, 1	@ Tag_ABI_enum_size
	.eabi_attribute	14, 0	@ Tag_ABI_PCS_R9_use
	.file	"sys.c"
	.file	1 "C:\\Users\\Admin" "AppData\\Local\\Keil_v5\\ARM\\ARMCLANG\\bin\\..\\include\\stdint.h"
	.file	2 "C:\\Users\\Admin\\Downloads\\EEET2481_Tutorial_1_LED_Sweep" "./Library/Device/Nuvoton/M480/Include\\sys_reg.h"
	.hidden	SYS_ClearResetSrc               @ -- Begin function SYS_ClearResetSrc
	.globl	SYS_ClearResetSrc
	.p2align	2
	.type	SYS_ClearResetSrc,%function
	.code	16                              @ @SYS_ClearResetSrc
	.thumb_func
SYS_ClearResetSrc:
.Lfunc_begin0:
	.file	3 "C:\\Users\\Admin\\Downloads\\EEET2481_Tutorial_1_LED_Sweep" "Library/StdDriver/src/sys.c"
	.loc	3 45 0                          @ Library/StdDriver/src/sys.c:45:0
	.fnstart
	.cfi_sections .debug_frame
	.cfi_startproc
@ %bb.0:
	@DEBUG_VALUE: SYS_ClearResetSrc:u32Src <- $r0
	movs	r1, #4
	movt	r1, #16384
.Ltmp0:
	.loc	3 46 17 prologue_end            @ Library/StdDriver/src/sys.c:46:17
	ldr	r2, [r1]
	orrs	r0, r2
.Ltmp1:
	@DEBUG_VALUE: SYS_ClearResetSrc:u32Src <- [DW_OP_LLVM_entry_value 1] $r0
	str	r0, [r1]
	.loc	3 47 1                          @ Library/StdDriver/src/sys.c:47:1
	bx	lr
.Ltmp2:
.Lfunc_end0:
	.size	SYS_ClearResetSrc, .Lfunc_end0-SYS_ClearResetSrc
	.cfi_endproc
	.cantunwind
	.fnend
                                        @ -- End function
	.hidden	SYS_GetBODStatus                @ -- Begin function SYS_GetBODStatus
	.globl	SYS_GetBODStatus
	.p2align	2
	.type	SYS_GetBODStatus,%function
	.code	16                              @ @SYS_GetBODStatus
	.thumb_func
SYS_GetBODStatus:
.Lfunc_begin1:
	.loc	3 57 0                          @ Library/StdDriver/src/sys.c:57:0
	.fnstart
	.cfi_startproc
@ %bb.0:
	movs	r0, #24
	movt	r0, #16384
.Ltmp3:
	.loc	3 58 19 prologue_end            @ Library/StdDriver/src/sys.c:58:19
	ldr	r0, [r0]
	.loc	3 58 51 is_stmt 0               @ Library/StdDriver/src/sys.c:58:51
	ubfx	r0, r0, #6, #1
	.loc	3 58 5                          @ Library/StdDriver/src/sys.c:58:5
	bx	lr
.Ltmp4:
.Lfunc_end1:
	.size	SYS_GetBODStatus, .Lfunc_end1-SYS_GetBODStatus
	.cfi_endproc
	.cantunwind
	.fnend
                                        @ -- End function
	.hidden	SYS_GetResetSrc                 @ -- Begin function SYS_GetResetSrc
	.globl	SYS_GetResetSrc
	.p2align	2
	.type	SYS_GetResetSrc,%function
	.code	16                              @ @SYS_GetResetSrc
	.thumb_func
SYS_GetResetSrc:
.Lfunc_begin2:
	.loc	3 68 0 is_stmt 1                @ Library/StdDriver/src/sys.c:68:0
	.fnstart
	.cfi_startproc
@ %bb.0:
	movs	r0, #4
	movt	r0, #16384
.Ltmp5:
	.loc	3 69 18 prologue_end            @ Library/StdDriver/src/sys.c:69:18
	ldr	r0, [r0]
	.loc	3 69 5 is_stmt 0                @ Library/StdDriver/src/sys.c:69:5
	bx	lr
.Ltmp6:
.Lfunc_end2:
	.size	SYS_GetResetSrc, .Lfunc_end2-SYS_GetResetSrc
	.cfi_endproc
	.cantunwind
	.fnend
                                        @ -- End function
	.hidden	SYS_IsRegLocked                 @ -- Begin function SYS_IsRegLocked
	.globl	SYS_IsRegLocked
	.p2align	2
	.type	SYS_IsRegLocked,%function
	.code	16                              @ @SYS_IsRegLocked
	.thumb_func
SYS_IsRegLocked:
.Lfunc_begin3:
	.loc	3 80 0 is_stmt 1                @ Library/StdDriver/src/sys.c:80:0
	.fnstart
	.cfi_startproc
@ %bb.0:
	movw	r0, #256
	movt	r0, #16384
.Ltmp7:
	.loc	3 81 17 prologue_end            @ Library/StdDriver/src/sys.c:81:17
	ldr	r0, [r0]
	movs	r1, #1
	.loc	3 81 12 is_stmt 0               @ Library/StdDriver/src/sys.c:81:12
	bic.w	r0, r1, r0
	.loc	3 81 5                          @ Library/StdDriver/src/sys.c:81:5
	bx	lr
.Ltmp8:
.Lfunc_end3:
	.size	SYS_IsRegLocked, .Lfunc_end3-SYS_IsRegLocked
	.cfi_endproc
	.cantunwind
	.fnend
                                        @ -- End function
	.hidden	SYS_ReadPDID                    @ -- Begin function SYS_ReadPDID
	.globl	SYS_ReadPDID
	.p2align	2
	.type	SYS_ReadPDID,%function
	.code	16                              @ @SYS_ReadPDID
	.thumb_func
SYS_ReadPDID:
.Lfunc_begin4:
	.loc	3 91 0 is_stmt 1                @ Library/StdDriver/src/sys.c:91:0
	.fnstart
	.cfi_startproc
@ %bb.0:
	mov.w	r0, #1073741824
.Ltmp9:
	.loc	3 92 17 prologue_end            @ Library/StdDriver/src/sys.c:92:17
	ldr	r0, [r0]
	.loc	3 92 5 is_stmt 0                @ Library/StdDriver/src/sys.c:92:5
	bx	lr
.Ltmp10:
.Lfunc_end4:
	.size	SYS_ReadPDID, .Lfunc_end4-SYS_ReadPDID
	.cfi_endproc
	.cantunwind
	.fnend
                                        @ -- End function
	.hidden	SYS_ResetChip                   @ -- Begin function SYS_ResetChip
	.globl	SYS_ResetChip
	.p2align	2
	.type	SYS_ResetChip,%function
	.code	16                              @ @SYS_ResetChip
	.thumb_func
SYS_ResetChip:
.Lfunc_begin5:
	.loc	3 103 0 is_stmt 1               @ Library/StdDriver/src/sys.c:103:0
	.fnstart
	.cfi_startproc
@ %bb.0:
	movs	r0, #8
	movt	r0, #16384
.Ltmp11:
	.loc	3 104 17 prologue_end           @ Library/StdDriver/src/sys.c:104:17
	ldr	r1, [r0]
	orr	r1, r1, #1
	str	r1, [r0]
	.loc	3 105 1                         @ Library/StdDriver/src/sys.c:105:1
	bx	lr
.Ltmp12:
.Lfunc_end5:
	.size	SYS_ResetChip, .Lfunc_end5-SYS_ResetChip
	.cfi_endproc
	.cantunwind
	.fnend
                                        @ -- End function
	.hidden	SYS_ResetCPU                    @ -- Begin function SYS_ResetCPU
	.globl	SYS_ResetCPU
	.p2align	2
	.type	SYS_ResetCPU,%function
	.code	16                              @ @SYS_ResetCPU
	.thumb_func
SYS_ResetCPU:
.Lfunc_begin6:
	.loc	3 115 0                         @ Library/StdDriver/src/sys.c:115:0
	.fnstart
	.cfi_startproc
@ %bb.0:
	movs	r0, #8
	movt	r0, #16384
.Ltmp13:
	.loc	3 116 17 prologue_end           @ Library/StdDriver/src/sys.c:116:17
	ldr	r1, [r0]
	orr	r1, r1, #2
	str	r1, [r0]
	.loc	3 117 1                         @ Library/StdDriver/src/sys.c:117:1
	bx	lr
.Ltmp14:
.Lfunc_end6:
	.size	SYS_ResetCPU, .Lfunc_end6-SYS_ResetCPU
	.cfi_endproc
	.cantunwind
	.fnend
                                        @ -- End function
	.hidden	SYS_ResetModule                 @ -- Begin function SYS_ResetModule
	.globl	SYS_ResetModule
	.p2align	2
	.type	SYS_ResetModule,%function
	.code	16                              @ @SYS_ResetModule
	.thumb_func
SYS_ResetModule:
.Lfunc_begin7:
	.loc	3 185 0                         @ Library/StdDriver/src/sys.c:185:0
	.fnstart
	.cfi_startproc
@ %bb.0:
	@DEBUG_VALUE: SYS_ResetModule:u32ModuleIndex <- $r0
	@DEBUG_VALUE: SYS_ResetModule:u32tmpVal <- 0
	@DEBUG_VALUE: SYS_ResetModule:u32tmpAddr <- 0
	movs	r3, #8
.Ltmp15:
	.loc	3 189 41 prologue_end           @ Library/StdDriver/src/sys.c:189:41
	bic	r1, r0, #-16777216
	.loc	3 190 60                        @ Library/StdDriver/src/sys.c:190:60
	lsrs	r0, r0, #24
.Ltmp16:
	@DEBUG_VALUE: SYS_ResetModule:u32ModuleIndex <- [DW_OP_LLVM_entry_value 1] $r0
	.loc	3 0 60 is_stmt 0                @ Library/StdDriver/src/sys.c:0:60
	movt	r3, #16384
.Ltmp17:
	@DEBUG_VALUE: SYS_ResetModule:u32tmpAddr <- [DW_OP_plus_uconst 1073741832, DW_OP_stack_value] $r0
	mov.w	r12, #1
	.loc	3 191 38 is_stmt 1              @ Library/StdDriver/src/sys.c:191:38
	ldr	r2, [r0, r3]
	.loc	3 189 22                        @ Library/StdDriver/src/sys.c:189:22
	lsl.w	r1, r12, r1
.Ltmp18:
	@DEBUG_VALUE: SYS_ResetModule:u32tmpVal <- $r1
	.loc	3 191 38                        @ Library/StdDriver/src/sys.c:191:38
	orrs	r2, r1
	str	r2, [r0, r3]
.Ltmp19:
	@DEBUG_VALUE: SYS_ResetModule:u32tmpVal <- undef
	.loc	3 195 38                        @ Library/StdDriver/src/sys.c:195:38
	ldr	r2, [r0, r3]
	bic.w	r1, r2, r1
	str	r1, [r0, r3]
	.loc	3 196 1                         @ Library/StdDriver/src/sys.c:196:1
	bx	lr
.Ltmp20:
.Lfunc_end7:
	.size	SYS_ResetModule, .Lfunc_end7-SYS_ResetModule
	.cfi_endproc
	.cantunwind
	.fnend
                                        @ -- End function
	.hidden	SYS_EnableBOD                   @ -- Begin function SYS_EnableBOD
	.globl	SYS_EnableBOD
	.p2align	2
	.type	SYS_EnableBOD,%function
	.code	16                              @ @SYS_EnableBOD
	.thumb_func
SYS_EnableBOD:
.Lfunc_begin8:
	.loc	3 217 0                         @ Library/StdDriver/src/sys.c:217:0
	.fnstart
	.cfi_startproc
@ %bb.0:
	@DEBUG_VALUE: SYS_EnableBOD:i32Mode <- $r0
	@DEBUG_VALUE: SYS_EnableBOD:u32BODLevel <- $r1
	movs	r2, #24
	movt	r2, #16384
.Ltmp21:
	.loc	3 219 17 prologue_end           @ Library/StdDriver/src/sys.c:219:17
	ldr	r3, [r2]
	orr	r3, r3, #1
	str	r3, [r2]
	.loc	3 222 25                        @ Library/StdDriver/src/sys.c:222:25
	ldr	r3, [r2]
	.loc	3 222 32 is_stmt 0              @ Library/StdDriver/src/sys.c:222:32
	bic	r3, r3, #8
	.loc	3 222 60                        @ Library/StdDriver/src/sys.c:222:60
	orrs	r0, r3
.Ltmp22:
	@DEBUG_VALUE: SYS_EnableBOD:i32Mode <- [DW_OP_LLVM_entry_value 1] $r0
	.loc	3 222 17                        @ Library/StdDriver/src/sys.c:222:17
	str	r0, [r2]
	.loc	3 225 25 is_stmt 1              @ Library/StdDriver/src/sys.c:225:25
	ldr	r0, [r2]
	.loc	3 225 32 is_stmt 0              @ Library/StdDriver/src/sys.c:225:32
	bic	r0, r0, #458752
	.loc	3 225 57                        @ Library/StdDriver/src/sys.c:225:57
	orrs	r0, r1
	.loc	3 225 17                        @ Library/StdDriver/src/sys.c:225:17
	str	r0, [r2]
	.loc	3 226 1 is_stmt 1               @ Library/StdDriver/src/sys.c:226:1
	bx	lr
.Ltmp23:
.Lfunc_end8:
	.size	SYS_EnableBOD, .Lfunc_end8-SYS_EnableBOD
	.cfi_endproc
	.cantunwind
	.fnend
                                        @ -- End function
	.hidden	SYS_DisableBOD                  @ -- Begin function SYS_DisableBOD
	.globl	SYS_DisableBOD
	.p2align	2
	.type	SYS_DisableBOD,%function
	.code	16                              @ @SYS_DisableBOD
	.thumb_func
SYS_DisableBOD:
.Lfunc_begin9:
	.loc	3 236 0                         @ Library/StdDriver/src/sys.c:236:0
	.fnstart
	.cfi_startproc
@ %bb.0:
	movs	r0, #24
	movt	r0, #16384
.Ltmp24:
	.loc	3 237 17 prologue_end           @ Library/StdDriver/src/sys.c:237:17
	ldr	r1, [r0]
	bic	r1, r1, #1
	str	r1, [r0]
	.loc	3 238 1                         @ Library/StdDriver/src/sys.c:238:1
	bx	lr
.Ltmp25:
.Lfunc_end9:
	.size	SYS_DisableBOD, .Lfunc_end9-SYS_DisableBOD
	.cfi_endproc
	.cantunwind
	.fnend
                                        @ -- End function
	.hidden	SYS_SetPowerLevel               @ -- Begin function SYS_SetPowerLevel
	.globl	SYS_SetPowerLevel
	.p2align	2
	.type	SYS_SetPowerLevel,%function
	.code	16                              @ @SYS_SetPowerLevel
	.thumb_func
SYS_SetPowerLevel:
.Lfunc_begin10:
	.loc	3 250 0                         @ Library/StdDriver/src/sys.c:250:0
	.fnstart
	.cfi_startproc
@ %bb.0:
	@DEBUG_VALUE: SYS_SetPowerLevel:u32PowerLevel <- $r0
	movw	r1, #504
	movt	r1, #16384
.Ltmp26:
	.loc	3 252 24 prologue_end           @ Library/StdDriver/src/sys.c:252:24
	ldr	r2, [r1]
	.loc	3 252 30 is_stmt 0              @ Library/StdDriver/src/sys.c:252:30
	bic	r2, r2, #3
	.loc	3 252 56                        @ Library/StdDriver/src/sys.c:252:56
	orrs	r0, r2
.Ltmp27:
	@DEBUG_VALUE: SYS_SetPowerLevel:u32PowerLevel <- [DW_OP_LLVM_entry_value 1] $r0
	.loc	3 252 16                        @ Library/StdDriver/src/sys.c:252:16
	str	r0, [r1]
	.loc	3 253 1 is_stmt 1               @ Library/StdDriver/src/sys.c:253:1
	bx	lr
.Ltmp28:
.Lfunc_end10:
	.size	SYS_SetPowerLevel, .Lfunc_end10-SYS_SetPowerLevel
	.cfi_endproc
	.cantunwind
	.fnend
                                        @ -- End function
	.hidden	SYS_SetVRef                     @ -- Begin function SYS_SetVRef
	.globl	SYS_SetVRef
	.p2align	2
	.type	SYS_SetVRef,%function
	.code	16                              @ @SYS_SetVRef
	.thumb_func
SYS_SetVRef:
.Lfunc_begin11:
	.loc	3 269 0                         @ Library/StdDriver/src/sys.c:269:0
	.fnstart
	.cfi_startproc
@ %bb.0:
	@DEBUG_VALUE: SYS_SetVRef:u32VRefCTL <- $r0
	movs	r1, #40
	movt	r1, #16384
.Ltmp29:
	.loc	3 271 26 prologue_end           @ Library/StdDriver/src/sys.c:271:26
	ldr	r2, [r1]
	.loc	3 271 34 is_stmt 0              @ Library/StdDriver/src/sys.c:271:34
	bic	r2, r2, #31
	.loc	3 271 64                        @ Library/StdDriver/src/sys.c:271:64
	orrs	r0, r2
.Ltmp30:
	@DEBUG_VALUE: SYS_SetVRef:u32VRefCTL <- [DW_OP_LLVM_entry_value 1] $r0
	.loc	3 271 18                        @ Library/StdDriver/src/sys.c:271:18
	str	r0, [r1]
	.loc	3 272 1 is_stmt 1               @ Library/StdDriver/src/sys.c:272:1
	bx	lr
.Ltmp31:
.Lfunc_end11:
	.size	SYS_SetVRef, .Lfunc_end11-SYS_SetVRef
	.cfi_endproc
	.cantunwind
	.fnend
                                        @ -- End function
	.section	.debug_loc,"",%progbits
.Ldebug_loc0:
	.long	.Lfunc_begin0-.Lfunc_begin0
	.long	.Ltmp1-.Lfunc_begin0
	.short	1                               @ Loc expr size
	.byte	80                              @ DW_OP_reg0
	.long	.Ltmp1-.Lfunc_begin0
	.long	.Lfunc_end0-.Lfunc_begin0
	.short	4                               @ Loc expr size
	.byte	243                             @ DW_OP_GNU_entry_value
	.byte	1                               @ 1
	.byte	80                              @ DW_OP_reg0
	.byte	159                             @ DW_OP_stack_value
	.long	0
	.long	0
.Ldebug_loc1:
	.long	.Lfunc_begin7-.Lfunc_begin0
	.long	.Ltmp16-.Lfunc_begin0
	.short	1                               @ Loc expr size
	.byte	80                              @ DW_OP_reg0
	.long	.Ltmp16-.Lfunc_begin0
	.long	.Lfunc_end7-.Lfunc_begin0
	.short	4                               @ Loc expr size
	.byte	243                             @ DW_OP_GNU_entry_value
	.byte	1                               @ 1
	.byte	80                              @ DW_OP_reg0
	.byte	159                             @ DW_OP_stack_value
	.long	0
	.long	0
.Ldebug_loc2:
	.long	.Lfunc_begin7-.Lfunc_begin0
	.long	.Ltmp18-.Lfunc_begin0
	.short	2                               @ Loc expr size
	.byte	48                              @ DW_OP_lit0
	.byte	159                             @ DW_OP_stack_value
	.long	.Ltmp18-.Lfunc_begin0
	.long	.Ltmp19-.Lfunc_begin0
	.short	1                               @ Loc expr size
	.byte	81                              @ DW_OP_reg1
	.long	0
	.long	0
.Ldebug_loc3:
	.long	.Lfunc_begin7-.Lfunc_begin0
	.long	.Ltmp17-.Lfunc_begin0
	.short	2                               @ Loc expr size
	.byte	48                              @ DW_OP_lit0
	.byte	159                             @ DW_OP_stack_value
	.long	.Ltmp17-.Lfunc_begin0
	.long	.Lfunc_end7-.Lfunc_begin0
	.short	7                               @ Loc expr size
	.byte	112                             @ DW_OP_breg0
	.byte	136                             @ 1073741832
	.byte	128                             @ 
	.byte	128                             @ 
	.byte	128                             @ 
	.byte	4                               @ 
	.byte	159                             @ DW_OP_stack_value
	.long	0
	.long	0
.Ldebug_loc4:
	.long	.Lfunc_begin8-.Lfunc_begin0
	.long	.Ltmp22-.Lfunc_begin0
	.short	1                               @ Loc expr size
	.byte	80                              @ DW_OP_reg0
	.long	.Ltmp22-.Lfunc_begin0
	.long	.Lfunc_end8-.Lfunc_begin0
	.short	4                               @ Loc expr size
	.byte	243                             @ DW_OP_GNU_entry_value
	.byte	1                               @ 1
	.byte	80                              @ DW_OP_reg0
	.byte	159                             @ DW_OP_stack_value
	.long	0
	.long	0
.Ldebug_loc5:
	.long	.Lfunc_begin10-.Lfunc_begin0
	.long	.Ltmp27-.Lfunc_begin0
	.short	1                               @ Loc expr size
	.byte	80                              @ DW_OP_reg0
	.long	.Ltmp27-.Lfunc_begin0
	.long	.Lfunc_end10-.Lfunc_begin0
	.short	4                               @ Loc expr size
	.byte	243                             @ DW_OP_GNU_entry_value
	.byte	1                               @ 1
	.byte	80                              @ DW_OP_reg0
	.byte	159                             @ DW_OP_stack_value
	.long	0
	.long	0
.Ldebug_loc6:
	.long	.Lfunc_begin11-.Lfunc_begin0
	.long	.Ltmp30-.Lfunc_begin0
	.short	1                               @ Loc expr size
	.byte	80                              @ DW_OP_reg0
	.long	.Ltmp30-.Lfunc_begin0
	.long	.Lfunc_end11-.Lfunc_begin0
	.short	4                               @ Loc expr size
	.byte	243                             @ DW_OP_GNU_entry_value
	.byte	1                               @ 1
	.byte	80                              @ DW_OP_reg0
	.byte	159                             @ DW_OP_stack_value
	.long	0
	.long	0
	.section	.debug_abbrev,"",%progbits
	.byte	1                               @ Abbreviation Code
	.byte	17                              @ DW_TAG_compile_unit
	.byte	1                               @ DW_CHILDREN_yes
	.byte	37                              @ DW_AT_producer
	.byte	14                              @ DW_FORM_strp
	.byte	19                              @ DW_AT_language
	.byte	5                               @ DW_FORM_data2
	.byte	3                               @ DW_AT_name
	.byte	14                              @ DW_FORM_strp
	.byte	16                              @ DW_AT_stmt_list
	.byte	23                              @ DW_FORM_sec_offset
	.byte	27                              @ DW_AT_comp_dir
	.byte	14                              @ DW_FORM_strp
	.byte	17                              @ DW_AT_low_pc
	.byte	1                               @ DW_FORM_addr
	.byte	18                              @ DW_AT_high_pc
	.byte	6                               @ DW_FORM_data4
	.byte	0                               @ EOM(1)
	.byte	0                               @ EOM(2)
	.byte	2                               @ Abbreviation Code
	.byte	15                              @ DW_TAG_pointer_type
	.byte	0                               @ DW_CHILDREN_no
	.byte	73                              @ DW_AT_type
	.byte	19                              @ DW_FORM_ref4
	.byte	0                               @ EOM(1)
	.byte	0                               @ EOM(2)
	.byte	3                               @ Abbreviation Code
	.byte	22                              @ DW_TAG_typedef
	.byte	0                               @ DW_CHILDREN_no
	.byte	73                              @ DW_AT_type
	.byte	19                              @ DW_FORM_ref4
	.byte	3                               @ DW_AT_name
	.byte	14                              @ DW_FORM_strp
	.byte	58                              @ DW_AT_decl_file
	.byte	11                              @ DW_FORM_data1
	.byte	59                              @ DW_AT_decl_line
	.byte	5                               @ DW_FORM_data2
	.byte	0                               @ EOM(1)
	.byte	0                               @ EOM(2)
	.byte	4                               @ Abbreviation Code
	.byte	19                              @ DW_TAG_structure_type
	.byte	1                               @ DW_CHILDREN_yes
	.byte	11                              @ DW_AT_byte_size
	.byte	5                               @ DW_FORM_data2
	.byte	58                              @ DW_AT_decl_file
	.byte	11                              @ DW_FORM_data1
	.byte	59                              @ DW_AT_decl_line
	.byte	11                              @ DW_FORM_data1
	.byte	0                               @ EOM(1)
	.byte	0                               @ EOM(2)
	.byte	5                               @ Abbreviation Code
	.byte	13                              @ DW_TAG_member
	.byte	0                               @ DW_CHILDREN_no
	.byte	3                               @ DW_AT_name
	.byte	14                              @ DW_FORM_strp
	.byte	73                              @ DW_AT_type
	.byte	19                              @ DW_FORM_ref4
	.byte	58                              @ DW_AT_decl_file
	.byte	11                              @ DW_FORM_data1
	.byte	59                              @ DW_AT_decl_line
	.byte	5                               @ DW_FORM_data2
	.byte	56                              @ DW_AT_data_member_location
	.byte	11                              @ DW_FORM_data1
	.byte	0                               @ EOM(1)
	.byte	0                               @ EOM(2)
	.byte	6                               @ Abbreviation Code
	.byte	13                              @ DW_TAG_member
	.byte	0                               @ DW_CHILDREN_no
	.byte	3                               @ DW_AT_name
	.byte	14                              @ DW_FORM_strp
	.byte	73                              @ DW_AT_type
	.byte	19                              @ DW_FORM_ref4
	.byte	58                              @ DW_AT_decl_file
	.byte	11                              @ DW_FORM_data1
	.byte	59                              @ DW_AT_decl_line
	.byte	5                               @ DW_FORM_data2
	.byte	56                              @ DW_AT_data_member_location
	.byte	5                               @ DW_FORM_data2
	.byte	0                               @ EOM(1)
	.byte	0                               @ EOM(2)
	.byte	7                               @ Abbreviation Code
	.byte	38                              @ DW_TAG_const_type
	.byte	0                               @ DW_CHILDREN_no
	.byte	73                              @ DW_AT_type
	.byte	19                              @ DW_FORM_ref4
	.byte	0                               @ EOM(1)
	.byte	0                               @ EOM(2)
	.byte	8                               @ Abbreviation Code
	.byte	53                              @ DW_TAG_volatile_type
	.byte	0                               @ DW_CHILDREN_no
	.byte	73                              @ DW_AT_type
	.byte	19                              @ DW_FORM_ref4
	.byte	0                               @ EOM(1)
	.byte	0                               @ EOM(2)
	.byte	9                               @ Abbreviation Code
	.byte	22                              @ DW_TAG_typedef
	.byte	0                               @ DW_CHILDREN_no
	.byte	73                              @ DW_AT_type
	.byte	19                              @ DW_FORM_ref4
	.byte	3                               @ DW_AT_name
	.byte	14                              @ DW_FORM_strp
	.byte	58                              @ DW_AT_decl_file
	.byte	11                              @ DW_FORM_data1
	.byte	59                              @ DW_AT_decl_line
	.byte	11                              @ DW_FORM_data1
	.byte	0                               @ EOM(1)
	.byte	0                               @ EOM(2)
	.byte	10                              @ Abbreviation Code
	.byte	36                              @ DW_TAG_base_type
	.byte	0                               @ DW_CHILDREN_no
	.byte	3                               @ DW_AT_name
	.byte	14                              @ DW_FORM_strp
	.byte	62                              @ DW_AT_encoding
	.byte	11                              @ DW_FORM_data1
	.byte	11                              @ DW_AT_byte_size
	.byte	11                              @ DW_FORM_data1
	.byte	0                               @ EOM(1)
	.byte	0                               @ EOM(2)
	.byte	11                              @ Abbreviation Code
	.byte	1                               @ DW_TAG_array_type
	.byte	1                               @ DW_CHILDREN_yes
	.byte	73                              @ DW_AT_type
	.byte	19                              @ DW_FORM_ref4
	.byte	0                               @ EOM(1)
	.byte	0                               @ EOM(2)
	.byte	12                              @ Abbreviation Code
	.byte	33                              @ DW_TAG_subrange_type
	.byte	0                               @ DW_CHILDREN_no
	.byte	73                              @ DW_AT_type
	.byte	19                              @ DW_FORM_ref4
	.byte	55                              @ DW_AT_count
	.byte	11                              @ DW_FORM_data1
	.byte	0                               @ EOM(1)
	.byte	0                               @ EOM(2)
	.byte	13                              @ Abbreviation Code
	.byte	36                              @ DW_TAG_base_type
	.byte	0                               @ DW_CHILDREN_no
	.byte	3                               @ DW_AT_name
	.byte	14                              @ DW_FORM_strp
	.byte	11                              @ DW_AT_byte_size
	.byte	11                              @ DW_FORM_data1
	.byte	62                              @ DW_AT_encoding
	.byte	11                              @ DW_FORM_data1
	.byte	0                               @ EOM(1)
	.byte	0                               @ EOM(2)
	.byte	14                              @ Abbreviation Code
	.byte	46                              @ DW_TAG_subprogram
	.byte	1                               @ DW_CHILDREN_yes
	.byte	17                              @ DW_AT_low_pc
	.byte	1                               @ DW_FORM_addr
	.byte	18                              @ DW_AT_high_pc
	.byte	6                               @ DW_FORM_data4
	.byte	64                              @ DW_AT_frame_base
	.byte	24                              @ DW_FORM_exprloc
	.ascii	"\227B"                         @ DW_AT_GNU_all_call_sites
	.byte	25                              @ DW_FORM_flag_present
	.byte	3                               @ DW_AT_name
	.byte	14                              @ DW_FORM_strp
	.byte	58                              @ DW_AT_decl_file
	.byte	11                              @ DW_FORM_data1
	.byte	59                              @ DW_AT_decl_line
	.byte	11                              @ DW_FORM_data1
	.byte	39                              @ DW_AT_prototyped
	.byte	25                              @ DW_FORM_flag_present
	.byte	63                              @ DW_AT_external
	.byte	25                              @ DW_FORM_flag_present
	.byte	0                               @ EOM(1)
	.byte	0                               @ EOM(2)
	.byte	15                              @ Abbreviation Code
	.byte	5                               @ DW_TAG_formal_parameter
	.byte	0                               @ DW_CHILDREN_no
	.byte	2                               @ DW_AT_location
	.byte	23                              @ DW_FORM_sec_offset
	.byte	3                               @ DW_AT_name
	.byte	14                              @ DW_FORM_strp
	.byte	58                              @ DW_AT_decl_file
	.byte	11                              @ DW_FORM_data1
	.byte	59                              @ DW_AT_decl_line
	.byte	11                              @ DW_FORM_data1
	.byte	73                              @ DW_AT_type
	.byte	19                              @ DW_FORM_ref4
	.byte	0                               @ EOM(1)
	.byte	0                               @ EOM(2)
	.byte	16                              @ Abbreviation Code
	.byte	46                              @ DW_TAG_subprogram
	.byte	0                               @ DW_CHILDREN_no
	.byte	17                              @ DW_AT_low_pc
	.byte	1                               @ DW_FORM_addr
	.byte	18                              @ DW_AT_high_pc
	.byte	6                               @ DW_FORM_data4
	.byte	64                              @ DW_AT_frame_base
	.byte	24                              @ DW_FORM_exprloc
	.ascii	"\227B"                         @ DW_AT_GNU_all_call_sites
	.byte	25                              @ DW_FORM_flag_present
	.byte	3                               @ DW_AT_name
	.byte	14                              @ DW_FORM_strp
	.byte	58                              @ DW_AT_decl_file
	.byte	11                              @ DW_FORM_data1
	.byte	59                              @ DW_AT_decl_line
	.byte	11                              @ DW_FORM_data1
	.byte	39                              @ DW_AT_prototyped
	.byte	25                              @ DW_FORM_flag_present
	.byte	73                              @ DW_AT_type
	.byte	19                              @ DW_FORM_ref4
	.byte	63                              @ DW_AT_external
	.byte	25                              @ DW_FORM_flag_present
	.byte	0                               @ EOM(1)
	.byte	0                               @ EOM(2)
	.byte	17                              @ Abbreviation Code
	.byte	46                              @ DW_TAG_subprogram
	.byte	0                               @ DW_CHILDREN_no
	.byte	17                              @ DW_AT_low_pc
	.byte	1                               @ DW_FORM_addr
	.byte	18                              @ DW_AT_high_pc
	.byte	6                               @ DW_FORM_data4
	.byte	64                              @ DW_AT_frame_base
	.byte	24                              @ DW_FORM_exprloc
	.ascii	"\227B"                         @ DW_AT_GNU_all_call_sites
	.byte	25                              @ DW_FORM_flag_present
	.byte	3                               @ DW_AT_name
	.byte	14                              @ DW_FORM_strp
	.byte	58                              @ DW_AT_decl_file
	.byte	11                              @ DW_FORM_data1
	.byte	59                              @ DW_AT_decl_line
	.byte	11                              @ DW_FORM_data1
	.byte	39                              @ DW_AT_prototyped
	.byte	25                              @ DW_FORM_flag_present
	.byte	63                              @ DW_AT_external
	.byte	25                              @ DW_FORM_flag_present
	.byte	0                               @ EOM(1)
	.byte	0                               @ EOM(2)
	.byte	18                              @ Abbreviation Code
	.byte	52                              @ DW_TAG_variable
	.byte	0                               @ DW_CHILDREN_no
	.byte	2                               @ DW_AT_location
	.byte	23                              @ DW_FORM_sec_offset
	.byte	3                               @ DW_AT_name
	.byte	14                              @ DW_FORM_strp
	.byte	58                              @ DW_AT_decl_file
	.byte	11                              @ DW_FORM_data1
	.byte	59                              @ DW_AT_decl_line
	.byte	11                              @ DW_FORM_data1
	.byte	73                              @ DW_AT_type
	.byte	19                              @ DW_FORM_ref4
	.byte	0                               @ EOM(1)
	.byte	0                               @ EOM(2)
	.byte	19                              @ Abbreviation Code
	.byte	5                               @ DW_TAG_formal_parameter
	.byte	0                               @ DW_CHILDREN_no
	.byte	2                               @ DW_AT_location
	.byte	24                              @ DW_FORM_exprloc
	.byte	3                               @ DW_AT_name
	.byte	14                              @ DW_FORM_strp
	.byte	58                              @ DW_AT_decl_file
	.byte	11                              @ DW_FORM_data1
	.byte	59                              @ DW_AT_decl_line
	.byte	11                              @ DW_FORM_data1
	.byte	73                              @ DW_AT_type
	.byte	19                              @ DW_FORM_ref4
	.byte	0                               @ EOM(1)
	.byte	0                               @ EOM(2)
	.byte	20                              @ Abbreviation Code
	.byte	46                              @ DW_TAG_subprogram
	.byte	1                               @ DW_CHILDREN_yes
	.byte	17                              @ DW_AT_low_pc
	.byte	1                               @ DW_FORM_addr
	.byte	18                              @ DW_AT_high_pc
	.byte	6                               @ DW_FORM_data4
	.byte	64                              @ DW_AT_frame_base
	.byte	24                              @ DW_FORM_exprloc
	.ascii	"\227B"                         @ DW_AT_GNU_all_call_sites
	.byte	25                              @ DW_FORM_flag_present
	.byte	3                               @ DW_AT_name
	.byte	14                              @ DW_FORM_strp
	.byte	58                              @ DW_AT_decl_file
	.byte	11                              @ DW_FORM_data1
	.byte	59                              @ DW_AT_decl_line
	.byte	5                               @ DW_FORM_data2
	.byte	39                              @ DW_AT_prototyped
	.byte	25                              @ DW_FORM_flag_present
	.byte	63                              @ DW_AT_external
	.byte	25                              @ DW_FORM_flag_present
	.byte	0                               @ EOM(1)
	.byte	0                               @ EOM(2)
	.byte	21                              @ Abbreviation Code
	.byte	5                               @ DW_TAG_formal_parameter
	.byte	0                               @ DW_CHILDREN_no
	.byte	2                               @ DW_AT_location
	.byte	23                              @ DW_FORM_sec_offset
	.byte	3                               @ DW_AT_name
	.byte	14                              @ DW_FORM_strp
	.byte	58                              @ DW_AT_decl_file
	.byte	11                              @ DW_FORM_data1
	.byte	59                              @ DW_AT_decl_line
	.byte	5                               @ DW_FORM_data2
	.byte	73                              @ DW_AT_type
	.byte	19                              @ DW_FORM_ref4
	.byte	0                               @ EOM(1)
	.byte	0                               @ EOM(2)
	.byte	0                               @ EOM(3)
	.section	.debug_info,"",%progbits
.Lcu_begin0:
	.long	.Ldebug_info_end0-.Ldebug_info_start0 @ Length of Unit
.Ldebug_info_start0:
	.short	4                               @ DWARF version number
	.long	.debug_abbrev                   @ Offset Into Abbrev. Section
	.byte	4                               @ Address Size (in bytes)
	.byte	1                               @ Abbrev [1] 0xb:0x530 DW_TAG_compile_unit
	.long	.Linfo_string0                  @ DW_AT_producer
	.short	1                               @ DW_AT_language
	.long	.Linfo_string1                  @ DW_AT_name
	.long	.Lline_table_start0             @ DW_AT_stmt_list
	.long	.Linfo_string2                  @ DW_AT_comp_dir
	.long	.Lfunc_begin0                   @ DW_AT_low_pc
	.long	.Lfunc_end11-.Lfunc_begin0      @ DW_AT_high_pc
	.byte	2                               @ Abbrev [2] 0x26:0x5 DW_TAG_pointer_type
	.long	43                              @ DW_AT_type
	.byte	3                               @ Abbrev [3] 0x2b:0xc DW_TAG_typedef
	.long	55                              @ DW_AT_type
	.long	.Linfo_string67                 @ DW_AT_name
	.byte	2                               @ DW_AT_decl_file
	.short	2191                            @ DW_AT_decl_line
	.byte	4                               @ Abbrev [4] 0x37:0x328 DW_TAG_structure_type
	.short	1028                            @ DW_AT_byte_size
	.byte	2                               @ DW_AT_decl_file
	.byte	26                              @ DW_AT_decl_line
	.byte	5                               @ Abbrev [5] 0x3c:0xd DW_TAG_member
	.long	.Linfo_string3                  @ DW_AT_name
	.long	863                             @ DW_AT_type
	.byte	2                               @ DW_AT_decl_file
	.short	2109                            @ DW_AT_decl_line
	.byte	0                               @ DW_AT_data_member_location
	.byte	5                               @ Abbrev [5] 0x49:0xd DW_TAG_member
	.long	.Linfo_string6                  @ DW_AT_name
	.long	868                             @ DW_AT_type
	.byte	2                               @ DW_AT_decl_file
	.short	2110                            @ DW_AT_decl_line
	.byte	4                               @ DW_AT_data_member_location
	.byte	5                               @ Abbrev [5] 0x56:0xd DW_TAG_member
	.long	.Linfo_string7                  @ DW_AT_name
	.long	868                             @ DW_AT_type
	.byte	2                               @ DW_AT_decl_file
	.short	2111                            @ DW_AT_decl_line
	.byte	8                               @ DW_AT_data_member_location
	.byte	5                               @ Abbrev [5] 0x63:0xd DW_TAG_member
	.long	.Linfo_string8                  @ DW_AT_name
	.long	868                             @ DW_AT_type
	.byte	2                               @ DW_AT_decl_file
	.short	2112                            @ DW_AT_decl_line
	.byte	12                              @ DW_AT_data_member_location
	.byte	5                               @ Abbrev [5] 0x70:0xd DW_TAG_member
	.long	.Linfo_string9                  @ DW_AT_name
	.long	868                             @ DW_AT_type
	.byte	2                               @ DW_AT_decl_file
	.short	2113                            @ DW_AT_decl_line
	.byte	16                              @ DW_AT_data_member_location
	.byte	5                               @ Abbrev [5] 0x7d:0xd DW_TAG_member
	.long	.Linfo_string10                 @ DW_AT_name
	.long	891                             @ DW_AT_type
	.byte	2                               @ DW_AT_decl_file
	.short	2115                            @ DW_AT_decl_line
	.byte	20                              @ DW_AT_data_member_location
	.byte	5                               @ Abbrev [5] 0x8a:0xd DW_TAG_member
	.long	.Linfo_string12                 @ DW_AT_name
	.long	868                             @ DW_AT_type
	.byte	2                               @ DW_AT_decl_file
	.short	2117                            @ DW_AT_decl_line
	.byte	24                              @ DW_AT_data_member_location
	.byte	5                               @ Abbrev [5] 0x97:0xd DW_TAG_member
	.long	.Linfo_string13                 @ DW_AT_name
	.long	868                             @ DW_AT_type
	.byte	2                               @ DW_AT_decl_file
	.short	2118                            @ DW_AT_decl_line
	.byte	28                              @ DW_AT_data_member_location
	.byte	5                               @ Abbrev [5] 0xa4:0xd DW_TAG_member
	.long	.Linfo_string14                 @ DW_AT_name
	.long	891                             @ DW_AT_type
	.byte	2                               @ DW_AT_decl_file
	.short	2120                            @ DW_AT_decl_line
	.byte	32                              @ DW_AT_data_member_location
	.byte	5                               @ Abbrev [5] 0xb1:0xd DW_TAG_member
	.long	.Linfo_string15                 @ DW_AT_name
	.long	868                             @ DW_AT_type
	.byte	2                               @ DW_AT_decl_file
	.short	2122                            @ DW_AT_decl_line
	.byte	36                              @ DW_AT_data_member_location
	.byte	5                               @ Abbrev [5] 0xbe:0xd DW_TAG_member
	.long	.Linfo_string16                 @ DW_AT_name
	.long	868                             @ DW_AT_type
	.byte	2                               @ DW_AT_decl_file
	.short	2123                            @ DW_AT_decl_line
	.byte	40                              @ DW_AT_data_member_location
	.byte	5                               @ Abbrev [5] 0xcb:0xd DW_TAG_member
	.long	.Linfo_string17                 @ DW_AT_name
	.long	868                             @ DW_AT_type
	.byte	2                               @ DW_AT_decl_file
	.short	2124                            @ DW_AT_decl_line
	.byte	44                              @ DW_AT_data_member_location
	.byte	5                               @ Abbrev [5] 0xd8:0xd DW_TAG_member
	.long	.Linfo_string18                 @ DW_AT_name
	.long	868                             @ DW_AT_type
	.byte	2                               @ DW_AT_decl_file
	.short	2125                            @ DW_AT_decl_line
	.byte	48                              @ DW_AT_data_member_location
	.byte	5                               @ Abbrev [5] 0xe5:0xd DW_TAG_member
	.long	.Linfo_string19                 @ DW_AT_name
	.long	868                             @ DW_AT_type
	.byte	2                               @ DW_AT_decl_file
	.short	2126                            @ DW_AT_decl_line
	.byte	52                              @ DW_AT_data_member_location
	.byte	5                               @ Abbrev [5] 0xf2:0xd DW_TAG_member
	.long	.Linfo_string20                 @ DW_AT_name
	.long	868                             @ DW_AT_type
	.byte	2                               @ DW_AT_decl_file
	.short	2127                            @ DW_AT_decl_line
	.byte	56                              @ DW_AT_data_member_location
	.byte	5                               @ Abbrev [5] 0xff:0xd DW_TAG_member
	.long	.Linfo_string21                 @ DW_AT_name
	.long	868                             @ DW_AT_type
	.byte	2                               @ DW_AT_decl_file
	.short	2128                            @ DW_AT_decl_line
	.byte	60                              @ DW_AT_data_member_location
	.byte	5                               @ Abbrev [5] 0x10c:0xd DW_TAG_member
	.long	.Linfo_string22                 @ DW_AT_name
	.long	868                             @ DW_AT_type
	.byte	2                               @ DW_AT_decl_file
	.short	2129                            @ DW_AT_decl_line
	.byte	64                              @ DW_AT_data_member_location
	.byte	5                               @ Abbrev [5] 0x119:0xd DW_TAG_member
	.long	.Linfo_string23                 @ DW_AT_name
	.long	868                             @ DW_AT_type
	.byte	2                               @ DW_AT_decl_file
	.short	2130                            @ DW_AT_decl_line
	.byte	68                              @ DW_AT_data_member_location
	.byte	5                               @ Abbrev [5] 0x126:0xd DW_TAG_member
	.long	.Linfo_string24                 @ DW_AT_name
	.long	868                             @ DW_AT_type
	.byte	2                               @ DW_AT_decl_file
	.short	2131                            @ DW_AT_decl_line
	.byte	72                              @ DW_AT_data_member_location
	.byte	5                               @ Abbrev [5] 0x133:0xd DW_TAG_member
	.long	.Linfo_string25                 @ DW_AT_name
	.long	868                             @ DW_AT_type
	.byte	2                               @ DW_AT_decl_file
	.short	2132                            @ DW_AT_decl_line
	.byte	76                              @ DW_AT_data_member_location
	.byte	5                               @ Abbrev [5] 0x140:0xd DW_TAG_member
	.long	.Linfo_string26                 @ DW_AT_name
	.long	868                             @ DW_AT_type
	.byte	2                               @ DW_AT_decl_file
	.short	2133                            @ DW_AT_decl_line
	.byte	80                              @ DW_AT_data_member_location
	.byte	5                               @ Abbrev [5] 0x14d:0xd DW_TAG_member
	.long	.Linfo_string27                 @ DW_AT_name
	.long	868                             @ DW_AT_type
	.byte	2                               @ DW_AT_decl_file
	.short	2134                            @ DW_AT_decl_line
	.byte	84                              @ DW_AT_data_member_location
	.byte	5                               @ Abbrev [5] 0x15a:0xd DW_TAG_member
	.long	.Linfo_string28                 @ DW_AT_name
	.long	868                             @ DW_AT_type
	.byte	2                               @ DW_AT_decl_file
	.short	2135                            @ DW_AT_decl_line
	.byte	88                              @ DW_AT_data_member_location
	.byte	5                               @ Abbrev [5] 0x167:0xd DW_TAG_member
	.long	.Linfo_string29                 @ DW_AT_name
	.long	868                             @ DW_AT_type
	.byte	2                               @ DW_AT_decl_file
	.short	2136                            @ DW_AT_decl_line
	.byte	92                              @ DW_AT_data_member_location
	.byte	5                               @ Abbrev [5] 0x174:0xd DW_TAG_member
	.long	.Linfo_string30                 @ DW_AT_name
	.long	868                             @ DW_AT_type
	.byte	2                               @ DW_AT_decl_file
	.short	2137                            @ DW_AT_decl_line
	.byte	96                              @ DW_AT_data_member_location
	.byte	5                               @ Abbrev [5] 0x181:0xd DW_TAG_member
	.long	.Linfo_string31                 @ DW_AT_name
	.long	868                             @ DW_AT_type
	.byte	2                               @ DW_AT_decl_file
	.short	2138                            @ DW_AT_decl_line
	.byte	100                             @ DW_AT_data_member_location
	.byte	5                               @ Abbrev [5] 0x18e:0xd DW_TAG_member
	.long	.Linfo_string32                 @ DW_AT_name
	.long	868                             @ DW_AT_type
	.byte	2                               @ DW_AT_decl_file
	.short	2139                            @ DW_AT_decl_line
	.byte	104                             @ DW_AT_data_member_location
	.byte	5                               @ Abbrev [5] 0x19b:0xd DW_TAG_member
	.long	.Linfo_string33                 @ DW_AT_name
	.long	868                             @ DW_AT_type
	.byte	2                               @ DW_AT_decl_file
	.short	2140                            @ DW_AT_decl_line
	.byte	108                             @ DW_AT_data_member_location
	.byte	5                               @ Abbrev [5] 0x1a8:0xd DW_TAG_member
	.long	.Linfo_string34                 @ DW_AT_name
	.long	910                             @ DW_AT_type
	.byte	2                               @ DW_AT_decl_file
	.short	2142                            @ DW_AT_decl_line
	.byte	112                             @ DW_AT_data_member_location
	.byte	5                               @ Abbrev [5] 0x1b5:0xd DW_TAG_member
	.long	.Linfo_string35                 @ DW_AT_name
	.long	868                             @ DW_AT_type
	.byte	2                               @ DW_AT_decl_file
	.short	2144                            @ DW_AT_decl_line
	.byte	128                             @ DW_AT_data_member_location
	.byte	5                               @ Abbrev [5] 0x1c2:0xd DW_TAG_member
	.long	.Linfo_string36                 @ DW_AT_name
	.long	868                             @ DW_AT_type
	.byte	2                               @ DW_AT_decl_file
	.short	2145                            @ DW_AT_decl_line
	.byte	132                             @ DW_AT_data_member_location
	.byte	5                               @ Abbrev [5] 0x1cf:0xd DW_TAG_member
	.long	.Linfo_string37                 @ DW_AT_name
	.long	868                             @ DW_AT_type
	.byte	2                               @ DW_AT_decl_file
	.short	2146                            @ DW_AT_decl_line
	.byte	136                             @ DW_AT_data_member_location
	.byte	5                               @ Abbrev [5] 0x1dc:0xd DW_TAG_member
	.long	.Linfo_string38                 @ DW_AT_name
	.long	868                             @ DW_AT_type
	.byte	2                               @ DW_AT_decl_file
	.short	2147                            @ DW_AT_decl_line
	.byte	140                             @ DW_AT_data_member_location
	.byte	5                               @ Abbrev [5] 0x1e9:0xd DW_TAG_member
	.long	.Linfo_string39                 @ DW_AT_name
	.long	868                             @ DW_AT_type
	.byte	2                               @ DW_AT_decl_file
	.short	2148                            @ DW_AT_decl_line
	.byte	144                             @ DW_AT_data_member_location
	.byte	5                               @ Abbrev [5] 0x1f6:0xd DW_TAG_member
	.long	.Linfo_string40                 @ DW_AT_name
	.long	868                             @ DW_AT_type
	.byte	2                               @ DW_AT_decl_file
	.short	2149                            @ DW_AT_decl_line
	.byte	148                             @ DW_AT_data_member_location
	.byte	5                               @ Abbrev [5] 0x203:0xd DW_TAG_member
	.long	.Linfo_string41                 @ DW_AT_name
	.long	868                             @ DW_AT_type
	.byte	2                               @ DW_AT_decl_file
	.short	2150                            @ DW_AT_decl_line
	.byte	152                             @ DW_AT_data_member_location
	.byte	5                               @ Abbrev [5] 0x210:0xd DW_TAG_member
	.long	.Linfo_string42                 @ DW_AT_name
	.long	868                             @ DW_AT_type
	.byte	2                               @ DW_AT_decl_file
	.short	2151                            @ DW_AT_decl_line
	.byte	156                             @ DW_AT_data_member_location
	.byte	5                               @ Abbrev [5] 0x21d:0xd DW_TAG_member
	.long	.Linfo_string43                 @ DW_AT_name
	.long	922                             @ DW_AT_type
	.byte	2                               @ DW_AT_decl_file
	.short	2153                            @ DW_AT_decl_line
	.byte	160                             @ DW_AT_data_member_location
	.byte	5                               @ Abbrev [5] 0x22a:0xd DW_TAG_member
	.long	.Linfo_string44                 @ DW_AT_name
	.long	868                             @ DW_AT_type
	.byte	2                               @ DW_AT_decl_file
	.short	2155                            @ DW_AT_decl_line
	.byte	192                             @ DW_AT_data_member_location
	.byte	5                               @ Abbrev [5] 0x237:0xd DW_TAG_member
	.long	.Linfo_string45                 @ DW_AT_name
	.long	868                             @ DW_AT_type
	.byte	2                               @ DW_AT_decl_file
	.short	2156                            @ DW_AT_decl_line
	.byte	196                             @ DW_AT_data_member_location
	.byte	5                               @ Abbrev [5] 0x244:0xd DW_TAG_member
	.long	.Linfo_string46                 @ DW_AT_name
	.long	863                             @ DW_AT_type
	.byte	2                               @ DW_AT_decl_file
	.short	2157                            @ DW_AT_decl_line
	.byte	200                             @ DW_AT_data_member_location
	.byte	5                               @ Abbrev [5] 0x251:0xd DW_TAG_member
	.long	.Linfo_string47                 @ DW_AT_name
	.long	891                             @ DW_AT_type
	.byte	2                               @ DW_AT_decl_file
	.short	2159                            @ DW_AT_decl_line
	.byte	204                             @ DW_AT_data_member_location
	.byte	5                               @ Abbrev [5] 0x25e:0xd DW_TAG_member
	.long	.Linfo_string48                 @ DW_AT_name
	.long	868                             @ DW_AT_type
	.byte	2                               @ DW_AT_decl_file
	.short	2161                            @ DW_AT_decl_line
	.byte	208                             @ DW_AT_data_member_location
	.byte	5                               @ Abbrev [5] 0x26b:0xd DW_TAG_member
	.long	.Linfo_string49                 @ DW_AT_name
	.long	863                             @ DW_AT_type
	.byte	2                               @ DW_AT_decl_file
	.short	2162                            @ DW_AT_decl_line
	.byte	212                             @ DW_AT_data_member_location
	.byte	5                               @ Abbrev [5] 0x278:0xd DW_TAG_member
	.long	.Linfo_string50                 @ DW_AT_name
	.long	934                             @ DW_AT_type
	.byte	2                               @ DW_AT_decl_file
	.short	2164                            @ DW_AT_decl_line
	.byte	216                             @ DW_AT_data_member_location
	.byte	5                               @ Abbrev [5] 0x285:0xd DW_TAG_member
	.long	.Linfo_string51                 @ DW_AT_name
	.long	868                             @ DW_AT_type
	.byte	2                               @ DW_AT_decl_file
	.short	2166                            @ DW_AT_decl_line
	.byte	228                             @ DW_AT_data_member_location
	.byte	5                               @ Abbrev [5] 0x292:0xd DW_TAG_member
	.long	.Linfo_string52                 @ DW_AT_name
	.long	868                             @ DW_AT_type
	.byte	2                               @ DW_AT_decl_file
	.short	2167                            @ DW_AT_decl_line
	.byte	232                             @ DW_AT_data_member_location
	.byte	5                               @ Abbrev [5] 0x29f:0xd DW_TAG_member
	.long	.Linfo_string53                 @ DW_AT_name
	.long	868                             @ DW_AT_type
	.byte	2                               @ DW_AT_decl_file
	.short	2168                            @ DW_AT_decl_line
	.byte	236                             @ DW_AT_data_member_location
	.byte	5                               @ Abbrev [5] 0x2ac:0xd DW_TAG_member
	.long	.Linfo_string54                 @ DW_AT_name
	.long	868                             @ DW_AT_type
	.byte	2                               @ DW_AT_decl_file
	.short	2169                            @ DW_AT_decl_line
	.byte	240                             @ DW_AT_data_member_location
	.byte	5                               @ Abbrev [5] 0x2b9:0xd DW_TAG_member
	.long	.Linfo_string55                 @ DW_AT_name
	.long	868                             @ DW_AT_type
	.byte	2                               @ DW_AT_decl_file
	.short	2170                            @ DW_AT_decl_line
	.byte	244                             @ DW_AT_data_member_location
	.byte	5                               @ Abbrev [5] 0x2c6:0xd DW_TAG_member
	.long	.Linfo_string56                 @ DW_AT_name
	.long	868                             @ DW_AT_type
	.byte	2                               @ DW_AT_decl_file
	.short	2171                            @ DW_AT_decl_line
	.byte	248                             @ DW_AT_data_member_location
	.byte	5                               @ Abbrev [5] 0x2d3:0xd DW_TAG_member
	.long	.Linfo_string57                 @ DW_AT_name
	.long	891                             @ DW_AT_type
	.byte	2                               @ DW_AT_decl_file
	.short	2173                            @ DW_AT_decl_line
	.byte	252                             @ DW_AT_data_member_location
	.byte	6                               @ Abbrev [6] 0x2e0:0xe DW_TAG_member
	.long	.Linfo_string58                 @ DW_AT_name
	.long	868                             @ DW_AT_type
	.byte	2                               @ DW_AT_decl_file
	.short	2175                            @ DW_AT_decl_line
	.short	256                             @ DW_AT_data_member_location
	.byte	6                               @ Abbrev [6] 0x2ee:0xe DW_TAG_member
	.long	.Linfo_string59                 @ DW_AT_name
	.long	946                             @ DW_AT_type
	.byte	2                               @ DW_AT_decl_file
	.short	2177                            @ DW_AT_decl_line
	.short	260                             @ DW_AT_data_member_location
	.byte	6                               @ Abbrev [6] 0x2fc:0xe DW_TAG_member
	.long	.Linfo_string60                 @ DW_AT_name
	.long	868                             @ DW_AT_type
	.byte	2                               @ DW_AT_decl_file
	.short	2179                            @ DW_AT_decl_line
	.short	492                             @ DW_AT_data_member_location
	.byte	6                               @ Abbrev [6] 0x30a:0xe DW_TAG_member
	.long	.Linfo_string61                 @ DW_AT_name
	.long	863                             @ DW_AT_type
	.byte	2                               @ DW_AT_decl_file
	.short	2181                            @ DW_AT_decl_line
	.short	496                             @ DW_AT_data_member_location
	.byte	6                               @ Abbrev [6] 0x318:0xe DW_TAG_member
	.long	.Linfo_string62                 @ DW_AT_name
	.long	863                             @ DW_AT_type
	.byte	2                               @ DW_AT_decl_file
	.short	2183                            @ DW_AT_decl_line
	.short	500                             @ DW_AT_data_member_location
	.byte	6                               @ Abbrev [6] 0x326:0xe DW_TAG_member
	.long	.Linfo_string63                 @ DW_AT_name
	.long	868                             @ DW_AT_type
	.byte	2                               @ DW_AT_decl_file
	.short	2184                            @ DW_AT_decl_line
	.short	504                             @ DW_AT_data_member_location
	.byte	6                               @ Abbrev [6] 0x334:0xe DW_TAG_member
	.long	.Linfo_string64                 @ DW_AT_name
	.long	863                             @ DW_AT_type
	.byte	2                               @ DW_AT_decl_file
	.short	2185                            @ DW_AT_decl_line
	.short	508                             @ DW_AT_data_member_location
	.byte	6                               @ Abbrev [6] 0x342:0xe DW_TAG_member
	.long	.Linfo_string65                 @ DW_AT_name
	.long	958                             @ DW_AT_type
	.byte	2                               @ DW_AT_decl_file
	.short	2187                            @ DW_AT_decl_line
	.short	512                             @ DW_AT_data_member_location
	.byte	6                               @ Abbrev [6] 0x350:0xe DW_TAG_member
	.long	.Linfo_string66                 @ DW_AT_name
	.long	868                             @ DW_AT_type
	.byte	2                               @ DW_AT_decl_file
	.short	2189                            @ DW_AT_decl_line
	.short	1024                            @ DW_AT_data_member_location
	.byte	0                               @ End Of Children Mark
	.byte	7                               @ Abbrev [7] 0x35f:0x5 DW_TAG_const_type
	.long	868                             @ DW_AT_type
	.byte	8                               @ Abbrev [8] 0x364:0x5 DW_TAG_volatile_type
	.long	873                             @ DW_AT_type
	.byte	9                               @ Abbrev [9] 0x369:0xb DW_TAG_typedef
	.long	884                             @ DW_AT_type
	.long	.Linfo_string5                  @ DW_AT_name
	.byte	1                               @ DW_AT_decl_file
	.byte	64                              @ DW_AT_decl_line
	.byte	10                              @ Abbrev [10] 0x374:0x7 DW_TAG_base_type
	.long	.Linfo_string4                  @ DW_AT_name
	.byte	7                               @ DW_AT_encoding
	.byte	4                               @ DW_AT_byte_size
	.byte	11                              @ Abbrev [11] 0x37b:0xc DW_TAG_array_type
	.long	863                             @ DW_AT_type
	.byte	12                              @ Abbrev [12] 0x380:0x6 DW_TAG_subrange_type
	.long	903                             @ DW_AT_type
	.byte	1                               @ DW_AT_count
	.byte	0                               @ End Of Children Mark
	.byte	13                              @ Abbrev [13] 0x387:0x7 DW_TAG_base_type
	.long	.Linfo_string11                 @ DW_AT_name
	.byte	8                               @ DW_AT_byte_size
	.byte	7                               @ DW_AT_encoding
	.byte	11                              @ Abbrev [11] 0x38e:0xc DW_TAG_array_type
	.long	863                             @ DW_AT_type
	.byte	12                              @ Abbrev [12] 0x393:0x6 DW_TAG_subrange_type
	.long	903                             @ DW_AT_type
	.byte	4                               @ DW_AT_count
	.byte	0                               @ End Of Children Mark
	.byte	11                              @ Abbrev [11] 0x39a:0xc DW_TAG_array_type
	.long	863                             @ DW_AT_type
	.byte	12                              @ Abbrev [12] 0x39f:0x6 DW_TAG_subrange_type
	.long	903                             @ DW_AT_type
	.byte	8                               @ DW_AT_count
	.byte	0                               @ End Of Children Mark
	.byte	11                              @ Abbrev [11] 0x3a6:0xc DW_TAG_array_type
	.long	863                             @ DW_AT_type
	.byte	12                              @ Abbrev [12] 0x3ab:0x6 DW_TAG_subrange_type
	.long	903                             @ DW_AT_type
	.byte	3                               @ DW_AT_count
	.byte	0                               @ End Of Children Mark
	.byte	11                              @ Abbrev [11] 0x3b2:0xc DW_TAG_array_type
	.long	863                             @ DW_AT_type
	.byte	12                              @ Abbrev [12] 0x3b7:0x6 DW_TAG_subrange_type
	.long	903                             @ DW_AT_type
	.byte	58                              @ DW_AT_count
	.byte	0                               @ End Of Children Mark
	.byte	11                              @ Abbrev [11] 0x3be:0xc DW_TAG_array_type
	.long	863                             @ DW_AT_type
	.byte	12                              @ Abbrev [12] 0x3c3:0x6 DW_TAG_subrange_type
	.long	903                             @ DW_AT_type
	.byte	128                             @ DW_AT_count
	.byte	0                               @ End Of Children Mark
	.byte	2                               @ Abbrev [2] 0x3ca:0x5 DW_TAG_pointer_type
	.long	868                             @ DW_AT_type
	.byte	14                              @ Abbrev [14] 0x3cf:0x21 DW_TAG_subprogram
	.long	.Lfunc_begin0                   @ DW_AT_low_pc
	.long	.Lfunc_end0-.Lfunc_begin0       @ DW_AT_high_pc
	.byte	1                               @ DW_AT_frame_base
	.byte	93
                                        @ DW_AT_GNU_all_call_sites
	.long	.Linfo_string68                 @ DW_AT_name
	.byte	3                               @ DW_AT_decl_file
	.byte	44                              @ DW_AT_decl_line
                                        @ DW_AT_prototyped
                                        @ DW_AT_external
	.byte	15                              @ Abbrev [15] 0x3e0:0xf DW_TAG_formal_parameter
	.long	.Ldebug_loc0                    @ DW_AT_location
	.long	.Linfo_string80                 @ DW_AT_name
	.byte	3                               @ DW_AT_decl_file
	.byte	44                              @ DW_AT_decl_line
	.long	873                             @ DW_AT_type
	.byte	0                               @ End Of Children Mark
	.byte	16                              @ Abbrev [16] 0x3f0:0x15 DW_TAG_subprogram
	.long	.Lfunc_begin1                   @ DW_AT_low_pc
	.long	.Lfunc_end1-.Lfunc_begin1       @ DW_AT_high_pc
	.byte	1                               @ DW_AT_frame_base
	.byte	93
                                        @ DW_AT_GNU_all_call_sites
	.long	.Linfo_string69                 @ DW_AT_name
	.byte	3                               @ DW_AT_decl_file
	.byte	56                              @ DW_AT_decl_line
                                        @ DW_AT_prototyped
	.long	873                             @ DW_AT_type
                                        @ DW_AT_external
	.byte	16                              @ Abbrev [16] 0x405:0x15 DW_TAG_subprogram
	.long	.Lfunc_begin2                   @ DW_AT_low_pc
	.long	.Lfunc_end2-.Lfunc_begin2       @ DW_AT_high_pc
	.byte	1                               @ DW_AT_frame_base
	.byte	93
                                        @ DW_AT_GNU_all_call_sites
	.long	.Linfo_string70                 @ DW_AT_name
	.byte	3                               @ DW_AT_decl_file
	.byte	67                              @ DW_AT_decl_line
                                        @ DW_AT_prototyped
	.long	873                             @ DW_AT_type
                                        @ DW_AT_external
	.byte	16                              @ Abbrev [16] 0x41a:0x15 DW_TAG_subprogram
	.long	.Lfunc_begin3                   @ DW_AT_low_pc
	.long	.Lfunc_end3-.Lfunc_begin3       @ DW_AT_high_pc
	.byte	1                               @ DW_AT_frame_base
	.byte	93
                                        @ DW_AT_GNU_all_call_sites
	.long	.Linfo_string71                 @ DW_AT_name
	.byte	3                               @ DW_AT_decl_file
	.byte	79                              @ DW_AT_decl_line
                                        @ DW_AT_prototyped
	.long	873                             @ DW_AT_type
                                        @ DW_AT_external
	.byte	16                              @ Abbrev [16] 0x42f:0x15 DW_TAG_subprogram
	.long	.Lfunc_begin4                   @ DW_AT_low_pc
	.long	.Lfunc_end4-.Lfunc_begin4       @ DW_AT_high_pc
	.byte	1                               @ DW_AT_frame_base
	.byte	93
                                        @ DW_AT_GNU_all_call_sites
	.long	.Linfo_string72                 @ DW_AT_name
	.byte	3                               @ DW_AT_decl_file
	.byte	90                              @ DW_AT_decl_line
                                        @ DW_AT_prototyped
	.long	873                             @ DW_AT_type
                                        @ DW_AT_external
	.byte	17                              @ Abbrev [17] 0x444:0x11 DW_TAG_subprogram
	.long	.Lfunc_begin5                   @ DW_AT_low_pc
	.long	.Lfunc_end5-.Lfunc_begin5       @ DW_AT_high_pc
	.byte	1                               @ DW_AT_frame_base
	.byte	93
                                        @ DW_AT_GNU_all_call_sites
	.long	.Linfo_string73                 @ DW_AT_name
	.byte	3                               @ DW_AT_decl_file
	.byte	102                             @ DW_AT_decl_line
                                        @ DW_AT_prototyped
                                        @ DW_AT_external
	.byte	17                              @ Abbrev [17] 0x455:0x11 DW_TAG_subprogram
	.long	.Lfunc_begin6                   @ DW_AT_low_pc
	.long	.Lfunc_end6-.Lfunc_begin6       @ DW_AT_high_pc
	.byte	1                               @ DW_AT_frame_base
	.byte	93
                                        @ DW_AT_GNU_all_call_sites
	.long	.Linfo_string74                 @ DW_AT_name
	.byte	3                               @ DW_AT_decl_file
	.byte	114                             @ DW_AT_decl_line
                                        @ DW_AT_prototyped
                                        @ DW_AT_external
	.byte	14                              @ Abbrev [14] 0x466:0x3f DW_TAG_subprogram
	.long	.Lfunc_begin7                   @ DW_AT_low_pc
	.long	.Lfunc_end7-.Lfunc_begin7       @ DW_AT_high_pc
	.byte	1                               @ DW_AT_frame_base
	.byte	93
                                        @ DW_AT_GNU_all_call_sites
	.long	.Linfo_string75                 @ DW_AT_name
	.byte	3                               @ DW_AT_decl_file
	.byte	184                             @ DW_AT_decl_line
                                        @ DW_AT_prototyped
                                        @ DW_AT_external
	.byte	15                              @ Abbrev [15] 0x477:0xf DW_TAG_formal_parameter
	.long	.Ldebug_loc1                    @ DW_AT_location
	.long	.Linfo_string81                 @ DW_AT_name
	.byte	3                               @ DW_AT_decl_file
	.byte	184                             @ DW_AT_decl_line
	.long	873                             @ DW_AT_type
	.byte	18                              @ Abbrev [18] 0x486:0xf DW_TAG_variable
	.long	.Ldebug_loc2                    @ DW_AT_location
	.long	.Linfo_string82                 @ DW_AT_name
	.byte	3                               @ DW_AT_decl_file
	.byte	186                             @ DW_AT_decl_line
	.long	873                             @ DW_AT_type
	.byte	18                              @ Abbrev [18] 0x495:0xf DW_TAG_variable
	.long	.Ldebug_loc3                    @ DW_AT_location
	.long	.Linfo_string83                 @ DW_AT_name
	.byte	3                               @ DW_AT_decl_file
	.byte	186                             @ DW_AT_decl_line
	.long	873                             @ DW_AT_type
	.byte	0                               @ End Of Children Mark
	.byte	14                              @ Abbrev [14] 0x4a5:0x2e DW_TAG_subprogram
	.long	.Lfunc_begin8                   @ DW_AT_low_pc
	.long	.Lfunc_end8-.Lfunc_begin8       @ DW_AT_high_pc
	.byte	1                               @ DW_AT_frame_base
	.byte	93
                                        @ DW_AT_GNU_all_call_sites
	.long	.Linfo_string76                 @ DW_AT_name
	.byte	3                               @ DW_AT_decl_file
	.byte	216                             @ DW_AT_decl_line
                                        @ DW_AT_prototyped
                                        @ DW_AT_external
	.byte	15                              @ Abbrev [15] 0x4b6:0xf DW_TAG_formal_parameter
	.long	.Ldebug_loc4                    @ DW_AT_location
	.long	.Linfo_string84                 @ DW_AT_name
	.byte	3                               @ DW_AT_decl_file
	.byte	216                             @ DW_AT_decl_line
	.long	1320                            @ DW_AT_type
	.byte	19                              @ Abbrev [19] 0x4c5:0xd DW_TAG_formal_parameter
	.byte	1                               @ DW_AT_location
	.byte	81
	.long	.Linfo_string87                 @ DW_AT_name
	.byte	3                               @ DW_AT_decl_file
	.byte	216                             @ DW_AT_decl_line
	.long	873                             @ DW_AT_type
	.byte	0                               @ End Of Children Mark
	.byte	17                              @ Abbrev [17] 0x4d3:0x11 DW_TAG_subprogram
	.long	.Lfunc_begin9                   @ DW_AT_low_pc
	.long	.Lfunc_end9-.Lfunc_begin9       @ DW_AT_high_pc
	.byte	1                               @ DW_AT_frame_base
	.byte	93
                                        @ DW_AT_GNU_all_call_sites
	.long	.Linfo_string77                 @ DW_AT_name
	.byte	3                               @ DW_AT_decl_file
	.byte	235                             @ DW_AT_decl_line
                                        @ DW_AT_prototyped
                                        @ DW_AT_external
	.byte	14                              @ Abbrev [14] 0x4e4:0x21 DW_TAG_subprogram
	.long	.Lfunc_begin10                  @ DW_AT_low_pc
	.long	.Lfunc_end10-.Lfunc_begin10     @ DW_AT_high_pc
	.byte	1                               @ DW_AT_frame_base
	.byte	93
                                        @ DW_AT_GNU_all_call_sites
	.long	.Linfo_string78                 @ DW_AT_name
	.byte	3                               @ DW_AT_decl_file
	.byte	249                             @ DW_AT_decl_line
                                        @ DW_AT_prototyped
                                        @ DW_AT_external
	.byte	15                              @ Abbrev [15] 0x4f5:0xf DW_TAG_formal_parameter
	.long	.Ldebug_loc5                    @ DW_AT_location
	.long	.Linfo_string88                 @ DW_AT_name
	.byte	3                               @ DW_AT_decl_file
	.byte	249                             @ DW_AT_decl_line
	.long	873                             @ DW_AT_type
	.byte	0                               @ End Of Children Mark
	.byte	20                              @ Abbrev [20] 0x505:0x23 DW_TAG_subprogram
	.long	.Lfunc_begin11                  @ DW_AT_low_pc
	.long	.Lfunc_end11-.Lfunc_begin11     @ DW_AT_high_pc
	.byte	1                               @ DW_AT_frame_base
	.byte	93
                                        @ DW_AT_GNU_all_call_sites
	.long	.Linfo_string79                 @ DW_AT_name
	.byte	3                               @ DW_AT_decl_file
	.short	268                             @ DW_AT_decl_line
                                        @ DW_AT_prototyped
                                        @ DW_AT_external
	.byte	21                              @ Abbrev [21] 0x517:0x10 DW_TAG_formal_parameter
	.long	.Ldebug_loc6                    @ DW_AT_location
	.long	.Linfo_string89                 @ DW_AT_name
	.byte	3                               @ DW_AT_decl_file
	.short	268                             @ DW_AT_decl_line
	.long	873                             @ DW_AT_type
	.byte	0                               @ End Of Children Mark
	.byte	9                               @ Abbrev [9] 0x528:0xb DW_TAG_typedef
	.long	1331                            @ DW_AT_type
	.long	.Linfo_string86                 @ DW_AT_name
	.byte	1                               @ DW_AT_decl_file
	.byte	58                              @ DW_AT_decl_line
	.byte	10                              @ Abbrev [10] 0x533:0x7 DW_TAG_base_type
	.long	.Linfo_string85                 @ DW_AT_name
	.byte	5                               @ DW_AT_encoding
	.byte	4                               @ DW_AT_byte_size
	.byte	0                               @ End Of Children Mark
.Ldebug_info_end0:
	.section	.debug_str,"MS",%progbits,1
.Linfo_string0:
	.asciz	"Component: Arm Compiler for Embedded 6.22 Tool: armclang [5ee92100]" @ string offset=0
.Linfo_string1:
	.asciz	"Library/StdDriver/src\\sys.c"  @ string offset=68
.Linfo_string2:
	.asciz	"C:\\Users\\Admin\\Downloads\\EEET2481_Tutorial_1_LED_Sweep" @ string offset=96
.Linfo_string3:
	.asciz	"PDID"                          @ string offset=151
.Linfo_string4:
	.asciz	"unsigned int"                  @ string offset=156
.Linfo_string5:
	.asciz	"uint32_t"                      @ string offset=169
.Linfo_string6:
	.asciz	"RSTSTS"                        @ string offset=178
.Linfo_string7:
	.asciz	"IPRST0"                        @ string offset=185
.Linfo_string8:
	.asciz	"IPRST1"                        @ string offset=192
.Linfo_string9:
	.asciz	"IPRST2"                        @ string offset=199
.Linfo_string10:
	.asciz	"RESERVE0"                      @ string offset=206
.Linfo_string11:
	.asciz	"__ARRAY_SIZE_TYPE__"           @ string offset=215
.Linfo_string12:
	.asciz	"BODCTL"                        @ string offset=235
.Linfo_string13:
	.asciz	"IVSCTL"                        @ string offset=242
.Linfo_string14:
	.asciz	"RESERVE1"                      @ string offset=249
.Linfo_string15:
	.asciz	"PORCTL"                        @ string offset=258
.Linfo_string16:
	.asciz	"VREFCTL"                       @ string offset=265
.Linfo_string17:
	.asciz	"USBPHY"                        @ string offset=273
.Linfo_string18:
	.asciz	"GPA_MFPL"                      @ string offset=280
.Linfo_string19:
	.asciz	"GPA_MFPH"                      @ string offset=289
.Linfo_string20:
	.asciz	"GPB_MFPL"                      @ string offset=298
.Linfo_string21:
	.asciz	"GPB_MFPH"                      @ string offset=307
.Linfo_string22:
	.asciz	"GPC_MFPL"                      @ string offset=316
.Linfo_string23:
	.asciz	"GPC_MFPH"                      @ string offset=325
.Linfo_string24:
	.asciz	"GPD_MFPL"                      @ string offset=334
.Linfo_string25:
	.asciz	"GPD_MFPH"                      @ string offset=343
.Linfo_string26:
	.asciz	"GPE_MFPL"                      @ string offset=352
.Linfo_string27:
	.asciz	"GPE_MFPH"                      @ string offset=361
.Linfo_string28:
	.asciz	"GPF_MFPL"                      @ string offset=370
.Linfo_string29:
	.asciz	"GPF_MFPH"                      @ string offset=379
.Linfo_string30:
	.asciz	"GPG_MFPL"                      @ string offset=388
.Linfo_string31:
	.asciz	"GPG_MFPH"                      @ string offset=397
.Linfo_string32:
	.asciz	"GPH_MFPL"                      @ string offset=406
.Linfo_string33:
	.asciz	"GPH_MFPH"                      @ string offset=415
.Linfo_string34:
	.asciz	"RESERVE2"                      @ string offset=424
.Linfo_string35:
	.asciz	"GPA_MFOS"                      @ string offset=433
.Linfo_string36:
	.asciz	"GPB_MFOS"                      @ string offset=442
.Linfo_string37:
	.asciz	"GPC_MFOS"                      @ string offset=451
.Linfo_string38:
	.asciz	"GPD_MFOS"                      @ string offset=460
.Linfo_string39:
	.asciz	"GPE_MFOS"                      @ string offset=469
.Linfo_string40:
	.asciz	"GPF_MFOS"                      @ string offset=478
.Linfo_string41:
	.asciz	"GPG_MFOS"                      @ string offset=487
.Linfo_string42:
	.asciz	"GPH_MFOS"                      @ string offset=496
.Linfo_string43:
	.asciz	"RESERVE3"                      @ string offset=505
.Linfo_string44:
	.asciz	"SRAM_INTCTL"                   @ string offset=514
.Linfo_string45:
	.asciz	"SRAM_STATUS"                   @ string offset=526
.Linfo_string46:
	.asciz	"SRAM_ERRADDR"                  @ string offset=538
.Linfo_string47:
	.asciz	"RESERVE4"                      @ string offset=551
.Linfo_string48:
	.asciz	"SRAM_BISTCTL"                  @ string offset=560
.Linfo_string49:
	.asciz	"SRAM_BISTSTS"                  @ string offset=573
.Linfo_string50:
	.asciz	"RESERVE5"                      @ string offset=586
.Linfo_string51:
	.asciz	"HIRCTCTL"                      @ string offset=595
.Linfo_string52:
	.asciz	"HIRCTIEN"                      @ string offset=604
.Linfo_string53:
	.asciz	"HIRCTISTS"                     @ string offset=613
.Linfo_string54:
	.asciz	"IRCTCTL"                       @ string offset=623
.Linfo_string55:
	.asciz	"IRCTIEN"                       @ string offset=631
.Linfo_string56:
	.asciz	"IRCTISTS"                      @ string offset=639
.Linfo_string57:
	.asciz	"RESERVE6"                      @ string offset=648
.Linfo_string58:
	.asciz	"REGLCTL"                       @ string offset=657
.Linfo_string59:
	.asciz	"RESERVE7"                      @ string offset=665
.Linfo_string60:
	.asciz	"PORDISAN"                      @ string offset=674
.Linfo_string61:
	.asciz	"RESERVE8"                      @ string offset=683
.Linfo_string62:
	.asciz	"CSERVER"                       @ string offset=692
.Linfo_string63:
	.asciz	"PLCTL"                         @ string offset=700
.Linfo_string64:
	.asciz	"PLSTS"                         @ string offset=706
.Linfo_string65:
	.asciz	"RESERVE9"                      @ string offset=712
.Linfo_string66:
	.asciz	"AHBMCTL"                       @ string offset=721
.Linfo_string67:
	.asciz	"SYS_T"                         @ string offset=729
.Linfo_string68:
	.asciz	"SYS_ClearResetSrc"             @ string offset=735
.Linfo_string69:
	.asciz	"SYS_GetBODStatus"              @ string offset=753
.Linfo_string70:
	.asciz	"SYS_GetResetSrc"               @ string offset=770
.Linfo_string71:
	.asciz	"SYS_IsRegLocked"               @ string offset=786
.Linfo_string72:
	.asciz	"SYS_ReadPDID"                  @ string offset=802
.Linfo_string73:
	.asciz	"SYS_ResetChip"                 @ string offset=815
.Linfo_string74:
	.asciz	"SYS_ResetCPU"                  @ string offset=829
.Linfo_string75:
	.asciz	"SYS_ResetModule"               @ string offset=842
.Linfo_string76:
	.asciz	"SYS_EnableBOD"                 @ string offset=858
.Linfo_string77:
	.asciz	"SYS_DisableBOD"                @ string offset=872
.Linfo_string78:
	.asciz	"SYS_SetPowerLevel"             @ string offset=887
.Linfo_string79:
	.asciz	"SYS_SetVRef"                   @ string offset=905
.Linfo_string80:
	.asciz	"u32Src"                        @ string offset=917
.Linfo_string81:
	.asciz	"u32ModuleIndex"                @ string offset=924
.Linfo_string82:
	.asciz	"u32tmpVal"                     @ string offset=939
.Linfo_string83:
	.asciz	"u32tmpAddr"                    @ string offset=949
.Linfo_string84:
	.asciz	"i32Mode"                       @ string offset=960
.Linfo_string85:
	.asciz	"int"                           @ string offset=968
.Linfo_string86:
	.asciz	"int32_t"                       @ string offset=972
.Linfo_string87:
	.asciz	"u32BODLevel"                   @ string offset=980
.Linfo_string88:
	.asciz	"u32PowerLevel"                 @ string offset=992
.Linfo_string89:
	.asciz	"u32VRefCTL"                    @ string offset=1006
	.ident	"Component: Arm Compiler for Embedded 6.22 Tool: armclang [5ee92100]"
	.section	".note.GNU-stack","",%progbits
	.eabi_attribute	30, 1	@ Tag_ABI_optimization_goals
	.ARM_attribute	16, 1	@ Tag_AV_eba
	.section	.debug_line,"",%progbits
.Lline_table_start0:
