Component: Arm Compiler for Embedded 6.22 Tool: armlink [5ee90200]

==============================================================================

Small function inlining results

Inlined function _platform_pre_stackheap_init from boardinit1.o at offset 0x0 in __rtentry2.o(.ARM.Collect$$rtentry$$00000001).
Inlined Instruction: BX       lr
Inlined function _platform_pre_lib_shutdown from boardshut.o at offset 0x0 in rtexit2.o(.ARM.Collect$$rtexit$$00000001).
Inlined Instruction: BX       lr
Inlined total of 2 calls.

==============================================================================

Image Symbol Table

    Local Symbols

    Symbol Name                              Value     Ov Type        Size  Object(Section)

    ../clib/angel/boardlib.s                 0x00000000   Number         0  boardinit1.o ABSOLUTE
    ../clib/angel/boardlib.s                 0x00000000   Number         0  boardinit2.o ABSOLUTE
    ../clib/angel/boardlib.s                 0x00000000   Number         0  boardinit3.o ABSOLUTE
    ../clib/angel/boardlib.s                 0x00000000   Number         0  boardshut.o ABSOLUTE
    ../clib/angel/handlers.s                 0x00000000   Number         0  __scatter_copy.o ABSOLUTE
    ../clib/angel/handlers.s                 0x00000000   Number         0  __scatter_zi.o ABSOLUTE
    ../clib/angel/kernel.s                   0x00000000   Number         0  __rtentry.o ABSOLUTE
    ../clib/angel/kernel.s                   0x00000000   Number         0  __rtentry2.o ABSOLUTE
    ../clib/angel/kernel.s                   0x00000000   Number         0  __rtentry4.o ABSOLUTE
    ../clib/angel/kernel.s                   0x00000000   Number         0  rtexit.o ABSOLUTE
    ../clib/angel/kernel.s                   0x00000000   Number         0  rtexit2.o ABSOLUTE
    ../clib/angel/rt.s                       0x00000000   Number         0  rt_raise.o ABSOLUTE
    ../clib/angel/scatter.s                  0x00000000   Number         0  __scatter.o ABSOLUTE
    ../clib/angel/startup.s                  0x00000000   Number         0  __main.o ABSOLUTE
    ../clib/angel/sys.s                      0x00000000   Number         0  use_no_semi_2.o ABSOLUTE
    ../clib/angel/sys.s                      0x00000000   Number         0  use_no_semi.o ABSOLUTE
    ../clib/angel/sys.s                      0x00000000   Number         0  sys_stackheap_outer.o ABSOLUTE
    ../clib/angel/sys.s                      0x00000000   Number         0  libspace.o ABSOLUTE
    ../clib/angel/sys.s                      0x00000000   Number         0  indicate_semi.o ABSOLUTE
    ../clib/angel/sysapp.c                   0x00000000   Number         0  sys_command.o ABSOLUTE
    ../clib/angel/sysapp.c                   0x00000000   Number         0  sys_command_hlt.o ABSOLUTE
    ../clib/armsys.c                         0x00000000   Number         0  argv_veneer.o ABSOLUTE
    ../clib/armsys.c                         0x00000000   Number         0  argv_veneer.o ABSOLUTE
    ../clib/armsys.c                         0x00000000   Number         0  _get_argv_nomalloc.o ABSOLUTE
    ../clib/armsys.c                         0x00000000   Number         0  no_argv.o ABSOLUTE
    ../clib/heapalloc.c                      0x00000000   Number         0  hrguard.o ABSOLUTE
    ../clib/heapaux.c                        0x00000000   Number         0  heapauxi.o ABSOLUTE
    ../clib/libinit.s                        0x00000000   Number         0  libinit.o ABSOLUTE
    ../clib/libinit.s                        0x00000000   Number         0  libinit2.o ABSOLUTE
    ../clib/libinit.s                        0x00000000   Number         0  libshutdown.o ABSOLUTE
    ../clib/libinit.s                        0x00000000   Number         0  libshutdown2.o ABSOLUTE
    ../clib/misc.s                           0x00000000   Number         0  printf_stubs.o ABSOLUTE
    ../clib/printf.c                         0x00000000   Number         0  __2printf.o ABSOLUTE
    ../clib/printf.c                         0x00000000   Number         0  noretval__2printf.o ABSOLUTE
    ../clib/printf.c                         0x00000000   Number         0  __printf.o ABSOLUTE
    ../clib/printf.c                         0x00000000   Number         0  _printf_pad.o ABSOLUTE
    ../clib/printf.c                         0x00000000   Number         0  _printf_str.o ABSOLUTE
    ../clib/printf.c                         0x00000000   Number         0  _printf_hex_ll.o ABSOLUTE
    ../clib/printf.c                         0x00000000   Number         0  _printf_hex_int.o ABSOLUTE
    ../clib/printf.c                         0x00000000   Number         0  _printf_hex_int_ll.o ABSOLUTE
    ../clib/printf.c                         0x00000000   Number         0  _printf_hex_ptr.o ABSOLUTE
    ../clib/printf.c                         0x00000000   Number         0  _printf_hex_int_ptr.o ABSOLUTE
    ../clib/printf.c                         0x00000000   Number         0  _printf_hex_ll_ptr.o ABSOLUTE
    ../clib/printf.c                         0x00000000   Number         0  _printf_hex_int_ll_ptr.o ABSOLUTE
    ../clib/printf.c                         0x00000000   Number         0  __printf_flags.o ABSOLUTE
    ../clib/printf.c                         0x00000000   Number         0  __printf_ss.o ABSOLUTE
    ../clib/printf.c                         0x00000000   Number         0  __printf_flags_ss.o ABSOLUTE
    ../clib/printf.c                         0x00000000   Number         0  __printf_wp.o ABSOLUTE
    ../clib/printf.c                         0x00000000   Number         0  __printf_flags_wp.o ABSOLUTE
    ../clib/printf.c                         0x00000000   Number         0  __printf_ss_wp.o ABSOLUTE
    ../clib/printf.c                         0x00000000   Number         0  __printf_flags_ss_wp.o ABSOLUTE
    ../clib/printf.c                         0x00000000   Number         0  _printf_intcommon.o ABSOLUTE
    ../clib/printf.c                         0x00000000   Number         0  _printf_char.o ABSOLUTE
    ../clib/printf.c                         0x00000000   Number         0  _printf_char_file.o ABSOLUTE
    ../clib/printf.c                         0x00000000   Number         0  _printf_char_common.o ABSOLUTE
    ../clib/printf.c                         0x00000000   Number         0  __printf_nopercent.o ABSOLUTE
    ../clib/printf_percent.s                 0x00000000   Number         0  _printf_s.o ABSOLUTE
    ../clib/printf_percent.s                 0x00000000   Number         0  _printf_x.o ABSOLUTE
    ../clib/printf_percent.s                 0x00000000   Number         0  _printf_percent.o ABSOLUTE
    ../clib/printf_percent.s                 0x00000000   Number         0  _printf_percent_end.o ABSOLUTE
    ../clib/signal.c                         0x00000000   Number         0  defsig_rtmem_outer.o ABSOLUTE
    ../clib/signal.c                         0x00000000   Number         0  defsig_rtmem_formal.o ABSOLUTE
    ../clib/signal.c                         0x00000000   Number         0  defsig_exit.o ABSOLUTE
    ../clib/signal.c                         0x00000000   Number         0  defsig_rtmem_inner.o ABSOLUTE
    ../clib/signal.c                         0x00000000   Number         0  __raise.o ABSOLUTE
    ../clib/signal.c                         0x00000000   Number         0  defsig_general.o ABSOLUTE
    ../clib/signal.c                         0x00000000   Number         0  defsig_abrt_inner.o ABSOLUTE
    ../clib/signal.c                         0x00000000   Number         0  defsig_fpe_inner.o ABSOLUTE
    ../clib/signal.c                         0x00000000   Number         0  defsig_rtred_inner.o ABSOLUTE
    ../clib/signal.c                         0x00000000   Number         0  defsig_stak_inner.o ABSOLUTE
    ../clib/signal.c                         0x00000000   Number         0  defsig_pvfn_inner.o ABSOLUTE
    ../clib/signal.c                         0x00000000   Number         0  defsig_cppl_inner.o ABSOLUTE
    ../clib/signal.c                         0x00000000   Number         0  defsig_segv_inner.o ABSOLUTE
    ../clib/signal.c                         0x00000000   Number         0  defsig_other.o ABSOLUTE
    ../clib/signal.s                         0x00000000   Number         0  defsig.o ABSOLUTE
    ../clib/stdio.c                          0x00000000   Number         0  puts.o ABSOLUTE
    ../clib/stdlib.c                         0x00000000   Number         0  exit.o ABSOLUTE
    ../fplib/fpinit.s                        0x00000000   Number         0  fpinit.o ABSOLUTE
    Library/Device/Nuvoton/M480/Source/ARM/startup_M480.s 0x00000000   Number         0  startup_m480.o ABSOLUTE
    clk.c                                    0x00000000   Number         0  clk.o ABSOLUTE
    gpio.c                                   0x00000000   Number         0  gpio.o ABSOLUTE
    main.c                                   0x00000000   Number         0  main.o ABSOLUTE
    retarget.c                               0x00000000   Number         0  retarget.o ABSOLUTE
    sys.c                                    0x00000000   Number         0  sys.o ABSOLUTE
    system_M480.c                            0x00000000   Number         0  system_m480.o ABSOLUTE
    RESET                                    0x00000000   Section      500  startup_m480.o(RESET)
    !!!main                                  0x000001f4   Section        8  __main.o(!!!main)
    !!!scatter                               0x000001fc   Section       92  __scatter.o(!!!scatter)
    !!handler_copy                           0x00000258   Section       26  __scatter_copy.o(!!handler_copy)
    !!handler_null                           0x00000274   Section        2  __scatter.o(!!handler_null)
    !!handler_zi                             0x00000278   Section       28  __scatter_zi.o(!!handler_zi)
    .ARM.Collect$$_printf_percent$$00000000  0x00000294   Section        0  _printf_percent.o(.ARM.Collect$$_printf_percent$$00000000)
    .ARM.Collect$$_printf_percent$$0000000C  0x00000294   Section        6  _printf_x.o(.ARM.Collect$$_printf_percent$$0000000C)
    .ARM.Collect$$_printf_percent$$00000014  0x0000029a   Section        6  _printf_s.o(.ARM.Collect$$_printf_percent$$00000014)
    .ARM.Collect$$_printf_percent$$00000017  0x000002a0   Section        4  _printf_percent_end.o(.ARM.Collect$$_printf_percent$$00000017)
    .ARM.Collect$$libinit$$00000000          0x000002a4   Section        2  libinit.o(.ARM.Collect$$libinit$$00000000)
    .ARM.Collect$$libinit$$00000001          0x000002a6   Section        4  libinit2.o(.ARM.Collect$$libinit$$00000001)
    .ARM.Collect$$libinit$$00000004          0x000002aa   Section        0  libinit2.o(.ARM.Collect$$libinit$$00000004)
    .ARM.Collect$$libinit$$00000006          0x000002aa   Section        0  libinit2.o(.ARM.Collect$$libinit$$00000006)
    .ARM.Collect$$libinit$$0000000C          0x000002aa   Section        0  libinit2.o(.ARM.Collect$$libinit$$0000000C)
    .ARM.Collect$$libinit$$0000000E          0x000002aa   Section        0  libinit2.o(.ARM.Collect$$libinit$$0000000E)
    .ARM.Collect$$libinit$$00000010          0x000002aa   Section        0  libinit2.o(.ARM.Collect$$libinit$$00000010)
    .ARM.Collect$$libinit$$00000013          0x000002aa   Section        0  libinit2.o(.ARM.Collect$$libinit$$00000013)
    .ARM.Collect$$libinit$$00000015          0x000002aa   Section        0  libinit2.o(.ARM.Collect$$libinit$$00000015)
    .ARM.Collect$$libinit$$00000017          0x000002aa   Section        0  libinit2.o(.ARM.Collect$$libinit$$00000017)
    .ARM.Collect$$libinit$$00000019          0x000002aa   Section        0  libinit2.o(.ARM.Collect$$libinit$$00000019)
    .ARM.Collect$$libinit$$0000001B          0x000002aa   Section        0  libinit2.o(.ARM.Collect$$libinit$$0000001B)
    .ARM.Collect$$libinit$$0000001D          0x000002aa   Section        0  libinit2.o(.ARM.Collect$$libinit$$0000001D)
    .ARM.Collect$$libinit$$0000001F          0x000002aa   Section        0  libinit2.o(.ARM.Collect$$libinit$$0000001F)
    .ARM.Collect$$libinit$$00000021          0x000002aa   Section        0  libinit2.o(.ARM.Collect$$libinit$$00000021)
    .ARM.Collect$$libinit$$00000023          0x000002aa   Section        0  libinit2.o(.ARM.Collect$$libinit$$00000023)
    .ARM.Collect$$libinit$$00000025          0x000002aa   Section        0  libinit2.o(.ARM.Collect$$libinit$$00000025)
    .ARM.Collect$$libinit$$00000027          0x000002aa   Section        0  libinit2.o(.ARM.Collect$$libinit$$00000027)
    .ARM.Collect$$libinit$$0000002E          0x000002aa   Section        0  libinit2.o(.ARM.Collect$$libinit$$0000002E)
    .ARM.Collect$$libinit$$00000030          0x000002aa   Section        0  libinit2.o(.ARM.Collect$$libinit$$00000030)
    .ARM.Collect$$libinit$$00000032          0x000002aa   Section        0  libinit2.o(.ARM.Collect$$libinit$$00000032)
    .ARM.Collect$$libinit$$00000034          0x000002aa   Section        0  libinit2.o(.ARM.Collect$$libinit$$00000034)
    .ARM.Collect$$libinit$$00000035          0x000002aa   Section        2  libinit2.o(.ARM.Collect$$libinit$$00000035)
    .ARM.Collect$$libshutdown$$00000000      0x000002ac   Section        2  libshutdown.o(.ARM.Collect$$libshutdown$$00000000)
    .ARM.Collect$$libshutdown$$00000002      0x000002ae   Section        0  libshutdown2.o(.ARM.Collect$$libshutdown$$00000002)
    .ARM.Collect$$libshutdown$$00000004      0x000002ae   Section        0  libshutdown2.o(.ARM.Collect$$libshutdown$$00000004)
    .ARM.Collect$$libshutdown$$00000007      0x000002ae   Section        0  libshutdown2.o(.ARM.Collect$$libshutdown$$00000007)
    .ARM.Collect$$libshutdown$$0000000A      0x000002ae   Section        0  libshutdown2.o(.ARM.Collect$$libshutdown$$0000000A)
    .ARM.Collect$$libshutdown$$0000000C      0x000002ae   Section        0  libshutdown2.o(.ARM.Collect$$libshutdown$$0000000C)
    .ARM.Collect$$libshutdown$$0000000F      0x000002ae   Section        0  libshutdown2.o(.ARM.Collect$$libshutdown$$0000000F)
    .ARM.Collect$$libshutdown$$00000010      0x000002ae   Section        2  libshutdown2.o(.ARM.Collect$$libshutdown$$00000010)
    .ARM.Collect$$rtentry$$00000000          0x000002b0   Section        0  __rtentry.o(.ARM.Collect$$rtentry$$00000000)
    .ARM.Collect$$rtentry$$00000002          0x000002b0   Section        0  __rtentry2.o(.ARM.Collect$$rtentry$$00000002)
    .ARM.Collect$$rtentry$$00000004          0x000002b0   Section        6  __rtentry4.o(.ARM.Collect$$rtentry$$00000004)
    .ARM.Collect$$rtentry$$00000009          0x000002b6   Section        0  __rtentry2.o(.ARM.Collect$$rtentry$$00000009)
    .ARM.Collect$$rtentry$$0000000A          0x000002b6   Section        4  __rtentry2.o(.ARM.Collect$$rtentry$$0000000A)
    .ARM.Collect$$rtentry$$0000000C          0x000002ba   Section        0  __rtentry2.o(.ARM.Collect$$rtentry$$0000000C)
    .ARM.Collect$$rtentry$$0000000D          0x000002ba   Section        8  __rtentry2.o(.ARM.Collect$$rtentry$$0000000D)
    .ARM.Collect$$rtexit$$00000000           0x000002c2   Section        2  rtexit.o(.ARM.Collect$$rtexit$$00000000)
    .ARM.Collect$$rtexit$$00000002           0x000002c4   Section        0  rtexit2.o(.ARM.Collect$$rtexit$$00000002)
    .ARM.Collect$$rtexit$$00000003           0x000002c4   Section        4  rtexit2.o(.ARM.Collect$$rtexit$$00000003)
    .ARM.Collect$$rtexit$$00000004           0x000002c8   Section        6  rtexit2.o(.ARM.Collect$$rtexit$$00000004)
    [Anonymous Symbol]                       0x000002d0   Section        0  system_m480.o(.text)
    $v0                                      0x000003a8   Number         0  startup_m480.o(.text)
    .text                                    0x000003a8   Section      152  startup_m480.o(.text)
    Default_Handler                          0x00000409   Thumb Code     2  startup_m480.o(.text)
    [Anonymous Symbol]                       0x00000440   Section        0  clk.o(.text)
    [Anonymous Symbol]                       0x00001210   Section        0  retarget.o(.text)
    [Anonymous Symbol]                       0x00001558   Section        0  main.o(.text)
    .text                                    0x00001710   Section        2  use_no_semi_2.o(.text)
    .text                                    0x00001714   Section        0  noretval__2printf.o(.text)
    .text                                    0x0000172c   Section        0  _printf_pad.o(.text)
    .text                                    0x0000177a   Section        0  _printf_str.o(.text)
    .text                                    0x000017cc   Section        0  _printf_hex_int.o(.text)
    .text                                    0x00001824   Section        0  __printf_flags_wp.o(.text)
    .text                                    0x0000195c   Section        0  puts.o(.text)
    .text                                    0x00001988   Section        0  heapauxi.o(.text)
    .text                                    0x0000198e   Section        2  use_no_semi.o(.text)
    .text                                    0x00001990   Section        0  _printf_intcommon.o(.text)
    .text                                    0x00001a42   Section        0  _printf_char.o(.text)
    .text                                    0x00001a70   Section        0  _printf_char_file.o(.text)
    _printf_input_char                       0x00001a95   Thumb Code    10  _printf_char_common.o(.text)
    .text                                    0x00001a94   Section        0  _printf_char_common.o(.text)
    .text                                    0x00001ac4   Section       74  sys_stackheap_outer.o(.text)
    .text                                    0x00001b0e   Section        0  exit.o(.text)
    .text                                    0x00001b20   Section        8  libspace.o(.text)
    i._is_digit                              0x00001b28   Section        0  __printf_wp.o(i._is_digit)
    $v0                                      0x00001b36   Number         0  fpinit.o(x$fpl$fpinit)
    x$fpl$fpinit                             0x00001b36   Section       26  fpinit.o(x$fpl$fpinit)
    uc_hextab                                0x00001b50   Data          20  _printf_hex_int.o(.constdata)
    .constdata                               0x00001b50   Section       40  _printf_hex_int.o(.constdata)
    lc_hextab                                0x00001b64   Data          20  _printf_hex_int.o(.constdata)
    maptable                                 0x00001b78   Data          17  __printf_flags_wp.o(.constdata)
    .constdata                               0x00001b78   Section       17  __printf_flags_wp.o(.constdata)
    .L__const.CLK_GetPLLClockFreq.au8NoTbl   0x00001b89   Data           4  clk.o(.rodata.cst4)
    .L.str.5                                 0x00001b8d   Data          32  retarget.o(.rodata.str1.1)
    [Anonymous Symbol]                       0x00001b8d   Section        0  retarget.o(.rodata.str1.1)
    .L.str.8                                 0x00001bad   Data          29  retarget.o(.rodata.str1.1)
    .L.str.4                                 0x00001bca   Data          27  retarget.o(.rodata.str1.1)
    .L.str.6                                 0x00001be5   Data           4  retarget.o(.rodata.str1.1)
    .L.str.7                                 0x00001be9   Data           4  retarget.o(.rodata.str1.1)
    .Lstr.13                                 0x00001bed   Data          35  retarget.o(.rodata.str1.1)
    .bss                                     0x20000030   Section       96  libspace.o(.bss)
    Heap_Mem                                 0x200000e8   Data         256  startup_m480.o(HEAP)
    HEAP                                     0x200000e8   Section      256  startup_m480.o(HEAP)
    Stack_Mem                                0x200001e8   Data        2048  startup_m480.o(STACK)
    STACK                                    0x200001e8   Section     2048  startup_m480.o(STACK)
    __initial_sp                             0x200009e8   Data           0  startup_m480.o(STACK)

    Global Symbols

    Symbol Name                              Value     Ov Type        Size  Object(Section)

    BuildAttributes$$THM_ISAv4$E$P$D$K$B$S$7EM$VFPi3$EXTD16$VFPS$VFMA$PE$A:L22UL41UL21$X:L11$S22US41US21$IEEE1$IW$~IW$USESV6$~STKCKD$USESV7$~SHL$OTIME$ROPI$EBA8$UX$STANDARDLIB$REQ8$PRES8$EABIv2 0x00000000   Number         0  anon$$obj.o ABSOLUTE
    __Vectors                                0x00000000   Data           4  startup_m480.o(RESET)
    _printf_flags                            0x00000000   Number         0  printf_stubs.o ABSOLUTE
    _printf_return_value                     0x00000000   Number         0  printf_stubs.o ABSOLUTE
    _printf_sizespec                         0x00000000   Number         0  printf_stubs.o ABSOLUTE
    _printf_widthprec                        0x00000000   Number         0  printf_stubs.o ABSOLUTE
    __ARM_exceptions_init                     - Undefined Weak Reference
    __alloca_initialize                       - Undefined Weak Reference
    __arm_preinit_                            - Undefined Weak Reference
    __arm_relocate_pie_                       - Undefined Weak Reference
    __cpp_initialize__aeabi_                  - Undefined Weak Reference
    __cxa_finalize                            - Undefined Weak Reference
    __rt_locale                               - Undefined Weak Reference
    __sigvec_lookup                           - Undefined Weak Reference
    _atexit_init                              - Undefined Weak Reference
    _call_atexit_fns                          - Undefined Weak Reference
    _clock_init                               - Undefined Weak Reference
    _fp_trap_init                             - Undefined Weak Reference
    _fp_trap_shutdown                         - Undefined Weak Reference
    _get_lc_collate                           - Undefined Weak Reference
    _get_lc_ctype                             - Undefined Weak Reference
    _get_lc_monetary                          - Undefined Weak Reference
    _get_lc_numeric                           - Undefined Weak Reference
    _get_lc_time                              - Undefined Weak Reference
    _getenv_init                              - Undefined Weak Reference
    _handle_redirection                       - Undefined Weak Reference
    _init_alloc                               - Undefined Weak Reference
    _init_user_alloc                          - Undefined Weak Reference
    _initio                                   - Undefined Weak Reference
    _printf_mbtowc                            - Undefined Weak Reference
    _printf_truncate_unsigned                 - Undefined Weak Reference
    _rand_init                                - Undefined Weak Reference
    _signal_finish                            - Undefined Weak Reference
    _signal_init                              - Undefined Weak Reference
    _terminate_alloc                          - Undefined Weak Reference
    _terminate_user_alloc                     - Undefined Weak Reference
    _terminateio                              - Undefined Weak Reference
    __Vectors_End                            0x000001f4   Data           0  startup_m480.o(RESET)
    __Vectors_Size                           0x000001f4   Number         0  startup_m480.o ABSOLUTE
    __main                                   0x000001f5   Thumb Code     8  __main.o(!!!main)
    __scatterload                            0x000001fd   Thumb Code     0  __scatter.o(!!!scatter)
    __scatterload_rt2                        0x000001fd   Thumb Code    84  __scatter.o(!!!scatter)
    __scatterload_rt2_thumb_only             0x000001fd   Thumb Code     0  __scatter.o(!!!scatter)
    __scatterload_loop                       0x00000207   Thumb Code     0  __scatter.o(!!!scatter)
    __scatterload_copy                       0x00000259   Thumb Code    26  __scatter_copy.o(!!handler_copy)
    __scatterload_null                       0x00000275   Thumb Code     2  __scatter.o(!!handler_null)
    __scatterload_zeroinit                   0x00000279   Thumb Code    28  __scatter_zi.o(!!handler_zi)
    _printf_percent                          0x00000295   Thumb Code     0  _printf_percent.o(.ARM.Collect$$_printf_percent$$00000000)
    _printf_x                                0x00000295   Thumb Code     0  _printf_x.o(.ARM.Collect$$_printf_percent$$0000000C)
    _printf_s                                0x0000029b   Thumb Code     0  _printf_s.o(.ARM.Collect$$_printf_percent$$00000014)
    _printf_percent_end                      0x000002a1   Thumb Code     0  _printf_percent_end.o(.ARM.Collect$$_printf_percent$$00000017)
    __rt_lib_init                            0x000002a5   Thumb Code     0  libinit.o(.ARM.Collect$$libinit$$00000000)
    __rt_lib_init_fp_1                       0x000002a7   Thumb Code     0  libinit2.o(.ARM.Collect$$libinit$$00000001)
    __rt_lib_init_alloca_1                   0x000002ab   Thumb Code     0  libinit2.o(.ARM.Collect$$libinit$$00000030)
    __rt_lib_init_argv_1                     0x000002ab   Thumb Code     0  libinit2.o(.ARM.Collect$$libinit$$0000002E)
    __rt_lib_init_atexit_1                   0x000002ab   Thumb Code     0  libinit2.o(.ARM.Collect$$libinit$$0000001D)
    __rt_lib_init_clock_1                    0x000002ab   Thumb Code     0  libinit2.o(.ARM.Collect$$libinit$$00000023)
    __rt_lib_init_cpp_1                      0x000002ab   Thumb Code     0  libinit2.o(.ARM.Collect$$libinit$$00000034)
    __rt_lib_init_exceptions_1               0x000002ab   Thumb Code     0  libinit2.o(.ARM.Collect$$libinit$$00000032)
    __rt_lib_init_fp_trap_1                  0x000002ab   Thumb Code     0  libinit2.o(.ARM.Collect$$libinit$$00000021)
    __rt_lib_init_getenv_1                   0x000002ab   Thumb Code     0  libinit2.o(.ARM.Collect$$libinit$$00000025)
    __rt_lib_init_heap_1                     0x000002ab   Thumb Code     0  libinit2.o(.ARM.Collect$$libinit$$0000000C)
    __rt_lib_init_lc_collate_1               0x000002ab   Thumb Code     0  libinit2.o(.ARM.Collect$$libinit$$00000013)
    __rt_lib_init_lc_ctype_1                 0x000002ab   Thumb Code     0  libinit2.o(.ARM.Collect$$libinit$$00000015)
    __rt_lib_init_lc_monetary_1              0x000002ab   Thumb Code     0  libinit2.o(.ARM.Collect$$libinit$$00000017)
    __rt_lib_init_lc_numeric_1               0x000002ab   Thumb Code     0  libinit2.o(.ARM.Collect$$libinit$$00000019)
    __rt_lib_init_lc_time_1                  0x000002ab   Thumb Code     0  libinit2.o(.ARM.Collect$$libinit$$0000001B)
    __rt_lib_init_preinit_1                  0x000002ab   Thumb Code     0  libinit2.o(.ARM.Collect$$libinit$$00000006)
    __rt_lib_init_rand_1                     0x000002ab   Thumb Code     0  libinit2.o(.ARM.Collect$$libinit$$00000010)
    __rt_lib_init_relocate_pie_1             0x000002ab   Thumb Code     0  libinit2.o(.ARM.Collect$$libinit$$00000004)
    __rt_lib_init_return                     0x000002ab   Thumb Code     0  libinit2.o(.ARM.Collect$$libinit$$00000035)
    __rt_lib_init_signal_1                   0x000002ab   Thumb Code     0  libinit2.o(.ARM.Collect$$libinit$$0000001F)
    __rt_lib_init_stdio_1                    0x000002ab   Thumb Code     0  libinit2.o(.ARM.Collect$$libinit$$00000027)
    __rt_lib_init_user_alloc_1               0x000002ab   Thumb Code     0  libinit2.o(.ARM.Collect$$libinit$$0000000E)
    __rt_lib_shutdown                        0x000002ad   Thumb Code     0  libshutdown.o(.ARM.Collect$$libshutdown$$00000000)
    __rt_lib_shutdown_cpp_1                  0x000002af   Thumb Code     0  libshutdown2.o(.ARM.Collect$$libshutdown$$00000002)
    __rt_lib_shutdown_fp_trap_1              0x000002af   Thumb Code     0  libshutdown2.o(.ARM.Collect$$libshutdown$$00000007)
    __rt_lib_shutdown_heap_1                 0x000002af   Thumb Code     0  libshutdown2.o(.ARM.Collect$$libshutdown$$0000000F)
    __rt_lib_shutdown_return                 0x000002af   Thumb Code     0  libshutdown2.o(.ARM.Collect$$libshutdown$$00000010)
    __rt_lib_shutdown_signal_1               0x000002af   Thumb Code     0  libshutdown2.o(.ARM.Collect$$libshutdown$$0000000A)
    __rt_lib_shutdown_stdio_1                0x000002af   Thumb Code     0  libshutdown2.o(.ARM.Collect$$libshutdown$$00000004)
    __rt_lib_shutdown_user_alloc_1           0x000002af   Thumb Code     0  libshutdown2.o(.ARM.Collect$$libshutdown$$0000000C)
    __rt_entry                               0x000002b1   Thumb Code     0  __rtentry.o(.ARM.Collect$$rtentry$$00000000)
    __rt_entry_presh_1                       0x000002b1   Thumb Code     0  __rtentry2.o(.ARM.Collect$$rtentry$$00000002)
    __rt_entry_sh                            0x000002b1   Thumb Code     0  __rtentry4.o(.ARM.Collect$$rtentry$$00000004)
    __rt_entry_li                            0x000002b7   Thumb Code     0  __rtentry2.o(.ARM.Collect$$rtentry$$0000000A)
    __rt_entry_postsh_1                      0x000002b7   Thumb Code     0  __rtentry2.o(.ARM.Collect$$rtentry$$00000009)
    __rt_entry_main                          0x000002bb   Thumb Code     0  __rtentry2.o(.ARM.Collect$$rtentry$$0000000D)
    __rt_entry_postli_1                      0x000002bb   Thumb Code     0  __rtentry2.o(.ARM.Collect$$rtentry$$0000000C)
    __rt_exit                                0x000002c3   Thumb Code     0  rtexit.o(.ARM.Collect$$rtexit$$00000000)
    __rt_exit_ls                             0x000002c5   Thumb Code     0  rtexit2.o(.ARM.Collect$$rtexit$$00000003)
    __rt_exit_prels_1                        0x000002c5   Thumb Code     0  rtexit2.o(.ARM.Collect$$rtexit$$00000002)
    __rt_exit_exit                           0x000002c9   Thumb Code     0  rtexit2.o(.ARM.Collect$$rtexit$$00000004)
    SystemCoreClockUpdate                    0x000002d1   Thumb Code   104  system_m480.o(.text)
    SystemInit                               0x00000339   Thumb Code   112  system_m480.o(.text)
    Reset_Handler                            0x000003a9   Thumb Code    64  startup_m480.o(.text)
    NMI_Handler                              0x000003e9   Thumb Code     2  startup_m480.o(.text)
    HardFault_Handler                        0x000003eb   Thumb Code    16  startup_m480.o(.text)
    MemManage_Handler                        0x000003fb   Thumb Code     2  startup_m480.o(.text)
    BusFault_Handler                         0x000003fd   Thumb Code     2  startup_m480.o(.text)
    UsageFault_Handler                       0x000003ff   Thumb Code     2  startup_m480.o(.text)
    SVC_Handler                              0x00000401   Thumb Code     2  startup_m480.o(.text)
    DebugMon_Handler                         0x00000403   Thumb Code     2  startup_m480.o(.text)
    PendSV_Handler                           0x00000405   Thumb Code     2  startup_m480.o(.text)
    SysTick_Handler                          0x00000407   Thumb Code     2  startup_m480.o(.text)
    ACMP01_IRQHandler                        0x00000409   Thumb Code     0  startup_m480.o(.text)
    BOD_IRQHandler                           0x00000409   Thumb Code     0  startup_m480.o(.text)
    BPWM0_IRQHandler                         0x00000409   Thumb Code     0  startup_m480.o(.text)
    BPWM1_IRQHandler                         0x00000409   Thumb Code     0  startup_m480.o(.text)
    BRAKE0_IRQHandler                        0x00000409   Thumb Code     0  startup_m480.o(.text)
    BRAKE1_IRQHandler                        0x00000409   Thumb Code     0  startup_m480.o(.text)
    CAN0_IRQHandler                          0x00000409   Thumb Code     0  startup_m480.o(.text)
    CAN1_IRQHandler                          0x00000409   Thumb Code     0  startup_m480.o(.text)
    CAN2_IRQHandler                          0x00000409   Thumb Code     0  startup_m480.o(.text)
    CCAP_IRQHandler                          0x00000409   Thumb Code     0  startup_m480.o(.text)
    CKFAIL_IRQHandler                        0x00000409   Thumb Code     0  startup_m480.o(.text)
    CRYPTO_IRQHandler                        0x00000409   Thumb Code     0  startup_m480.o(.text)
    DAC_IRQHandler                           0x00000409   Thumb Code     0  startup_m480.o(.text)
    EADC00_IRQHandler                        0x00000409   Thumb Code     0  startup_m480.o(.text)
    EADC01_IRQHandler                        0x00000409   Thumb Code     0  startup_m480.o(.text)
    EADC02_IRQHandler                        0x00000409   Thumb Code     0  startup_m480.o(.text)
    EADC03_IRQHandler                        0x00000409   Thumb Code     0  startup_m480.o(.text)
    EADC10_IRQHandler                        0x00000409   Thumb Code     0  startup_m480.o(.text)
    EADC11_IRQHandler                        0x00000409   Thumb Code     0  startup_m480.o(.text)
    EADC12_IRQHandler                        0x00000409   Thumb Code     0  startup_m480.o(.text)
    EADC13_IRQHandler                        0x00000409   Thumb Code     0  startup_m480.o(.text)
    ECAP0_IRQHandler                         0x00000409   Thumb Code     0  startup_m480.o(.text)
    ECAP1_IRQHandler                         0x00000409   Thumb Code     0  startup_m480.o(.text)
    EHCI_IRQHandler                          0x00000409   Thumb Code     0  startup_m480.o(.text)
    EINT0_IRQHandler                         0x00000409   Thumb Code     0  startup_m480.o(.text)
    EINT1_IRQHandler                         0x00000409   Thumb Code     0  startup_m480.o(.text)
    EINT2_IRQHandler                         0x00000409   Thumb Code     0  startup_m480.o(.text)
    EINT3_IRQHandler                         0x00000409   Thumb Code     0  startup_m480.o(.text)
    EINT4_IRQHandler                         0x00000409   Thumb Code     0  startup_m480.o(.text)
    EINT5_IRQHandler                         0x00000409   Thumb Code     0  startup_m480.o(.text)
    EINT6_IRQHandler                         0x00000409   Thumb Code     0  startup_m480.o(.text)
    EINT7_IRQHandler                         0x00000409   Thumb Code     0  startup_m480.o(.text)
    EMAC_RX_IRQHandler                       0x00000409   Thumb Code     0  startup_m480.o(.text)
    EMAC_TX_IRQHandler                       0x00000409   Thumb Code     0  startup_m480.o(.text)
    EPWM0P0_IRQHandler                       0x00000409   Thumb Code     0  startup_m480.o(.text)
    EPWM0P1_IRQHandler                       0x00000409   Thumb Code     0  startup_m480.o(.text)
    EPWM0P2_IRQHandler                       0x00000409   Thumb Code     0  startup_m480.o(.text)
    EPWM1P0_IRQHandler                       0x00000409   Thumb Code     0  startup_m480.o(.text)
    EPWM1P1_IRQHandler                       0x00000409   Thumb Code     0  startup_m480.o(.text)
    EPWM1P2_IRQHandler                       0x00000409   Thumb Code     0  startup_m480.o(.text)
    GPA_IRQHandler                           0x00000409   Thumb Code     0  startup_m480.o(.text)
    GPB_IRQHandler                           0x00000409   Thumb Code     0  startup_m480.o(.text)
    GPC_IRQHandler                           0x00000409   Thumb Code     0  startup_m480.o(.text)
    GPD_IRQHandler                           0x00000409   Thumb Code     0  startup_m480.o(.text)
    GPE_IRQHandler                           0x00000409   Thumb Code     0  startup_m480.o(.text)
    GPF_IRQHandler                           0x00000409   Thumb Code     0  startup_m480.o(.text)
    GPG_IRQHandler                           0x00000409   Thumb Code     0  startup_m480.o(.text)
    GPH_IRQHandler                           0x00000409   Thumb Code     0  startup_m480.o(.text)
    I2C0_IRQHandler                          0x00000409   Thumb Code     0  startup_m480.o(.text)
    I2C1_IRQHandler                          0x00000409   Thumb Code     0  startup_m480.o(.text)
    I2C2_IRQHandler                          0x00000409   Thumb Code     0  startup_m480.o(.text)
    I2S0_IRQHandler                          0x00000409   Thumb Code     0  startup_m480.o(.text)
    IRC_IRQHandler                           0x00000409   Thumb Code     0  startup_m480.o(.text)
    OHCI_IRQHandler                          0x00000409   Thumb Code     0  startup_m480.o(.text)
    OPA0_IRQHandler                          0x00000409   Thumb Code     0  startup_m480.o(.text)
    PDMA_IRQHandler                          0x00000409   Thumb Code     0  startup_m480.o(.text)
    PWRWU_IRQHandler                         0x00000409   Thumb Code     0  startup_m480.o(.text)
    QEI0_IRQHandler                          0x00000409   Thumb Code     0  startup_m480.o(.text)
    QEI1_IRQHandler                          0x00000409   Thumb Code     0  startup_m480.o(.text)
    QSPI0_IRQHandler                         0x00000409   Thumb Code     0  startup_m480.o(.text)
    QSPI1_IRQHandler                         0x00000409   Thumb Code     0  startup_m480.o(.text)
    RAMPE_IRQHandler                         0x00000409   Thumb Code     0  startup_m480.o(.text)
    RTC_IRQHandler                           0x00000409   Thumb Code     0  startup_m480.o(.text)
    SC0_IRQHandler                           0x00000409   Thumb Code     0  startup_m480.o(.text)
    SC1_IRQHandler                           0x00000409   Thumb Code     0  startup_m480.o(.text)
    SC2_IRQHandler                           0x00000409   Thumb Code     0  startup_m480.o(.text)
    SDH0_IRQHandler                          0x00000409   Thumb Code     0  startup_m480.o(.text)
    SDH1_IRQHandler                          0x00000409   Thumb Code     0  startup_m480.o(.text)
    SPI0_IRQHandler                          0x00000409   Thumb Code     0  startup_m480.o(.text)
    SPI1_IRQHandler                          0x00000409   Thumb Code     0  startup_m480.o(.text)
    SPI2_IRQHandler                          0x00000409   Thumb Code     0  startup_m480.o(.text)
    SPI3_IRQHandler                          0x00000409   Thumb Code     0  startup_m480.o(.text)
    SPIM_IRQHandler                          0x00000409   Thumb Code     0  startup_m480.o(.text)
    TAMPER_IRQHandler                        0x00000409   Thumb Code     0  startup_m480.o(.text)
    TMR0_IRQHandler                          0x00000409   Thumb Code     0  startup_m480.o(.text)
    TMR1_IRQHandler                          0x00000409   Thumb Code     0  startup_m480.o(.text)
    TMR2_IRQHandler                          0x00000409   Thumb Code     0  startup_m480.o(.text)
    TMR3_IRQHandler                          0x00000409   Thumb Code     0  startup_m480.o(.text)
    TRNG_IRQHandler                          0x00000409   Thumb Code     0  startup_m480.o(.text)
    UART0_IRQHandler                         0x00000409   Thumb Code     0  startup_m480.o(.text)
    UART1_IRQHandler                         0x00000409   Thumb Code     0  startup_m480.o(.text)
    UART2_IRQHandler                         0x00000409   Thumb Code     0  startup_m480.o(.text)
    UART3_IRQHandler                         0x00000409   Thumb Code     0  startup_m480.o(.text)
    UART4_IRQHandler                         0x00000409   Thumb Code     0  startup_m480.o(.text)
    UART5_IRQHandler                         0x00000409   Thumb Code     0  startup_m480.o(.text)
    UART6_IRQHandler                         0x00000409   Thumb Code     0  startup_m480.o(.text)
    UART7_IRQHandler                         0x00000409   Thumb Code     0  startup_m480.o(.text)
    USBD20_IRQHandler                        0x00000409   Thumb Code     0  startup_m480.o(.text)
    USBD_IRQHandler                          0x00000409   Thumb Code     0  startup_m480.o(.text)
    USBOTG20_IRQHandler                      0x00000409   Thumb Code     0  startup_m480.o(.text)
    USBOTG_IRQHandler                        0x00000409   Thumb Code     0  startup_m480.o(.text)
    USCI0_IRQHandler                         0x00000409   Thumb Code     0  startup_m480.o(.text)
    USCI1_IRQHandler                         0x00000409   Thumb Code     0  startup_m480.o(.text)
    WDT_IRQHandler                           0x00000409   Thumb Code     0  startup_m480.o(.text)
    WWDT_IRQHandler                          0x00000409   Thumb Code     0  startup_m480.o(.text)
    __user_initial_stackheap                 0x0000040d   Thumb Code    10  startup_m480.o(.text)
    CLK_DisableCKO                           0x00000441   Thumb Code    18  clk.o(.text)
    CLK_DisableModuleClock                   0x00000455   Thumb Code    36  clk.o(.text)
    CLK_EnableCKO                            0x00000479   Thumb Code    38  clk.o(.text)
    CLK_EnableModuleClock                    0x000004a1   Thumb Code    34  clk.o(.text)
    CLK_SetModuleClock                       0x000004c5   Thumb Code   158  clk.o(.text)
    CLK_PowerDown                            0x00000565   Thumb Code    50  clk.o(.text)
    CLK_Idle                                 0x00000599   Thumb Code    36  clk.o(.text)
    CLK_GetHXTFreq                           0x000005bd   Thumb Code    28  clk.o(.text)
    CLK_GetLXTFreq                           0x000005d9   Thumb Code    20  clk.o(.text)
    CLK_GetPCLK0Freq                         0x000005ed   Thumb Code   128  clk.o(.text)
    CLK_GetPCLK1Freq                         0x0000066d   Thumb Code   130  clk.o(.text)
    CLK_GetHCLKFreq                          0x000006f1   Thumb Code    18  clk.o(.text)
    CLK_GetCPUFreq                           0x00000705   Thumb Code    18  clk.o(.text)
    CLK_SetCoreClock                         0x00000719   Thumb Code   336  clk.o(.text)
    CLK_WaitClockReady                       0x00000869   Thumb Code   108  clk.o(.text)
    CLK_EnablePLL                            0x000008d5   Thumb Code  1364  clk.o(.text)
    CLK_SetHCLK                              0x00000e29   Thumb Code   168  clk.o(.text)
    CLK_SetSysTickClockSrc                   0x00000ed1   Thumb Code    20  clk.o(.text)
    CLK_EnableXtalRC                         0x00000ee5   Thumb Code    16  clk.o(.text)
    CLK_DisableXtalRC                        0x00000ef5   Thumb Code    18  clk.o(.text)
    CLK_DisablePLL                           0x00000f09   Thumb Code    18  clk.o(.text)
    CLK_GetPLLClockFreq                      0x00000f1d   Thumb Code    86  clk.o(.text)
    CLK_EnableSysTick                        0x00000f75   Thumb Code    64  clk.o(.text)
    CLK_DisableSysTick                       0x00000fb5   Thumb Code    14  clk.o(.text)
    CLK_SetPowerDownMode                     0x00000fc5   Thumb Code   168  clk.o(.text)
    CLK_EnableDPDWKPin                       0x0000106d   Thumb Code    86  clk.o(.text)
    CLK_GetPMUWKSrc                          0x000010c5   Thumb Code    12  clk.o(.text)
    CLK_EnableSPDWKPin                       0x000010d1   Thumb Code    40  clk.o(.text)
    CLK_GetModuleClockSource                 0x000010f9   Thumb Code   164  clk.o(.text)
    CLK_GetModuleClockDivider                0x000011ad   Thumb Code    84  clk.o(.text)
    _sys_exit                                0x00001211   Thumb Code     2  retarget.o(.text)
    ProcessHardFault                         0x00001215   Thumb Code   264  retarget.o(.text)
    SendChar_ToUART                          0x000013b1   Thumb Code    74  retarget.o(.text)
    SendChar                                 0x000013fd   Thumb Code    74  retarget.o(.text)
    GetChar                                  0x00001449   Thumb Code    40  retarget.o(.text)
    kbhit                                    0x00001471   Thumb Code    14  retarget.o(.text)
    IsDebugFifoEmpty                         0x00001481   Thumb Code    14  retarget.o(.text)
    _ttywrch                                 0x00001491   Thumb Code    74  retarget.o(.text)
    fputc                                    0x000014dd   Thumb Code    74  retarget.o(.text)
    fgetc                                    0x00001529   Thumb Code    40  retarget.o(.text)
    ferror                                   0x00001551   Thumb Code     6  retarget.o(.text)
    SYS_Init                                 0x00001559   Thumb Code   292  main.o(.text)
    main                                     0x0000167d   Thumb Code   148  main.o(.text)
    __use_no_semihosting                     0x00001711   Thumb Code     2  use_no_semi_2.o(.text)
    __2printf                                0x00001715   Thumb Code    20  noretval__2printf.o(.text)
    _printf_pre_padding                      0x0000172d   Thumb Code    44  _printf_pad.o(.text)
    _printf_post_padding                     0x00001759   Thumb Code    34  _printf_pad.o(.text)
    _printf_str                              0x0000177b   Thumb Code    82  _printf_str.o(.text)
    _printf_int_hex                          0x000017cd   Thumb Code    84  _printf_hex_int.o(.text)
    _printf_longlong_hex                     0x000017cd   Thumb Code     0  _printf_hex_int.o(.text)
    __printf                                 0x00001825   Thumb Code   308  __printf_flags_wp.o(.text)
    puts                                     0x0000195d   Thumb Code    40  puts.o(.text)
    __use_two_region_memory                  0x00001989   Thumb Code     2  heapauxi.o(.text)
    __rt_heap_escrow$2region                 0x0000198b   Thumb Code     2  heapauxi.o(.text)
    __rt_heap_expand$2region                 0x0000198d   Thumb Code     2  heapauxi.o(.text)
    __I$use$semihosting                      0x0000198f   Thumb Code     0  use_no_semi.o(.text)
    __use_no_semihosting_swi                 0x0000198f   Thumb Code     2  use_no_semi.o(.text)
    _printf_int_common                       0x00001991   Thumb Code   178  _printf_intcommon.o(.text)
    _printf_cs_common                        0x00001a43   Thumb Code    20  _printf_char.o(.text)
    _printf_char                             0x00001a57   Thumb Code    16  _printf_char.o(.text)
    _printf_string                           0x00001a67   Thumb Code     8  _printf_char.o(.text)
    _printf_char_file                        0x00001a71   Thumb Code    32  _printf_char_file.o(.text)
    _printf_char_common                      0x00001a9f   Thumb Code    32  _printf_char_common.o(.text)
    __user_setup_stackheap                   0x00001ac5   Thumb Code    74  sys_stackheap_outer.o(.text)
    exit                                     0x00001b0f   Thumb Code    18  exit.o(.text)
    __user_libspace                          0x00001b21   Thumb Code     8  libspace.o(.text)
    __user_perproc_libspace                  0x00001b21   Thumb Code     0  libspace.o(.text)
    __user_perthread_libspace                0x00001b21   Thumb Code     0  libspace.o(.text)
    _is_digit                                0x00001b29   Thumb Code    14  __printf_wp.o(i._is_digit)
    _fp_init                                 0x00001b37   Thumb Code    26  fpinit.o(x$fpl$fpinit)
    __fplib_config_fpu_vfp                   0x00001b4f   Thumb Code     0  fpinit.o(x$fpl$fpinit)
    __fplib_config_pureend_doubles           0x00001b4f   Thumb Code     0  fpinit.o(x$fpl$fpinit)
    Region$$Table$$Base                      0x00001c10   Number         0  anon$$obj.o(Region$$Table)
    Region$$Table$$Limit                     0x00001c30   Number         0  anon$$obj.o(Region$$Table)
    __ARM_use_no_argv                        0x20000000   Data           4  main.o(.ARM.use_no_argv)
    CyclesPerUs                              0x20000004   Data           4  system_m480.o(.data.CyclesPerUs)
    PllClock                                 0x20000008   Data           4  system_m480.o(.data.PllClock)
    SystemCoreClock                          0x2000000c   Data           4  system_m480.o(.data.SystemCoreClock)
    gau32ClkSrcTbl                           0x20000010   Data          32  system_m480.o(.data.gau32ClkSrcTbl)
    __libspace_start                         0x20000030   Data          96  libspace.o(.bss)
    __stdout                                 0x20000090   Data          84  retarget.o(.bss.__stdout)
    __temporary_stack_top$libspace           0x20000090   Data           0  libspace.o(.bss)
    g_CLK_i32ErrCode                         0x200000e4   Data           4  clk.o(.bss.g_CLK_i32ErrCode)



==============================================================================

Memory Map of the image

  Image Entry point : 0x000003a9

  Load Region LR_1 (Base: 0x00000000, Size: 0x00001c60, Max: 0xffffffff, ABSOLUTE)

    Execution Region ER_RO (Exec base: 0x00000000, Load base: 0x00000000, Size: 0x00001c30, Max: 0xffffffff, ABSOLUTE)

    Exec Addr    Load Addr    Size         Type   Attr      Idx    E Section Name        Object

    0x00000000   0x00000000   0x000001f4   Data   RO           15    RESET               startup_m480.o
    0x000001f4   0x000001f4   0x00000008   Code   RO          131  * !!!main             c_w.l(__main.o)
    0x000001fc   0x000001fc   0x0000005c   Code   RO          299    !!!scatter          c_w.l(__scatter.o)
    0x00000258   0x00000258   0x0000001a   Code   RO          303    !!handler_copy      c_w.l(__scatter_copy.o)
    0x00000272   0x00000272   0x00000002   PAD
    0x00000274   0x00000274   0x00000002   Code   RO          300    !!handler_null      c_w.l(__scatter.o)
    0x00000276   0x00000276   0x00000002   PAD
    0x00000278   0x00000278   0x0000001c   Code   RO          305    !!handler_zi        c_w.l(__scatter_zi.o)
    0x00000294   0x00000294   0x00000000   Code   RO          126    .ARM.Collect$$_printf_percent$$00000000  c_w.l(_printf_percent.o)
    0x00000294   0x00000294   0x00000006   Code   RO          125    .ARM.Collect$$_printf_percent$$0000000C  c_w.l(_printf_x.o)
    0x0000029a   0x0000029a   0x00000006   Code   RO          124    .ARM.Collect$$_printf_percent$$00000014  c_w.l(_printf_s.o)
    0x000002a0   0x000002a0   0x00000004   Code   RO          142    .ARM.Collect$$_printf_percent$$00000017  c_w.l(_printf_percent_end.o)
    0x000002a4   0x000002a4   0x00000002   Code   RO          171    .ARM.Collect$$libinit$$00000000  c_w.l(libinit.o)
    0x000002a6   0x000002a6   0x00000004   Code   RO          177    .ARM.Collect$$libinit$$00000001  c_w.l(libinit2.o)
    0x000002aa   0x000002aa   0x00000000   Code   RO          180    .ARM.Collect$$libinit$$00000004  c_w.l(libinit2.o)
    0x000002aa   0x000002aa   0x00000000   Code   RO          182    .ARM.Collect$$libinit$$00000006  c_w.l(libinit2.o)
    0x000002aa   0x000002aa   0x00000000   Code   RO          185    .ARM.Collect$$libinit$$0000000C  c_w.l(libinit2.o)
    0x000002aa   0x000002aa   0x00000000   Code   RO          187    .ARM.Collect$$libinit$$0000000E  c_w.l(libinit2.o)
    0x000002aa   0x000002aa   0x00000000   Code   RO          189    .ARM.Collect$$libinit$$00000010  c_w.l(libinit2.o)
    0x000002aa   0x000002aa   0x00000000   Code   RO          192    .ARM.Collect$$libinit$$00000013  c_w.l(libinit2.o)
    0x000002aa   0x000002aa   0x00000000   Code   RO          194    .ARM.Collect$$libinit$$00000015  c_w.l(libinit2.o)
    0x000002aa   0x000002aa   0x00000000   Code   RO          196    .ARM.Collect$$libinit$$00000017  c_w.l(libinit2.o)
    0x000002aa   0x000002aa   0x00000000   Code   RO          198    .ARM.Collect$$libinit$$00000019  c_w.l(libinit2.o)
    0x000002aa   0x000002aa   0x00000000   Code   RO          200    .ARM.Collect$$libinit$$0000001B  c_w.l(libinit2.o)
    0x000002aa   0x000002aa   0x00000000   Code   RO          202    .ARM.Collect$$libinit$$0000001D  c_w.l(libinit2.o)
    0x000002aa   0x000002aa   0x00000000   Code   RO          204    .ARM.Collect$$libinit$$0000001F  c_w.l(libinit2.o)
    0x000002aa   0x000002aa   0x00000000   Code   RO          206    .ARM.Collect$$libinit$$00000021  c_w.l(libinit2.o)
    0x000002aa   0x000002aa   0x00000000   Code   RO          208    .ARM.Collect$$libinit$$00000023  c_w.l(libinit2.o)
    0x000002aa   0x000002aa   0x00000000   Code   RO          210    .ARM.Collect$$libinit$$00000025  c_w.l(libinit2.o)
    0x000002aa   0x000002aa   0x00000000   Code   RO          212    .ARM.Collect$$libinit$$00000027  c_w.l(libinit2.o)
    0x000002aa   0x000002aa   0x00000000   Code   RO          216    .ARM.Collect$$libinit$$0000002E  c_w.l(libinit2.o)
    0x000002aa   0x000002aa   0x00000000   Code   RO          218    .ARM.Collect$$libinit$$00000030  c_w.l(libinit2.o)
    0x000002aa   0x000002aa   0x00000000   Code   RO          220    .ARM.Collect$$libinit$$00000032  c_w.l(libinit2.o)
    0x000002aa   0x000002aa   0x00000000   Code   RO          222    .ARM.Collect$$libinit$$00000034  c_w.l(libinit2.o)
    0x000002aa   0x000002aa   0x00000002   Code   RO          223    .ARM.Collect$$libinit$$00000035  c_w.l(libinit2.o)
    0x000002ac   0x000002ac   0x00000002   Code   RO          241    .ARM.Collect$$libshutdown$$00000000  c_w.l(libshutdown.o)
    0x000002ae   0x000002ae   0x00000000   Code   RO          253    .ARM.Collect$$libshutdown$$00000002  c_w.l(libshutdown2.o)
    0x000002ae   0x000002ae   0x00000000   Code   RO          255    .ARM.Collect$$libshutdown$$00000004  c_w.l(libshutdown2.o)
    0x000002ae   0x000002ae   0x00000000   Code   RO          258    .ARM.Collect$$libshutdown$$00000007  c_w.l(libshutdown2.o)
    0x000002ae   0x000002ae   0x00000000   Code   RO          261    .ARM.Collect$$libshutdown$$0000000A  c_w.l(libshutdown2.o)
    0x000002ae   0x000002ae   0x00000000   Code   RO          263    .ARM.Collect$$libshutdown$$0000000C  c_w.l(libshutdown2.o)
    0x000002ae   0x000002ae   0x00000000   Code   RO          266    .ARM.Collect$$libshutdown$$0000000F  c_w.l(libshutdown2.o)
    0x000002ae   0x000002ae   0x00000002   Code   RO          267    .ARM.Collect$$libshutdown$$00000010  c_w.l(libshutdown2.o)
    0x000002b0   0x000002b0   0x00000000   Code   RO          135    .ARM.Collect$$rtentry$$00000000  c_w.l(__rtentry.o)
    0x000002b0   0x000002b0   0x00000000   Code   RO          144    .ARM.Collect$$rtentry$$00000002  c_w.l(__rtentry2.o)
    0x000002b0   0x000002b0   0x00000006   Code   RO          156    .ARM.Collect$$rtentry$$00000004  c_w.l(__rtentry4.o)
    0x000002b6   0x000002b6   0x00000000   Code   RO          146    .ARM.Collect$$rtentry$$00000009  c_w.l(__rtentry2.o)
    0x000002b6   0x000002b6   0x00000004   Code   RO          147    .ARM.Collect$$rtentry$$0000000A  c_w.l(__rtentry2.o)
    0x000002ba   0x000002ba   0x00000000   Code   RO          149    .ARM.Collect$$rtentry$$0000000C  c_w.l(__rtentry2.o)
    0x000002ba   0x000002ba   0x00000008   Code   RO          150    .ARM.Collect$$rtentry$$0000000D  c_w.l(__rtentry2.o)
    0x000002c2   0x000002c2   0x00000002   Code   RO          175    .ARM.Collect$$rtexit$$00000000  c_w.l(rtexit.o)
    0x000002c4   0x000002c4   0x00000000   Code   RO          225    .ARM.Collect$$rtexit$$00000002  c_w.l(rtexit2.o)
    0x000002c4   0x000002c4   0x00000004   Code   RO          226    .ARM.Collect$$rtexit$$00000003  c_w.l(rtexit2.o)
    0x000002c8   0x000002c8   0x00000006   Code   RO          227    .ARM.Collect$$rtexit$$00000004  c_w.l(rtexit2.o)
    0x000002ce   0x000002ce   0x00000002   PAD
    0x000002d0   0x000002d0   0x000000d8   Code   RO            1    .text               system_m480.o
    0x000003a8   0x000003a8   0x00000098   Code   RO           16  * .text               startup_m480.o
    0x00000440   0x00000440   0x00000dd0   Code   RO           22    .text               clk.o
    0x00001210   0x00001210   0x00000346   Code   RO           41    .text               retarget.o
    0x00001556   0x00001556   0x00000002   PAD
    0x00001558   0x00001558   0x000001b8   Code   RO           61    .text               main.o
    0x00001710   0x00001710   0x00000002   Code   RO           71    .text               c_w.l(use_no_semi_2.o)
    0x00001712   0x00001712   0x00000002   PAD
    0x00001714   0x00001714   0x00000018   Code   RO           75    .text               c_w.l(noretval__2printf.o)
    0x0000172c   0x0000172c   0x0000004e   Code   RO           79    .text               c_w.l(_printf_pad.o)
    0x0000177a   0x0000177a   0x00000052   Code   RO           81    .text               c_w.l(_printf_str.o)
    0x000017cc   0x000017cc   0x00000058   Code   RO           86    .text               c_w.l(_printf_hex_int.o)
    0x00001824   0x00001824   0x00000138   Code   RO          116    .text               c_w.l(__printf_flags_wp.o)
    0x0000195c   0x0000195c   0x0000002c   Code   RO          127    .text               c_w.l(puts.o)
    0x00001988   0x00001988   0x00000006   Code   RO          129    .text               c_w.l(heapauxi.o)
    0x0000198e   0x0000198e   0x00000002   Code   RO          133    .text               c_w.l(use_no_semi.o)
    0x00001990   0x00001990   0x000000b2   Code   RO          136    .text               c_w.l(_printf_intcommon.o)
    0x00001a42   0x00001a42   0x0000002c   Code   RO          138    .text               c_w.l(_printf_char.o)
    0x00001a6e   0x00001a6e   0x00000002   PAD
    0x00001a70   0x00001a70   0x00000024   Code   RO          140    .text               c_w.l(_printf_char_file.o)
    0x00001a94   0x00001a94   0x00000030   Code   RO          158    .text               c_w.l(_printf_char_common.o)
    0x00001ac4   0x00001ac4   0x0000004a   Code   RO          160    .text               c_w.l(sys_stackheap_outer.o)
    0x00001b0e   0x00001b0e   0x00000012   Code   RO          164    .text               c_w.l(exit.o)
    0x00001b20   0x00001b20   0x00000008   Code   RO          172    .text               c_w.l(libspace.o)
    0x00001b28   0x00001b28   0x0000000e   Code   RO          114    i._is_digit         c_w.l(__printf_wp.o)
    0x00001b36   0x00001b36   0x0000001a   Code   RO          233    x$fpl$fpinit        fz_wm.l(fpinit.o)
    0x00001b50   0x00001b50   0x00000028   Data   RO           87    .constdata          c_w.l(_printf_hex_int.o)
    0x00001b78   0x00001b78   0x00000011   Data   RO          117    .constdata          c_w.l(__printf_flags_wp.o)
    0x00001b89   0x00001b89   0x00000004   Data   RO           25    .rodata.cst4        clk.o
    0x00001b8d   0x00001b8d   0x00000083   Data   RO           43    .rodata.str1.1      retarget.o
    0x00001c10   0x00001c10   0x00000020   Data   RO          298    Region$$Table       anon$$obj.o


    Execution Region ER_RW (Exec base: 0x20000000, Load base: 0x00001c30, Size: 0x00000030, Max: 0xffffffff, ABSOLUTE)

    Exec Addr    Load Addr    Size         Type   Attr      Idx    E Section Name        Object

    0x20000000   0x00001c30   0x00000004   Data   RW           63    .ARM.use_no_argv    main.o
    0x20000004   0x00001c34   0x00000004   Data   RW            4    .data.CyclesPerUs   system_m480.o
    0x20000008   0x00001c38   0x00000004   Data   RW            5    .data.PllClock      system_m480.o
    0x2000000c   0x00001c3c   0x00000004   Data   RW            3    .data.SystemCoreClock  system_m480.o
    0x20000010   0x00001c40   0x00000020   Data   RW            6    .data.gau32ClkSrcTbl  system_m480.o


    Execution Region ER_ZI (Exec base: 0x20000030, Load base: 0x00001c60, Size: 0x000009b8, Max: 0xffffffff, ABSOLUTE)

    Exec Addr    Load Addr    Size         Type   Attr      Idx    E Section Name        Object

    0x20000030        -       0x00000060   Zero   RW          173    .bss                c_w.l(libspace.o)
    0x20000090        -       0x00000054   Zero   RW           44    .bss.__stdout       retarget.o
    0x200000e4        -       0x00000004   Zero   RW           24    .bss.g_CLK_i32ErrCode  clk.o
    0x200000e8        -       0x00000100   Zero   RW           14    HEAP                startup_m480.o
    0x200001e8        -       0x00000800   Zero   RW           13    STACK               startup_m480.o


==============================================================================

Image component sizes


      Code (inc. data)   RO Data    RW Data    ZI Data      Debug   Object Name

      3536         32          4          0          4      16041   clk.o
       440          0          0          4          0       4090   main.o
       838        148        131          0         84       4422   retarget.o
       152         44        500          0       2304       1004   startup_m480.o
       216          0          0         44          0       4248   system_m480.o

    ----------------------------------------------------------------------
      5184        224        667         48       2392      29805   Object Totals
         0          0         32          0          0          0   (incl. Generated)
         2          0          0          0          0          0   (incl. Padding)

    ----------------------------------------------------------------------

      Code (inc. data)   RO Data    RW Data    ZI Data      Debug   Library Member Name

         8          0          0          0          0         68   __main.o
       312          4         17          0          0         92   __printf_flags_wp.o
        14          0          0          0          0         68   __printf_wp.o
         0          0          0          0          0          0   __rtentry.o
        12          0          0          0          0          0   __rtentry2.o
         6          0          0          0          0          0   __rtentry4.o
        94          8          0          0          0          0   __scatter.o
        26          0          0          0          0          0   __scatter_copy.o
        28          0          0          0          0          0   __scatter_zi.o
        44          0          0          0          0        108   _printf_char.o
        48          6          0          0          0         96   _printf_char_common.o
        36          4          0          0          0         80   _printf_char_file.o
        88          4         40          0          0         88   _printf_hex_int.o
       178          0          0          0          0         88   _printf_intcommon.o
        78          0          0          0          0        108   _printf_pad.o
         0          0          0          0          0          0   _printf_percent.o
         4          0          0          0          0          0   _printf_percent_end.o
         6          0          0          0          0          0   _printf_s.o
        82          0          0          0          0         80   _printf_str.o
         6          0          0          0          0          0   _printf_x.o
        18          0          0          0          0         80   exit.o
         6          0          0          0          0        152   heapauxi.o
         2          0          0          0          0          0   libinit.o
         6          0          0          0          0          0   libinit2.o
         2          0          0          0          0          0   libshutdown.o
         2          0          0          0          0          0   libshutdown2.o
         8          4          0          0         96         68   libspace.o
        24          4          0          0          0         84   noretval__2printf.o
        44          4          0          0          0         84   puts.o
         2          0          0          0          0          0   rtexit.o
        10          0          0          0          0          0   rtexit2.o
        74          0          0          0          0         80   sys_stackheap_outer.o
         2          0          0          0          0         68   use_no_semi.o
         2          0          0          0          0         68   use_no_semi_2.o
        26          0          0          0          0        116   fpinit.o

    ----------------------------------------------------------------------
      1308         38         57          0         96       1676   Library Totals
        10          0          0          0          0          0   (incl. Padding)

    ----------------------------------------------------------------------

      Code (inc. data)   RO Data    RW Data    ZI Data      Debug   Library Name

      1272         38         57          0         96       1560   c_w.l
        26          0          0          0          0        116   fz_wm.l

    ----------------------------------------------------------------------
      1308         38         57          0         96       1676   Library Totals

    ----------------------------------------------------------------------

==============================================================================


      Code (inc. data)   RO Data    RW Data    ZI Data      Debug   

      6492        262        724         48       2488      30761   Grand Totals
      6492        262        724         48       2488      30761   ELF Image Totals
      6492        262        724         48          0          0   ROM Totals

==============================================================================

    Total RO  Size (Code + RO Data)                 7216 (   7.05kB)
    Total RW  Size (RW Data + ZI Data)              2536 (   2.48kB)
    Total ROM Size (Code + RO Data + RW Data)       7264 (   7.09kB)

==============================================================================

