<html>
<body>
<pre>
<h1>µVision Build Log</h1>
<h2>Tool Versions:</h2>
IDE-Version: µVision V5.41.0.0
Copyright (C) 2024 ARM Ltd and ARM Germany GmbH. All rights reserved.
License Information: Bach Luong
RMIT Vietnam
User-based license: Keil MDK Nuvoton Edition - Full Cortex-M
Valid until: Sep 27 2034. Cached until: Jul 17 2025
 
Tool Versions:
Toolchain:       Keil MDK Nuvoton Edition - Full Cortex-M  Version: 5.41.0.0
Toolchain Path:  C:\Users\Admin\AppData\Local\Keil_v5\ARM\ARMCLANG\Bin
C Compiler:      ArmClang.exe V6.22
Assembler:       Armasm.exe V6.22
Linker/Locator:  ArmLink.exe V6.22
Library Manager: ArmAr.exe V6.22
Hex Converter:   FromElf.exe V6.22
CPU DLL:         SARMCM3.DLL V5.41.0.0
Dialog DLL:      DARMCM1.DLL V1.19.6.0
Target DLL:      Nu_Link.dll V3.18
Dialog DLL:      TARMCM1.DLL V1.14.6.0
 
<h2>Project:</h2>
C:\Users\Admin\Downloads\Embedded System Design and Implementation\EEET2481_Tutorial_1_LED_Sweep\Tutorial_1_LED_Sweep.uvproj
Project File Date:  01/25/2025

<h2>Output:</h2>
*** Using Compiler 'V6.22', folder: 'C:\Users\Admin\AppData\Local\Keil_v5\ARM\ARMCLANG\Bin'
Build target 'Tutorial_1_LED_Sweep'
creating preprocessor file for main.c...
creating preprocessor file for system_M480.c...
creating preprocessor file for gpio.c...
creating preprocessor file for sys.c...
creating preprocessor file for clk.c...
creating preprocessor file for retarget.c...
creating list file for main.c...
compiling main.c...
linking...
Program Size: Code=6492 RO-data=724 RW-data=48 ZI-data=2488  
After Build - User command #1: fromelf --bin ".\obj\Tutorial_1_LED_Sweep.axf" --output ".\obj\Tutorial_1_LED_Sweep.bin"
After Build - User command #2: fromelf --text -c ".\obj\Tutorial_1_LED_Sweep.axf" --output ".\obj\Tutorial_1_LED_Sweep.txt"
".\obj\Tutorial_1_LED_Sweep.axf" - 0 Error(s), 0 Warning(s).
Build Time Elapsed:  00:00:02
</pre>
</body>
</html>
